<html>
<body>
<pre>
<h1>礦ision Build Log</h1>
<h2>Tool Versions:</h2>
IDE-Version: μVision V5.20.0.0
Copyright (C) 2016 ARM Ltd and ARM Germany GmbH. All rights reserved.
License Information: dwgl CCPC, Microsoft, LIC=IC9TG-VIXA5-BVB1G-V8373-DJACT-0A63F
 
Tool Versions:
Toolchain:       MDK-ARM Professional  Version: 5.20
Toolchain Path:  C:\Keil_v5\ARM\ARMCC\Bin
C Compiler:      Armcc.exe V5.06 update 2 (build 183)
Assembler:       Armasm.exe V5.06 update 2 (build 183)
Linker/Locator:  ArmLink.exe V5.06 update 2 (build 183)
Library Manager: ArmAr.exe V5.06 update 2 (build 183)
Hex Converter:   FromElf.exe V5.06 update 2 (build 183)
CPU DLL:         SARMCM3.DLL V5.20
Dialog DLL:      DCM.DLL V1.13.7.0
Target DLL:      Segger\JL2CM3.dll V2.99.20.0
Dialog DLL:      TCM.DLL V1.14.9.0
 
<h2>Project:</h2>
E:\CCKJ\微充项目\CHARGE_f429_V2.1文件系统\Project\RVMDK(uv5)\BH-F429.uvprojx
Project File Date:  01/06/2018

<h2>Output:</h2>
*** Using Compiler 'V5.06 update 2 (build 183)', folder: 'C:\Keil_v5\ARM\ARMCC\Bin'
Rebuild target 'LwIP'
assembling startup_stm32f429_439xx.s...
compiling system_stm32f4xx.c...
compiling misc.c...
compiling stm32f4xx_adc.c...
compiling stm32f4xx_cec.c...
compiling stm32f4xx_can.c...
compiling stm32f4xx_crc.c...
compiling stm32f4xx_cryp_aes.c...
compiling stm32f4xx_cryp.c...
compiling stm32f4xx_cryp_des.c...
compiling stm32f4xx_dbgmcu.c...
compiling stm32f4xx_cryp_tdes.c...
compiling stm32f4xx_dac.c...
compiling stm32f4xx_dcmi.c...
compiling stm32f4xx_dma2d.c...
compiling stm32f4xx_dma.c...
compiling stm32f4xx_exti.c...
compiling stm32f4xx_flash_ramfunc.c...
compiling stm32f4xx_fmpi2c.c...
compiling stm32f4xx_flash.c...
compiling stm32f4xx_hash.c...
compiling stm32f4xx_gpio.c...
compiling stm32f4xx_hash_md5.c...
compiling stm32f4xx_hash_sha1.c...
compiling stm32f4xx_iwdg.c...
compiling stm32f4xx_ltdc.c...
compiling stm32f4xx_i2c.c...
compiling stm32f4xx_qspi.c...
compiling stm32f4xx_pwr.c...
compiling stm32f4xx_rcc.c...
compiling stm32f4xx_rng.c...
compiling stm32f4xx_rtc.c...
compiling stm32f4xx_sai.c...
compiling stm32f4xx_sdio.c...
compiling stm32f4xx_spdifrx.c...
compiling stm32f4xx_spi.c...
compiling stm32f4xx_syscfg.c...
compiling stm32f4xx_tim.c...
compiling stm32f4xx_usart.c...
compiling stm32f4xx_wwdg.c...
compiling main.c...
compiling stm32f4xx_fmc.c...
compiling stm32f4xx_it.c...
compiling netconf.c...
compiling dwgl_global.c...
..\..\USER\dwgl_function.h(139): warning:  #231-D: declaration is not visible outside of function
  extern err_t http_url_select(struct http_msee *HttpM);
..\..\USER\dwgl_global.c: 1 warning, 0 errors
compiling dwgl_WB_LCD.c...
compiling dwgl_bsp_gpio.c...
compiling dwgl_function.c...
..\..\USER\dwgl_function.c(121): warning:  #550-D: variable "EN" was set but never used
  	u16 i,EN,len;
..\..\USER\dwgl_function.c(270): warning:  #550-D: variable "EN" was set but never used
  	u16 EN;
..\..\USER\dwgl_function.c(1122): warning:  #177-D: variable "i" was declared but never referenced
  	u16 i;
..\..\USER\dwgl_function.c: 3 warnings, 0 errors
compiling AsciiLib_65k.c...
compiling bsp_adc.c...
compiling HzLib_65k.c...
compiling dwgl_tim.c...
compiling dwgl_tft.c...
compiling bsp_spi_flash.c...
compiling dwgl_memp.c...
compiling tcp_demo.c...
compiling udp_demo.c...
compiling bsp_debug_usart.c...
compiling dwgl_fat.c...
compiling bsp_key.c...
compiling bsp_led.c...
compiling bsp_SysTick.c...
compiling stm32f429_eth.c...
compiling api_lib.c...
compiling api_msg.c...
compiling err.c...
compiling netbuf.c...
compiling netdb.c...
compiling netifapi.c...
compiling stm32f429_phy.c...
compiling sockets.c...
compiling bsp_sdio_sd.c...
compiling tcpip.c...
compiling autoip.c...
compiling icmp.c...
compiling inet.c...
compiling inet_chksum.c...
compiling igmp.c...
compiling ip_addr.c...
compiling ip.c...
compiling dhcp.c...
compiling ip_frag.c...
compiling def.c...
compiling init.c...
compiling mem.c...
compiling dns.c...
compiling pbuf.c...
compiling netif.c...
compiling memp.c...
..\..\USER\lwip-1.4.1\src\core\memp.c(432): warning:  #550-D: variable "j" was set but never used
  		int j=0;
..\..\USER\lwip-1.4.1\src\core\memp.c: 1 warning, 0 errors
compiling raw.c...
compiling stats.c...
compiling sys.c...
compiling tcp_in.c...
compiling tcp.c...
..\..\USER\lwip-1.4.1\src\core\tcp.c(1327): warning:  #550-D: variable "go_en" was set but never used
  	u8_t go_en=0;
..\..\USER\lwip-1.4.1\src\core\tcp.c(1329): warning:  #177-D: label "tcp_pcb_new" was declared but never referenced
  	tcp_pcb_new:		
..\..\USER\lwip-1.4.1\src\core\tcp.c: 2 warnings, 0 errors
compiling tcp_out.c...
..\..\USER\lwip-1.4.1\src\core\tcp_out.c(845): warning:  #550-D: variable "tcphdr" was set but never used
    struct tcp_hdr *tcphdr;
..\..\USER\lwip-1.4.1\src\core\tcp_out.c(1367): warning:  #550-D: variable "tcphdr" was set but never used
    struct tcp_hdr *tcphdr;
..\..\USER\lwip-1.4.1\src\core\tcp_out.c: 2 warnings, 0 errors
compiling udp.c...
compiling etharp.c...
compiling timers.c...
compiling ff.c...
compiling ccsbcs.c...
compiling ethernetif.c...
compiling diskio.c...
linking...
Program Size: Code=90858 RO-data=221510 RW-data=4772 ZI-data=106836  
FromELF: creating hex file...
"..\..\Output\TouchPad.axf" - 0 Error(s), 9 Warning(s).

<h2>Collection of Component include folders:</h2>
  E:\CCKJ\微充项目\CHARGE_f429_V2.1文件系统\Project\RVMDK(uv5)\RTE
  C:\Keil_v5\ARM\PACK\Keil\STM32F4xx_DFP\2.11.0\Drivers\CMSIS\Device\ST\STM32F4xx\Include

<h2>Collection of Component Files used:</h2>
Build Time Elapsed:  00:01:01
</pre>
</body>
</html>
