Component: ARM Compiler 5.06 update 2 (build 183) Tool: armlink [4d35b7]

==============================================================================

Section Cross References

    startup_stm32f429_439xx.o(RESET) refers to startup_stm32f429_439xx.o(STACK) for __initial_sp
    startup_stm32f429_439xx.o(RESET) refers to startup_stm32f429_439xx.o(.text) for Reset_Handler
    startup_stm32f429_439xx.o(RESET) refers to stm32f4xx_it.o(i.NMI_Handler) for NMI_Handler
    startup_stm32f429_439xx.o(RESET) refers to stm32f4xx_it.o(i.HardFault_Handler) for HardFault_Handler
    startup_stm32f429_439xx.o(RESET) refers to stm32f4xx_it.o(i.MemManage_Handler) for MemManage_Handler
    startup_stm32f429_439xx.o(RESET) refers to stm32f4xx_it.o(i.BusFault_Handler) for BusFault_Handler
    startup_stm32f429_439xx.o(RESET) refers to stm32f4xx_it.o(i.UsageFault_Handler) for UsageFault_Handler
    startup_stm32f429_439xx.o(RESET) refers to stm32f4xx_it.o(i.SVC_Handler) for SVC_Handler
    startup_stm32f429_439xx.o(RESET) refers to stm32f4xx_it.o(i.DebugMon_Handler) for DebugMon_Handler
    startup_stm32f429_439xx.o(RESET) refers to stm32f4xx_it.o(i.PendSV_Handler) for PendSV_Handler
    startup_stm32f429_439xx.o(RESET) refers to stm32f4xx_it.o(i.SysTick_Handler) for SysTick_Handler
    startup_stm32f429_439xx.o(RESET) refers to bsp_adc.o(i.ADC_IRQHandler) for ADC_IRQHandler
    startup_stm32f429_439xx.o(RESET) refers to dwgl_tim.o(i.TIM3_IRQHandler) for TIM3_IRQHandler
    startup_stm32f429_439xx.o(RESET) refers to bsp_sdio_sd.o(i.SDIO_IRQHandler) for SDIO_IRQHandler
    startup_stm32f429_439xx.o(RESET) refers to bsp_sdio_sd.o(i.DMA2_Stream3_IRQHandler) for DMA2_Stream3_IRQHandler
    startup_stm32f429_439xx.o(.text) refers to system_stm32f4xx.o(i.SystemInit) for SystemInit
    startup_stm32f429_439xx.o(.text) refers to entry.o(.ARM.Collect$$$$00000000) for __main
    system_stm32f4xx.o(i.SystemCoreClockUpdate) refers to system_stm32f4xx.o(.data) for SystemCoreClock
    system_stm32f4xx.o(i.SystemInit) refers to system_stm32f4xx.o(i.SetSysClock) for SetSysClock
    stm32f4xx_adc.o(i.ADC_DeInit) refers to stm32f4xx_rcc.o(i.RCC_APB2PeriphResetCmd) for RCC_APB2PeriphResetCmd
    stm32f4xx_can.o(i.CAN_DeInit) refers to stm32f4xx_rcc.o(i.RCC_APB1PeriphResetCmd) for RCC_APB1PeriphResetCmd
    stm32f4xx_can.o(i.CAN_GetITStatus) refers to stm32f4xx_can.o(i.CheckITStatus) for CheckITStatus
    stm32f4xx_cryp.o(i.CRYP_DeInit) refers to stm32f4xx_rcc.o(i.RCC_AHB2PeriphResetCmd) for RCC_AHB2PeriphResetCmd
    stm32f4xx_cryp_aes.o(i.CRYP_AES_CBC) refers to stm32f4xx_cryp.o(i.CRYP_KeyStructInit) for CRYP_KeyStructInit
    stm32f4xx_cryp_aes.o(i.CRYP_AES_CBC) refers to stm32f4xx_cryp.o(i.CRYP_FIFOFlush) for CRYP_FIFOFlush
    stm32f4xx_cryp_aes.o(i.CRYP_AES_CBC) refers to stm32f4xx_cryp.o(i.CRYP_Init) for CRYP_Init
    stm32f4xx_cryp_aes.o(i.CRYP_AES_CBC) refers to stm32f4xx_cryp.o(i.CRYP_KeyInit) for CRYP_KeyInit
    stm32f4xx_cryp_aes.o(i.CRYP_AES_CBC) refers to stm32f4xx_cryp.o(i.CRYP_Cmd) for CRYP_Cmd
    stm32f4xx_cryp_aes.o(i.CRYP_AES_CBC) refers to stm32f4xx_cryp.o(i.CRYP_GetFlagStatus) for CRYP_GetFlagStatus
    stm32f4xx_cryp_aes.o(i.CRYP_AES_CBC) refers to stm32f4xx_cryp.o(i.CRYP_IVInit) for CRYP_IVInit
    stm32f4xx_cryp_aes.o(i.CRYP_AES_CBC) refers to stm32f4xx_cryp.o(i.CRYP_GetCmdStatus) for CRYP_GetCmdStatus
    stm32f4xx_cryp_aes.o(i.CRYP_AES_CBC) refers to stm32f4xx_cryp.o(i.CRYP_DataIn) for CRYP_DataIn
    stm32f4xx_cryp_aes.o(i.CRYP_AES_CBC) refers to stm32f4xx_cryp.o(i.CRYP_DataOut) for CRYP_DataOut
    stm32f4xx_cryp_aes.o(i.CRYP_AES_CCM) refers to stm32f4xx_cryp.o(i.CRYP_KeyStructInit) for CRYP_KeyStructInit
    stm32f4xx_cryp_aes.o(i.CRYP_AES_CCM) refers to stm32f4xx_cryp.o(i.CRYP_FIFOFlush) for CRYP_FIFOFlush
    stm32f4xx_cryp_aes.o(i.CRYP_AES_CCM) refers to stm32f4xx_cryp.o(i.CRYP_KeyInit) for CRYP_KeyInit
    stm32f4xx_cryp_aes.o(i.CRYP_AES_CCM) refers to stm32f4xx_cryp.o(i.CRYP_IVInit) for CRYP_IVInit
    stm32f4xx_cryp_aes.o(i.CRYP_AES_CCM) refers to stm32f4xx_cryp.o(i.CRYP_Init) for CRYP_Init
    stm32f4xx_cryp_aes.o(i.CRYP_AES_CCM) refers to stm32f4xx_cryp.o(i.CRYP_PhaseConfig) for CRYP_PhaseConfig
    stm32f4xx_cryp_aes.o(i.CRYP_AES_CCM) refers to stm32f4xx_cryp.o(i.CRYP_DataIn) for CRYP_DataIn
    stm32f4xx_cryp_aes.o(i.CRYP_AES_CCM) refers to stm32f4xx_cryp.o(i.CRYP_Cmd) for CRYP_Cmd
    stm32f4xx_cryp_aes.o(i.CRYP_AES_CCM) refers to stm32f4xx_cryp.o(i.CRYP_GetCmdStatus) for CRYP_GetCmdStatus
    stm32f4xx_cryp_aes.o(i.CRYP_AES_CCM) refers to stm32f4xx_cryp.o(i.CRYP_GetFlagStatus) for CRYP_GetFlagStatus
    stm32f4xx_cryp_aes.o(i.CRYP_AES_CCM) refers to stm32f4xx_cryp.o(i.CRYP_DataOut) for CRYP_DataOut
    stm32f4xx_cryp_aes.o(i.CRYP_AES_CTR) refers to stm32f4xx_cryp.o(i.CRYP_KeyStructInit) for CRYP_KeyStructInit
    stm32f4xx_cryp_aes.o(i.CRYP_AES_CTR) refers to stm32f4xx_cryp.o(i.CRYP_KeyInit) for CRYP_KeyInit
    stm32f4xx_cryp_aes.o(i.CRYP_AES_CTR) refers to stm32f4xx_cryp.o(i.CRYP_Init) for CRYP_Init
[...]
    dwgl_hex_send                            0x0800a125   Thumb Code   130  dwgl_function.o(i.dwgl_hex_send)
    etharp_cleanup_netif                     0x0800a2b9   Thumb Code    52  etharp.o(i.etharp_cleanup_netif)
    etharp_output                            0x0800a491   Thumb Code   314  etharp.o(i.etharp_output)
    etharp_query                             0x0800a645   Thumb Code   338  etharp.o(i.etharp_query)
    etharp_request                           0x0800a855   Thumb Code    36  etharp.o(i.etharp_request)
    etharp_tmr                               0x0800a8b9   Thumb Code   136  etharp.o(i.etharp_tmr)
    ethernet_input                           0x0800a9fd   Thumb Code   178  etharp.o(i.ethernet_input)
    ethernetif_init                          0x0800aab5   Thumb Code    38  ethernetif.o(i.ethernetif_init)
    ethernetif_input                         0x0800aae5   Thumb Code    42  ethernetif.o(i.ethernetif_input)
    f_close                                  0x0800ab0f   Thumb Code    32  ff.o(i.f_close)
    f_lseek                                  0x0800ab2f   Thumb Code   410  ff.o(i.f_lseek)
    f_mkdir                                  0x0800acc9   Thumb Code   358  ff.o(i.f_mkdir)
    f_mkfs                                   0x0800ae31   Thumb Code  1622  ff.o(i.f_mkfs)
    f_mount                                  0x0800b4b5   Thumb Code    86  ff.o(i.f_mount)
    f_open                                   0x0800b511   Thumb Code   382  ff.o(i.f_open)
    f_read                                   0x0800b68f   Thumb Code   464  ff.o(i.f_read)
    f_sync                                   0x0800b85f   Thumb Code   176  ff.o(i.f_sync)
    f_write                                  0x0800b90f   Thumb Code   524  ff.o(i.f_write)
    ff_convert                               0x0800bb1d   Thumb Code    70  ccsbcs.o(i.ff_convert)
    ff_wtoupper                              0x0800bb69   Thumb Code    84  ccsbcs.o(i.ff_wtoupper)
    fputc                                    0x0800c0ad   Thumb Code    32  bsp_debug_usart.o(i.fputc)
    free                                     0x0800c0d1   Thumb Code    76  malloc.o(i.free)
    get_fat                                  0x0800c1d5   Thumb Code   318  ff.o(i.get_fat)
    get_fattime                              0x0800c315   Thumb Code     4  diskio.o(i.get_fattime)
    get_input_dns                            0x0800c31d   Thumb Code   104  udp_demo.o(i.get_input_dns)
    http_url_select                          0x0800c3fd   Thumb Code   504  dwgl_function.o(i.http_url_select)
    icmp_dest_unreach                        0x0800c63d   Thumb Code    18  icmp.o(i.icmp_dest_unreach)
    icmp_input                               0x0800c651   Thumb Code   340  icmp.o(i.icmp_input)
    icmp_time_exceeded                       0x0800c81d   Thumb Code    18  icmp.o(i.icmp_time_exceeded)
    inet_chksum                              0x0800c82f   Thumb Code    20  inet_chksum.o(i.inet_chksum)
    inet_chksum_pbuf                         0x0800c843   Thumb Code    86  inet_chksum.o(i.inet_chksum_pbuf)
    ip4_addr_isbroadcast                     0x0800c899   Thumb Code    78  ip_addr.o(i.ip4_addr_isbroadcast)
    ip_frag                                  0x0800c8e9   Thumb Code   424  ip_frag.o(i.ip_frag)
    ip_input                                 0x0800cab1   Thumb Code   420  ip.o(i.ip_input)
    ip_output                                0x0800cc69   Thumb Code    56  ip.o(i.ip_output)
    ip_output_if                             0x0800cca1   Thumb Code   192  ip.o(i.ip_output_if)
    ip_reass                                 0x0800cd65   Thumb Code   386  ip_frag.o(i.ip_reass)
    ip_route                                 0x0800d1f1   Thumb Code    76  ip.o(i.ip_route)
    ipaddr_addr                              0x0800d245   Thumb Code    24  ip_addr.o(i.ipaddr_addr)
    ipaddr_aton                              0x0800d25d   Thumb Code   348  ip_addr.o(i.ipaddr_aton)
    key_task                                 0x0800d3d9   Thumb Code   944  dwgl_function.o(i.key_task)
    lwip_default_ip_set                      0x0800db19   Thumb Code   438  netconf.o(i.lwip_default_ip_set)
    lwip_htonl                               0x0800dce5   Thumb Code    26  def.o(i.lwip_htonl)
    lwip_htons                               0x0800dcff   Thumb Code    12  def.o(i.lwip_htons)
    lwip_ntohl                               0x0800dd0b   Thumb Code    12  def.o(i.lwip_ntohl)
    lwip_ntohs                               0x0800dd17   Thumb Code    12  def.o(i.lwip_ntohs)
    main                                     0x0800dd81   Thumb Code   654  main.o(i.main)
    make_area1_get                           0x0800e14d   Thumb Code   746  dwgl_function.o(i.make_area1_get)
    make_area2_get                           0x0800e531   Thumb Code   544  dwgl_function.o(i.make_area2_get)
    make_device_mess                         0x0800e7dd   Thumb Code   168  dwgl_function.o(i.make_device_mess)
    make_http_InitSoket                      0x0800e8ad   Thumb Code   520  dwgl_function.o(i.make_http_InitSoket)
    make_http_get                            0x0800ebd1   Thumb Code   342  dwgl_function.o(i.make_http_get)
    make_http_mess                           0x0800edd9   Thumb Code   408  dwgl_function.o(i.make_http_mess)
    make_http_post                           0x0800f085   Thumb Code   428  dwgl_function.o(i.make_http_post)
    make_soket_10000                         0x0800f325   Thumb Code   348  dwgl_function.o(i.make_soket_10000)
    make_soket_10001                         0x0800f485   Thumb Code   298  dwgl_function.o(i.make_soket_10001)
    make_soket_10004                         0x0800f5b5   Thumb Code   548  dwgl_function.o(i.make_soket_10004)
    make_soket_10006                         0x0800f825   Thumb Code   556  dwgl_function.o(i.make_soket_10006)
    make_soket_mess                          0x0800fa9d   Thumb Code   140  dwgl_function.o(i.make_soket_mess)
    make_soket_rxok                          0x0800fb45   Thumb Code   100  dwgl_function.o(i.make_soket_rxok)
    make_udpdebug_mess                       0x0800fbb1   Thumb Code    28  dwgl_function.o(i.make_udpdebug_mess)
    malloc                                   0x0800fbd1   Thumb Code    92  malloc.o(i.malloc)
    mem_free                                 0x0800fc7d   Thumb Code    68  mem.o(i.mem_free)
    mem_init                                 0x0800fccd   Thumb Code    74  mem.o(i.mem_init)
    mem_malloc                               0x0800fd29   Thumb Code   222  mem.o(i.mem_malloc)
    mem_trim                                 0x0800fe29   Thumb Code   288  mem.o(i.mem_trim)
    memp_free                                0x0800ff55   Thumb Code    48  memp.o(i.memp_free)
    memp_init                                0x0800ff89   Thumb Code    82  memp.o(i.memp_init)
    memp_malloc                              0x0800ffed   Thumb Code    86  memp.o(i.memp_malloc)
    my_found                                 0x08010081   Thumb Code   246  udp_demo.o(i.my_found)
    netif_add                                0x080101a1   Thumb Code   104  netif.o(i.netif_add)
    netif_set_addr                           0x08010211   Thumb Code    40  netif.o(i.netif_set_addr)
    netif_set_default                        0x08010239   Thumb Code     6  netif.o(i.netif_set_default)
    netif_set_down                           0x08010245   Thumb Code    42  netif.o(i.netif_set_down)
    netif_set_gw                             0x0801026f   Thumb Code    12  netif.o(i.netif_set_gw)
    netif_set_ipaddr                         0x0801027d   Thumb Code   110  netif.o(i.netif_set_ipaddr)
    netif_set_link_callback                  0x080102f5   Thumb Code     6  netif.o(i.netif_set_link_callback)
    netif_set_link_down                      0x080102fb   Thumb Code    42  netif.o(i.netif_set_link_down)
    netif_set_link_up                        0x08010325   Thumb Code    80  netif.o(i.netif_set_link_up)
    netif_set_netmask                        0x08010375   Thumb Code    12  netif.o(i.netif_set_netmask)
    netif_set_up                             0x08010381   Thumb Code    54  netif.o(i.netif_set_up)
    pbuf_alloc                               0x080103b7   Thumb Code   402  pbuf.o(i.pbuf_alloc)
    pbuf_alloced_custom                      0x08010549   Thumb Code   108  pbuf.o(i.pbuf_alloced_custom)
    pbuf_cat                                 0x080105b5   Thumb Code    56  pbuf.o(i.pbuf_cat)
    pbuf_chain                               0x080105ed   Thumb Code    22  pbuf.o(i.pbuf_chain)
    pbuf_clen                                0x08010603   Thumb Code    18  pbuf.o(i.pbuf_clen)
    pbuf_copy                                0x08010615   Thumb Code   192  pbuf.o(i.pbuf_copy)
    pbuf_copy_partial                        0x080106d5   Thumb Code   146  pbuf.o(i.pbuf_copy_partial)
    pbuf_free                                0x08010767   Thumb Code   134  pbuf.o(i.pbuf_free)
    pbuf_header                              0x080107ed   Thumb Code   126  pbuf.o(i.pbuf_header)
    pbuf_realloc                             0x0801086b   Thumb Code   120  pbuf.o(i.pbuf_realloc)
    pbuf_ref                                 0x080108e3   Thumb Code    10  pbuf.o(i.pbuf_ref)
    pbuf_take                                0x080108ed   Thumb Code   116  pbuf.o(i.pbuf_take)
    put_fat                                  0x080109e9   Thumb Code   392  ff.o(i.put_fat)
    raw_input                                0x08010b71   Thumb Code   102  raw.o(i.raw_input)
    tcp2_cmd                                 0x08010d9d   Thumb Code  2094  dwgl_function.o(i.tcp2_cmd)
    tcp2_task                                0x08011651   Thumb Code   746  dwgl_function.o(i.tcp2_task)
    tcp_abandon                              0x080119fd   Thumb Code   136  tcp.o(i.tcp_abandon)
    tcp_abort                                0x08011a91   Thumb Code    14  tcp.o(i.tcp_abort)
    tcp_alloc                                0x08011aa1   Thumb Code   210  tcp.o(i.tcp_alloc)
    tcp_arg                                  0x08011b89   Thumb Code     4  tcp.o(i.tcp_arg)
    tcp_close                                0x08011b8d   Thumb Code    28  tcp.o(i.tcp_close)
    tcp_connect                              0x08011d71   Thumb Code   324  tcp.o(i.tcp_connect)
    tcp_echoclient_connect                   0x08011f71   Thumb Code   100  tcp_demo.o(i.tcp_echoclient_connect)
    tcp_echoclient_disconnect                0x080121f9   Thumb Code    28  tcp_demo.o(i.tcp_echoclient_disconnect)
    tcp_eff_send_mss                         0x0801256f   Thumb Code    46  tcp.o(i.tcp_eff_send_mss)
    tcp_enqueue_flags                        0x0801259d   Thumb Code   272  tcp_out.o(i.tcp_enqueue_flags)
    tcp_fasttmr                              0x080126ad   Thumb Code   106  tcp.o(i.tcp_fasttmr)
    tcp_input                                0x08012725   Thumb Code  1132  tcp_in.o(i.tcp_input)
    tcp_keepalive                            0x08012ba1   Thumb Code    68  tcp_out.o(i.tcp_keepalive)
    tcp_new                                  0x08012da5   Thumb Code    10  tcp.o(i.tcp_new)
    tcp_next_iss                             0x08012e19   Thumb Code    20  tcp.o(i.tcp_next_iss)
    tcp_output                               0x08012e35   Thumb Code   444  tcp_out.o(i.tcp_output)
    tcp_pcb_purge                            0x0801326d   Thumb Code    64  tcp.o(i.tcp_pcb_purge)
    tcp_pcb_remove                           0x080132ad   Thumb Code   140  tcp.o(i.tcp_pcb_remove)
    tcp_poll                                 0x0801333d   Thumb Code    14  tcp.o(i.tcp_poll)
    tcp_process_refused_data                 0x080138d9   Thumb Code   140  tcp.o(i.tcp_process_refused_data)
    tcp_recv                                 0x08013fa1   Thumb Code     8  tcp.o(i.tcp_recv)
    tcp_recv_null                            0x08013fa9   Thumb Code    46  tcp.o(i.tcp_recv_null)
    tcp_recved                               0x08013fd7   Thumb Code    70  tcp.o(i.tcp_recved)
    tcp_rexmit                               0x0801401d   Thumb Code    90  tcp_out.o(i.tcp_rexmit)
    tcp_rexmit_fast                          0x08014077   Thumb Code   112  tcp_out.o(i.tcp_rexmit_fast)
    tcp_rexmit_rto                           0x080140e7   Thumb Code    58  tcp_out.o(i.tcp_rexmit_rto)
    tcp_rst                                  0x08014121   Thumb Code   124  tcp_out.o(i.tcp_rst)
    tcp_seg_free                             0x0801419d   Thumb Code    26  tcp.o(i.tcp_seg_free)
    tcp_segs_free                            0x080141b7   Thumb Code    24  tcp.o(i.tcp_segs_free)
    tcp_send_empty_ack                       0x080141cf   Thumb Code    78  tcp_out.o(i.tcp_send_empty_ack)
    tcp_send_fin                             0x0801421d   Thumb Code    74  tcp_out.o(i.tcp_send_fin)
    tcp_sent                                 0x08014267   Thumb Code     8  tcp.o(i.tcp_sent)
    tcp_slowtmr                              0x08014271   Thumb Code   786  tcp.o(i.tcp_slowtmr)
    tcp_timer_needed                         0x080145a5   Thumb Code     2  timers.o(i.tcp_timer_needed)
    tcp_tmr                                  0x08014655   Thumb Code    30  tcp.o(i.tcp_tmr)
    tcp_update_rcv_ann_wnd                   0x08014679   Thumb Code    78  tcp.o(i.tcp_update_rcv_ann_wnd)
    tcp_write                                0x080146c7   Thumb Code   900  tcp_out.o(i.tcp_write)
    tcp_zero_window_probe                    0x08014abb   Thumb Code   164  tcp_out.o(i.tcp_zero_window_probe)
    tcpl_cmd                                 0x08014b61   Thumb Code   418  dwgl_function.o(i.tcpl_cmd)
    tcpl_task                                0x08014d71   Thumb Code   876  dwgl_function.o(i.tcpl_task)
    tft_1bitdeep_TXT                         0x08015235   Thumb Code   554  dwgl_tft.o(i.tft_1bitdeep_TXT)
    tft_Clear                                0x08015469   Thumb Code    56  dwgl_tft.o(i.tft_Clear)
    tft_DisplayStr                           0x080154a1   Thumb Code   146  dwgl_tft.o(i.tft_DisplayStr)
    tft_DisplayStr_debug                     0x08015535   Thumb Code   338  dwgl_tft.o(i.tft_DisplayStr_debug)
    tft_ShowCharE                            0x0801568d   Thumb Code   142  dwgl_tft.o(i.tft_ShowCharE)
    tft_ShowHzE                              0x08015725   Thumb Code   188  dwgl_tft.o(i.tft_ShowHzE)
    tft_cs_disable                           0x080157e5   Thumb Code    52  dwgl_tft.o(i.tft_cs_disable)
    tft_cs_enable                            0x0801581d   Thumb Code    38  dwgl_tft.o(i.tft_cs_enable)
    tft_debug_init                           0x08015849   Thumb Code    38  dwgl_tft.o(i.tft_debug_init)
    u16toStr                                 0x08015875   Thumb Code    94  dwgl_function.o(i.u16toStr)
    udp1_cmd                                 0x080158d5   Thumb Code   740  dwgl_function.o(i.udp1_cmd)
    udp1_task                                0x08015c09   Thumb Code   234  dwgl_function.o(i.udp1_task)
    udp_bind                                 0x08015d2d   Thumb Code   122  udp.o(i.udp_bind)
    udp_connect                              0x08015dad   Thumb Code    94  udp.o(i.udp_connect)
    udp_demo_connection_close                0x08015e11   Thumb Code    30  udp_demo.o(i.udp_demo_connection_close)
    udp_demo_recv                            0x08015e35   Thumb Code   214  udp_demo.o(i.udp_demo_recv)
    udp_demo_senddata                        0x08015f41   Thumb Code   136  udp_demo.o(i.udp_demo_senddata)
    udp_demo_test                            0x08015fd9   Thumb Code   200  udp_demo.o(i.udp_demo_test)
    udp_disconnect                           0x080160d5   Thumb Code    16  udp.o(i.udp_disconnect)
    udp_input                                0x080160e5   Thumb Code   450  udp.o(i.udp_input)
    udp_new                                  0x080162b5   Thumb Code    28  udp.o(i.udp_new)
    udp_recv                                 0x08016329   Thumb Code     6  udp.o(i.udp_recv)
    udp_remove                               0x08016331   Thumb Code    60  udp.o(i.udp_remove)
    udp_send                                 0x08016371   Thumb Code    20  udp.o(i.udp_send)
    udp_sendto                               0x08016385   Thumb Code    46  udp.o(i.udp_sendto)
    udp_sendto_if                            0x080163b3   Thumb Code   206  udp.o(i.udp_sendto_if)
    AsciiLib                                 0x080164b2   Data        1520  asciilib_65k.o(.constdata)
    ip_addr_any                              0x08016aa4   Data           4  ip_addr.o(.constdata)
    ip_addr_broadcast                        0x08016aa8   Data           4  ip_addr.o(.constdata)
    tcp_state_str                            0x08016ad0   Data          44  tcp.o(.constdata)
    tcp_backoff                              0x08016afc   Data          13  tcp.o(.constdata)
    tcp_persist_backoff                      0x08016b09   Data           7  tcp.o(.constdata)
    tcp_pcb_lists                            0x08016b10   Data          16  tcp.o(.constdata)
    ethbroadcast                             0x08016b20   Data           6  etharp.o(.constdata)
    ethzero                                  0x08016b26   Data           6  etharp.o(.constdata)
    __ctype_table                            0x0801749e   Data         129  ctype_o.o(.constdata)
    Region$$Table$$Base                      0x0801762c   Number         0  anon$$obj.o(Region$$Table)
    Region$$Table$$Limit                     0x0801764c   Number         0  anon$$obj.o(Region$$Table)
    SystemCoreClock                          0x20000000   Data           4  system_stm32f4xx.o(.data)
    AHBPrescTable                            0x20000004   Data          16  system_stm32f4xx.o(.data)
    TCPTimer                                 0x20000024   Data           4  netconf.o(.data)
    ARPTimer                                 0x20000028   Data           4  netconf.o(.data)
    LinkTimer                                0x2000002c   Data           4  netconf.o(.data)
    IPaddress                                0x20000030   Data           4  netconf.o(.data)
    DHCPfineTimer                            0x20000034   Data           4  netconf.o(.data)
    DHCPcoarseTimer                          0x20000038   Data           4  netconf.o(.data)
    DHCP_state                               0x2000003c   Data           1  netconf.o(.data)
    time_sys                                 0x20000040   Data           4  dwgl_global.o(.data)
    time_ms                                  0x20000044   Data           4  dwgl_global.o(.data)
    send_times                               0x20000048   Data           4  dwgl_global.o(.data)
    step                                     0x2000004c   Data           2  dwgl_global.o(.data)
    time_s                                   0x2000004e   Data           2  dwgl_global.o(.data)
    testcmd1_time                            0x20000050   Data           2  dwgl_global.o(.data)
    testcmd3_time                            0x20000052   Data           2  dwgl_global.o(.data)
    time_s_temp                              0x20000054   Data           4  dwgl_global.o(.data)
    global_u16temp                           0x20000058   Data           2  dwgl_global.o(.data)
    global_u16p                              0x2000005c   Data           4  dwgl_global.o(.data)
    touch_flag                               0x20000060   Data           1  dwgl_global.o(.data)
    time_uart1                               0x20000064   Data           4  dwgl_global.o(.data)
    time_uart3                               0x20000068   Data           4  dwgl_global.o(.data)
    Dport_State                              0x2000006c   Data           6  dwgl_global.o(.data)
    checking_port                            0x20000072   Data           2  dwgl_global.o(.data)
    file_addr                                0x20000074   Data           4  dwgl_global.o(.data)
    Rfile_addr                               0x20000078   Data           4  dwgl_global.o(.data)
    file_hook                                0x2000007c   Data           1  dwgl_global.o(.data)
    file_wr                                  0x2000007d   Data           1  dwgl_global.o(.data)
    file_id                                  0x2000007e   Data           1  dwgl_global.o(.data)
    NextFileAddr                             0x20000080   Data           4  dwgl_global.o(.data)
    check_time                               0x20000084   Data           4  dwgl_global.o(.data)
    UART1_RXBUFFE_HEAD                       0x20000088   Data           2  dwgl_global.o(.data)
    UART1_RXBUFFE_LAST                       0x2000008a   Data           2  dwgl_global.o(.data)
    UART3_RXBUFFE_HEAD                       0x2000008c   Data           2  dwgl_global.o(.data)
    UART3_RXBUFFE_LAST                       0x2000008e   Data           2  dwgl_global.o(.data)
    AINx_ADCch                               0x20000090   Data          18  dwgl_global.o(.data)
    charge_speed                             0x200000a2   Data           2  dwgl_global.o(.data)
    SF_REG                                   0x200000a4   Data           1  dwgl_global.o(.data)
    GAIN_REG                                 0x200000a5   Data           1  dwgl_global.o(.data)
    KEEP_EN                                  0x200000a6   Data           1  dwgl_global.o(.data)
    ADC1_Pointer                             0x200000a8   Data           4  bsp_adc.o(.data)
    ADC1_BufSize                             0x200000ac   Data           2  bsp_adc.o(.data)
    ADC1_Length                              0x200000ae   Data           2  bsp_adc.o(.data)
    ADC1_State                               0x200000b0   Data           1  bsp_adc.o(.data)
    ADC1_Error                               0x200000b1   Data           1  bsp_adc.o(.data)
    ADC1_Buffer                              0x200000b2   Data           2  bsp_adc.o(.data)
    ADC2_Pointer                             0x200000b4   Data           4  bsp_adc.o(.data)
    ADC2_BufSize                             0x200000b8   Data           2  bsp_adc.o(.data)
    ADC2_Length                              0x200000ba   Data           2  bsp_adc.o(.data)
    ADC2_State                               0x200000bc   Data           1  bsp_adc.o(.data)
    ADC2_Error                               0x200000bd   Data           1  bsp_adc.o(.data)
    ADC2_Buffer                              0x200000be   Data           2  bsp_adc.o(.data)
    ADC3_Pointer                             0x200000c0   Data           4  bsp_adc.o(.data)
    ADC3_BufSize                             0x200000c4   Data           2  bsp_adc.o(.data)
    ADC3_Length                              0x200000c6   Data           2  bsp_adc.o(.data)
    ADC3_State                               0x200000c8   Data           1  bsp_adc.o(.data)
    ADC3_Error                               0x200000c9   Data           1  bsp_adc.o(.data)
    ADC3_Buffer                              0x200000ca   Data           2  bsp_adc.o(.data)
    ADC1_channel                             0x200000cc   Data          18  bsp_adc.o(.data)
    ADC3_channel                             0x200000df   Data          18  bsp_adc.o(.data)
    ADC1_sampling_times                      0x200000f2   Data           1  bsp_adc.o(.data)
    ADC3_sampling_times                      0x200000f3   Data           1  bsp_adc.o(.data)
    ADC_ANx_piont                            0x200000f4   Data          18  bsp_adc.o(.data)
    ADC_ConvertedValue                       0x20000106   Data           2  bsp_adc.o(.data)
    g32_temp                                 0x2000010c   Data           4  dwgl_tft.o(.data)
    g16_temp                                 0x20000110   Data           2  dwgl_tft.o(.data)
    LocalTime                                0x20000114   Data           4  dwgl_tim.o(.data)
    dnsdebug_pcb                             0x20000118   Data           4  udp_demo.o(.data)
    udpdebug_pcb                             0x2000011c   Data           4  udp_demo.o(.data)
    udp1_txbuf                               0x20000120   Data        4096  udp_demo.o(.data)
    udp_demo_flag                            0x20001120   Data           1  udp_demo.o(.data)
    message_count                            0x20001124   Data           4  tcp_demo.o(.data)
    soket_pcb                                0x20001128   Data           4  tcp_demo.o(.data)
    http_pcb                                 0x2000112c   Data           4  tcp_demo.o(.data)
    res_sd                                   0x20001130   Data           1  dwgl_fat.o(.data)
    fnum                                     0x20001134   Data           4  dwgl_fat.o(.data)
    DMATxDescToSet                           0x2000113c   Data           4  stm32f429_eth.o(.data)
    DMARxDescToGet                           0x20001140   Data           4  stm32f429_eth.o(.data)
    DMA_RX_FRAME_infos                       0x20001144   Data           4  stm32f429_eth.o(.data)
    Frame_Rx_index                           0x20001148   Data           4  stm32f429_eth.o(.data)
    EthStatus                                0x2000114c   Data           4  stm32f429_phy.o(.data)
    EthLinkStatus                            0x20001150   Data           1  stm32f429_phy.o(.data)
    StopCondition                            0x2000115c   Data           4  bsp_sdio_sd.o(.data)
    TransferError                            0x20001160   Data           1  bsp_sdio_sd.o(.data)
    TransferEnd                              0x20001164   Data           4  bsp_sdio_sd.o(.data)
    DMAEndOfTransfer                         0x20001168   Data           4  bsp_sdio_sd.o(.data)
    current_netif                            0x2000116c   Data           4  ip.o(.data)
    current_header                           0x20001170   Data           4  ip.o(.data)
    current_iphdr_src                        0x20001174   Data           4  ip.o(.data)
    current_iphdr_dest                       0x20001178   Data           4  ip.o(.data)
    netif_list                               0x200011ac   Data           4  netif.o(.data)
    netif_default                            0x200011b0   Data           4  netif.o(.data)
    tcp_ticks                                0x200011c0   Data           4  tcp.o(.data)
    tcp_bound_pcbs                           0x200011c4   Data           4  tcp.o(.data)
    tcp_listen_pcbs                          0x200011c8   Data           4  tcp.o(.data)
    tcp_active_pcbs                          0x200011cc   Data           4  tcp.o(.data)
    tcp_tw_pcbs                              0x200011d0   Data           4  tcp.o(.data)
    tcp_tmp_pcb                              0x200011d4   Data           4  tcp.o(.data)
    tcp_active_pcbs_changed                  0x200011d8   Data           1  tcp.o(.data)
    tcp_input_pcb                            0x200011fc   Data           4  tcp_in.o(.data)
    udp_pcbs                                 0x20001204   Data           4  udp.o(.data)
    __stdout                                 0x20001218   Data           4  stdout.o(.data)
    __microlib_freelist                      0x2000121c   Data           4  mvars.o(.data)
    __microlib_freelist_initialised          0x20001220   Data           4  mvars.o(.data)
    gnetif                                   0x20001228   Data          56  netconf.o(.bss)
    self_default_lwip                        0x20001260   Data          28  netconf.o(.bss)
    soket_lwip                               0x2000127c   Data          28  netconf.o(.bss)
    http_lwip                                0x20001298   Data          28  netconf.o(.bss)
    dnsdebug_lwip                            0x200012b4   Data          28  netconf.o(.bss)
    udpdebug_lwip                            0x200012d0   Data          28  netconf.o(.bss)
    data_b                                   0x200012ec   Data        2048  dwgl_global.o(.bss)
    device                                   0x20001aec   Data        1652  dwgl_global.o(.bss)
    info2STR                                 0x20002160   Data         171  dwgl_global.o(.bss)
    LCDC                                     0x2000220c   Data         108  dwgl_global.o(.bss)
    fkey                                     0x20002278   Data          20  dwgl_global.o(.bss)
    str_buffer                               0x2000228c   Data        4100  dwgl_global.o(.bss)
    LCD_TxtBuffer                            0x20003290   Data        4100  dwgl_global.o(.bss)
    UART_BUFFER                              0x20004294   Data         128  dwgl_global.o(.bss)
    UART1_TXBUFFER                           0x20004314   Data         128  dwgl_global.o(.bss)
    UART1_RXBUFFER                           0x20004394   Data         512  dwgl_global.o(.bss)
    UART2_TXBUFFER                           0x20004594   Data         128  dwgl_global.o(.bss)
    UART2_RXBUFFER                           0x20004614   Data         128  dwgl_global.o(.bss)
    UART3_TXBUFFER                           0x20004694   Data         128  dwgl_global.o(.bss)
    UART3_RXBUFFER                           0x20004714   Data         128  dwgl_global.o(.bss)
    SPI_BUFFER                               0x20004794   Data         128  dwgl_global.o(.bss)
    ADC_BUFFER                               0x20004814   Data         640  dwgl_global.o(.bss)
    ADC_Base0                                0x20004a94   Data          36  dwgl_global.o(.bss)
    device_num                               0x20004ab8   Data          20  dwgl_global.o(.bss)
    AD_count                                 0x20004acc   Data         128  dwgl_global.o(.bss)
    FatFile_AD                               0x20004b4c   Data         556  dwgl_tft.o(.bss)
    FatFile_URL                              0x20004d78   Data         556  dwgl_tft.o(.bss)
    FatFileBuf                               0x20004fa4   Data        8200  dwgl_tft.o(.bss)
    DebugStr                                 0x20006fac   Data          16  dwgl_tft.o(.bss)
    DebugStr_str_data                        0x20006fbc   Data        2048  dwgl_tft.o(.bss)
    UdpdebugM_init                           0x200077bc   Data          68  udp_demo.o(.bss)
    udp1_rxbuf                               0x20007800   Data        4096  udp_demo.o(.bss)
    HttpU_buffer                             0x20008800   Data        8832  tcp_demo.o(.bss)
    HttpM_init                               0x2000aa80   Data         332  tcp_demo.o(.bss)
    ChargeM_init                             0x2000abcc   Data         384  tcp_demo.o(.bss)
    tcp1_rxbuf                               0x2000ad4c   Data        4096  tcp_demo.o(.bss)
    tcp1_txbuf                               0x2000bd4c   Data        4096  tcp_demo.o(.bss)
    tcp2_rxbuf                               0x2000cd4c   Data        4096  tcp_demo.o(.bss)
    tcp2_txbuf                               0x2000dd4c   Data        4096  tcp_demo.o(.bss)
    fs                                       0x2000ed4c   Data        4144  dwgl_fat.o(.bss)
    fnew                                     0x2000fd7c   Data        4132  dwgl_fat.o(.bss)
    fsrc                                     0x20010da0   Data        4132  dwgl_fat.o(.bss)
    dirs                                     0x20011dc4   Data          36  dwgl_fat.o(.bss)
    DMARxDscrTab                             0x20011de8   Data         128  stm32f429_eth.o(.bss)
    DMATxDscrTab                             0x20011e68   Data         128  stm32f429_eth.o(.bss)
    Rx_Buff                                  0x20011ee8   Data        6096  stm32f429_eth.o(.bss)
    Tx_Buff                                  0x200136b8   Data        6096  stm32f429_eth.o(.bss)
    RX_Frame_Descriptor                      0x20014e88   Data          12  stm32f429_eth.o(.bss)
    ETH_InitStructure                        0x20014e94   Data         188  stm32f429_phy.o(.bss)
    SDCardInfo                               0x20014f80   Data          88  bsp_sdio_sd.o(.bss)
    SDIO_InitStructure                       0x20014fd8   Data          24  bsp_sdio_sd.o(.bss)
    SDIO_CmdInitStructure                    0x20014ff0   Data          20  bsp_sdio_sd.o(.bss)
    SDIO_DataInitStructure                   0x20015004   Data          24  bsp_sdio_sd.o(.bss)
    dhcp_rx_options_val                      0x2001501c   Data          40  dhcp.o(.bss)
    dhcp_rx_options_given                    0x20015044   Data          10  dhcp.o(.bss)
    ram_heap                                 0x200156b3   Data       10260  mem.o(.bss)
    memp_tab                                 0x20017ec8   Data          36  memp.o(.bss)
    __heap_base                              0x2001a178   Data           0  startup_stm32f429_439xx.o(HEAP)
    __heap_limit                             0x2001a378   Data           0  startup_stm32f429_439xx.o(HEAP)
    __initial_sp                             0x2001b378   Data           0  startup_stm32f429_439xx.o(STACK)



==============================================================================

Memory Map of the image

  Image Entry point : 0x080001ad

  Load Region LR_IROM1 (Base: 0x08000000, Size: 0x00018874, Max: 0x00100000, ABSOLUTE, COMPRESSED[0x000176e4])

    Execution Region ER_IROM1 (Base: 0x08000000, Size: 0x0001764c, Max: 0x00100000, ABSOLUTE)

    Base Addr    Size         Type   Attr      Idx    E Section Name        Object

    0x08000000   0x000001ac   Data   RO            3    RESET               startup_stm32f429_439xx.o
    0x080001ac   0x00000000   Code   RO         9994  * .ARM.Collect$$$$00000000  mc_w.l(entry.o)
    0x080001ac   0x00000004   Code   RO        10304    .ARM.Collect$$$$00000001  mc_w.l(entry2.o)
    0x080001b0   0x00000004   Code   RO        10307    .ARM.Collect$$$$00000004  mc_w.l(entry5.o)
    0x080001b4   0x00000000   Code   RO        10309    .ARM.Collect$$$$00000008  mc_w.l(entry7b.o)
    0x080001b4   0x00000000   Code   RO        10311    .ARM.Collect$$$$0000000A  mc_w.l(entry8b.o)
    0x080001b4   0x00000008   Code   RO        10312    .ARM.Collect$$$$0000000B  mc_w.l(entry9a.o)
    0x080001bc   0x00000000   Code   RO        10314    .ARM.Collect$$$$0000000D  mc_w.l(entry10a.o)
    0x080001bc   0x00000000   Code   RO        10316    .ARM.Collect$$$$0000000F  mc_w.l(entry11a.o)
    0x080001bc   0x00000004   Code   RO        10305    .ARM.Collect$$$$00002712  mc_w.l(entry2.o)
    0x080001c0   0x00000024   Code   RO            4    .text               startup_stm32f429_439xx.o
    0x080001e4   0x00000062   Code   RO         9997    .text               mc_w.l(uldiv.o)
    0x08000246   0x00000024   Code   RO         9999    .text               mc_w.l(memcpya.o)
    0x0800026a   0x00000024   Code   RO        10001    .text               mc_w.l(memseta.o)
    0x0800028e   0x00000018   Code   RO        10003    .text               mc_w.l(strcat.o)
    0x080002a6   0x0000000e   Code   RO        10005    .text               mc_w.l(strlen.o)
    0x080002b4   0x0000001c   Code   RO        10007    .text               mc_w.l(strcmp.o)
    0x080002d0   0x0000001a   Code   RO        10009    .text               mc_w.l(memcmp.o)
    0x080002ea   0x0000001a   Code   RO        10302    .text               mc_w.l(atoi.o)
    0x08000304   0x0000001e   Code   RO        10321    .text               mc_w.l(llshl.o)
    0x08000322   0x00000020   Code   RO        10323    .text               mc_w.l(llushr.o)
    0x08000342   0x00000070   Code   RO        10334    .text               mc_w.l(strtol.o)
    0x080003b2   0x00000002   PAD
    0x080003b4   0x00000024   Code   RO        10347    .text               mc_w.l(init.o)
    0x080003d8   0x00000008   Code   RO        10351    .text               mc_w.l(ctype_o.o)
    0x080003e0   0x0000009e   Code   RO        10379    .text               mc_w.l(_strtoul.o)
    0x0800047e   0x0000001c   Code   RO        10383    .text               mc_w.l(_chval.o)
    0x0800049a   0x00000056   Code   RO        10393    .text               mc_w.l(__dczerorl2.o)
    0x080004f0   0x0000000a   Code   RO          385    i.ADC_ClearITPendingBit  stm32f4xx_adc.o
    0x080004fa   0x00000016   Code   RO          386    i.ADC_Cmd           stm32f4xx_adc.o
    0x08000510   0x00000030   Code   RO          387    i.ADC_CommonInit    stm32f4xx_adc.o
    0x08000540   0x00000194   Code   RO         6266    i.ADC_GPIO_Config   bsp_adc.o
    0x080006d4   0x00000008   Code   RO          398    i.ADC_GetConversionValue  stm32f4xx_adc.o
    0x080006dc   0x00000026   Code   RO          400    i.ADC_GetITStatus   stm32f4xx_adc.o
    0x08000702   0x00000002   PAD
    0x08000704   0x0000010c   Code   RO         6267    i.ADC_IRQHandler    bsp_adc.o
    0x08000810   0x00000020   Code   RO          405    i.ADC_ITConfig      stm32f4xx_adc.o
    0x08000830   0x00000054   Code   RO          406    i.ADC_Init          stm32f4xx_adc.o
    0x08000884   0x000000e4   Code   RO         6268    i.ADC_Mode_Config   bsp_adc.o
    0x08000968   0x000000b8   Code   RO          411    i.ADC_RegularChannelConfig  stm32f4xx_adc.o
    0x08000a20   0x0000000a   Code   RO          413    i.ADC_SoftwareStartConv  stm32f4xx_adc.o
    0x08000a2a   0x00000002   PAD
    0x08000a2c   0x00000024   Code   RO         6269    i.BSP_ADC_Init      bsp_adc.o
    0x08000a50   0x00000254   Code   RO         6153    i.BSP_GPIO_Config   dwgl_bsp_gpio.o
    0x08000ca4   0x00000004   Code   RO         5350    i.BusFault_Handler  stm32f4xx_it.o
    0x08000ca8   0x0000002c   Code   RO         7659    i.CmdError          bsp_sdio_sd.o
    0x08000cd4   0x00000134   Code   RO         7660    i.CmdResp1Error     bsp_sdio_sd.o
    0x08000e08   0x0000004c   Code   RO         7661    i.CmdResp2Error     bsp_sdio_sd.o
    0x08000e54   0x00000038   Code   RO         7662    i.CmdResp3Error     bsp_sdio_sd.o
    0x08000e8c   0x0000009c   Code   RO         7663    i.CmdResp6Error     bsp_sdio_sd.o
    0x08000f28   0x0000004c   Code   RO         7664    i.CmdResp7Error     bsp_sdio_sd.o
    0x08000f74   0x00000008   Code   RO         7665    i.DMA2_Stream3_IRQHandler  bsp_sdio_sd.o
    0x08000f7c   0x00000034   Code   RO         1384    i.DMA_ClearFlag     stm32f4xx_dma.o
    0x08000fb0   0x00000016   Code   RO         1386    i.DMA_Cmd           stm32f4xx_dma.o
    0x08000fc6   0x00000002   PAD
    0x08000fc8   0x00000158   Code   RO         1387    i.DMA_DeInit        stm32f4xx_dma.o
    0x08001120   0x00000016   Code   RO         1390    i.DMA_FlowControllerConfig  stm32f4xx_dma.o
    0x08001136   0x0000003a   Code   RO         1397    i.DMA_ITConfig      stm32f4xx_dma.o
    0x08001170   0x00000058   Code   RO         1398    i.DMA_Init          stm32f4xx_dma.o
    0x080011c8   0x00000002   Code   RO         5351    i.DebugMon_Handler  stm32f4xx_it.o
    0x080011ca   0x00000002   PAD
    0x080011cc   0x000000a0   Code   RO         6910    i.Debug_USART_Config  bsp_debug_usart.o
    0x0800126c   0x00000018   Code   RO         6984    i.Delay_10ms        bsp_systick.o
    0x08001284   0x00000020   Code   RO         5943    i.Delay_ms          dwgl_wb_lcd.o
    0x080012a4   0x0000002c   Code   RO         7585    i.ETH_BSP_Config    stm32f429_phy.o
    0x080012d0   0x000000dc   Code   RO         7054    i.ETH_CheckFrameReceived  stm32f429_eth.o
    0x080013ac   0x0000004c   Code   RO         7586    i.ETH_CheckLinkStatus  stm32f429_phy.o
    0x080013f8   0x00000024   Code   RO         7058    i.ETH_DMAReceptionCmd  stm32f429_eth.o
    0x0800141c   0x00000064   Code   RO         7059    i.ETH_DMARxDescChainInit  stm32f429_eth.o
    0x08001480   0x00000024   Code   RO         7061    i.ETH_DMATransmissionCmd  stm32f429_eth.o
    0x080014a4   0x00000050   Code   RO         7064    i.ETH_DMATxDescChainInit  stm32f429_eth.o
    0x080014f4   0x00000008   Code   RO         7065    i.ETH_DMATxDescChecksumInsertionConfig  stm32f429_eth.o
    0x080014fc   0x00000016   Code   RO         7070    i.ETH_DeInit        stm32f429_eth.o
    0x08001512   0x00000002   PAD
    0x08001514   0x0000002c   Code   RO         7072    i.ETH_FlushTransmitFIFO  stm32f429_eth.o
    0x08001540   0x00000150   Code   RO         7587    i.ETH_GPIO_Config   stm32f429_phy.o
    0x08001690   0x00000018   Code   RO         7098    i.ETH_GetSoftwareResetStatus  stm32f429_eth.o
    0x080016a8   0x00000048   Code   RO         7100    i.ETH_Get_Received_Frame  stm32f429_eth.o
    0x080016f0   0x00000314   Code   RO         7103    i.ETH_Init          stm32f429_eth.o
    0x08001a04   0x00000034   Code   RO         7105    i.ETH_MACAddressConfig  stm32f429_eth.o
    0x08001a38   0x000000a0   Code   RO         7588    i.ETH_MACDMA_Config  stm32f429_phy.o
    0x08001ad8   0x0000003c   Code   RO         7110    i.ETH_MACReceptionCmd  stm32f429_eth.o
    0x08001b14   0x0000003c   Code   RO         7111    i.ETH_MACTransmissionCmd  stm32f429_eth.o
    0x08001b50   0x000000cc   Code   RO         7122    i.ETH_Prepare_Transmit_Descriptors  stm32f429_eth.o
    0x08001c1c   0x0000006c   Code   RO         7123    i.ETH_ReadPHYRegister  stm32f429_eth.o
    0x08001c88   0x00000014   Code   RO         7131    i.ETH_SoftwareReset  stm32f429_eth.o
    0x08001c9c   0x00000020   Code   RO         7132    i.ETH_Start         stm32f429_eth.o
    0x08001cbc   0x00000020   Code   RO         7133    i.ETH_Stop          stm32f429_eth.o
    0x08001cdc   0x000000b2   Code   RO         7134    i.ETH_StructInit    stm32f429_eth.o
    0x08001d8e   0x00000002   PAD
    0x08001d90   0x00000068   Code   RO         7136    i.ETH_WritePHYRegister  stm32f429_eth.o
    0x08001df8   0x00000100   Code   RO         7589    i.ETH_link_callback  stm32f429_phy.o
    0x08001ef8   0x00000034   Code   RO         5154    i.FMC_NORSRAMCmd    stm32f4xx_fmc.o
    0x08001f2c   0x00000140   Code   RO         5156    i.FMC_NORSRAMInit   stm32f4xx_fmc.o
    0x0800206c   0x00000194   Code   RO         7666    i.FindSCR           bsp_sdio_sd.o
    0x08002200   0x0000001e   Code   RO         6154    i.GPIO_EN_9V        dwgl_bsp_gpio.o
    0x0800221e   0x0000001e   Code   RO         6155    i.GPIO_EN_FAN       dwgl_bsp_gpio.o
    0x0800223c   0x0000001e   Code   RO         6156    i.GPIO_EN_HV        dwgl_bsp_gpio.o
    0x0800225a   0x0000001e   Code   RO         6157    i.GPIO_EN_TPS54336  dwgl_bsp_gpio.o
    0x08002278   0x00000090   Code   RO         2027    i.GPIO_Init         stm32f4xx_gpio.o
    0x08002308   0x00000046   Code   RO         2028    i.GPIO_PinAFConfig  stm32f4xx_gpio.o
    0x0800234e   0x00000012   Code   RO         2031    i.GPIO_ReadInputDataBit  stm32f4xx_gpio.o
    0x08002360   0x00000004   Code   RO         2034    i.GPIO_ResetBits    stm32f4xx_gpio.o
    0x08002364   0x0000001e   Code   RO         6159    i.GPIO_SW_883       dwgl_bsp_gpio.o
    0x08002382   0x00000004   Code   RO         2035    i.GPIO_SetBits      stm32f4xx_gpio.o
    0x08002386   0x00000002   PAD
    0x08002388   0x0000002c   Code   RO         5588    i.Get_ADC_BaseLine  dwgl_function.o
    0x080023b4   0x00000058   Code   RO         5352    i.HardFault_Handler  stm32f4xx_it.o
    0x0800240c   0x00000028   Code   RO         6951    i.Key_GPIO_Config   bsp_key.o
    0x08002434   0x0000003c   Code   RO         5945    i.LCD_Clear         dwgl_wb_lcd.o
    0x08002470   0x00000054   Code   RO         5954    i.LCD_Fill          dwgl_wb_lcd.o
    0x080024c4   0x0000036c   Code   RO         5957    i.LCD_Init          dwgl_wb_lcd.o
    0x08002830   0x0000036c   Code   RO         5958    i.LCD_Init1         dwgl_wb_lcd.o
    0x08002b9c   0x0000024c   Code   RO         5959    i.LCD_Init_BSP      dwgl_wb_lcd.o
    0x08002de8   0x00000044   Code   RO         5967    i.LCD_WindowMax     dwgl_wb_lcd.o
    0x08002e2c   0x00000008   Code   RO         5968    i.LCD_WriteRAM_Prepare  dwgl_wb_lcd.o
    0x08002e34   0x0000074c   Code   RO         5590    i.LCD_task          dwgl_function.o
    0x08003580   0x00000068   Code   RO         7029    i.LED_GPIO_Config   bsp_led.o
    0x080035e8   0x000003e4   Code   RO         5425    i.LwIP_DHCP_Process_Handle  netconf.o
    0x080039cc   0x000000c4   Code   RO         5426    i.LwIP_Init         netconf.o
    0x08003a90   0x000000f8   Code   RO         5427    i.LwIP_Periodic_Handle  netconf.o
    0x08003b88   0x00000010   Code   RO         5428    i.LwIP_Pkt_Handle   netconf.o
    0x08003b98   0x00000004   Code   RO         5353    i.MemManage_Handler  stm32f4xx_it.o
    0x08003b9c   0x00000002   Code   RO         5354    i.NMI_Handler       stm32f4xx_it.o
    0x08003b9e   0x00000040   Code   RO         5553    i.NVIC_Configuration  dwgl_global.o
    0x08003bde   0x00000002   PAD
    0x08003be0   0x00000078   Code   RO          328    i.NVIC_Init         misc.o
    0x08003c58   0x00000014   Code   RO          329    i.NVIC_PriorityGroupConfig  misc.o
    0x08003c6c   0x00000002   Code   RO         5355    i.PendSV_Handler    stm32f4xx_it.o
    0x08003c6e   0x00000002   PAD
    0x08003c70   0x00000020   Code   RO         2941    i.RCC_AHB1PeriphClockCmd  stm32f4xx_rcc.o
    0x08003c90   0x00000020   Code   RO         2943    i.RCC_AHB1PeriphResetCmd  stm32f4xx_rcc.o
    0x08003cb0   0x00000020   Code   RO         2947    i.RCC_AHB3PeriphClockCmd  stm32f4xx_rcc.o
    0x08003cd0   0x00000020   Code   RO         2950    i.RCC_APB1PeriphClockCmd  stm32f4xx_rcc.o
    0x08003cf0   0x00000020   Code   RO         2953    i.RCC_APB2PeriphClockCmd  stm32f4xx_rcc.o
    0x08003d10   0x00000020   Code   RO         2955    i.RCC_APB2PeriphResetCmd  stm32f4xx_rcc.o
    0x08003d30   0x000000e8   Code   RO         2962    i.RCC_GetClocksFreq  stm32f4xx_rcc.o
    0x08003e18   0x0000011c   Code   RO         7668    i.SDEnWideBus       bsp_sdio_sd.o
    0x08003f34   0x0000000c   Code   RO         3872    i.SDIO_ClearFlag    stm32f4xx_sdio.o
    0x08003f40   0x0000000c   Code   RO         3873    i.SDIO_ClearITPendingBit  stm32f4xx_sdio.o
    0x08003f4c   0x0000000c   Code   RO         3874    i.SDIO_ClockCmd     stm32f4xx_sdio.o
    0x08003f58   0x0000000c   Code   RO         3877    i.SDIO_DMACmd       stm32f4xx_sdio.o
    0x08003f64   0x00000034   Code   RO         3878    i.SDIO_DataConfig   stm32f4xx_sdio.o
    0x08003f98   0x00000016   Code   RO         3880    i.SDIO_DeInit       stm32f4xx_sdio.o
    0x08003fae   0x00000002   PAD
    0x08003fb0   0x0000000c   Code   RO         3881    i.SDIO_GetCommandResponse  stm32f4xx_sdio.o
    0x08003fbc   0x00000018   Code   RO         3884    i.SDIO_GetFlagStatus  stm32f4xx_sdio.o
    0x08003fd4   0x00000018   Code   RO         3885    i.SDIO_GetITStatus  stm32f4xx_sdio.o
    0x08003fec   0x00000010   Code   RO         3886    i.SDIO_GetPowerState  stm32f4xx_sdio.o
    0x08003ffc   0x00000018   Code   RO         3887    i.SDIO_GetResponse  stm32f4xx_sdio.o
    0x08004014   0x00000008   Code   RO         7669    i.SDIO_IRQHandler   bsp_sdio_sd.o
    0x0800401c   0x00000020   Code   RO         3888    i.SDIO_ITConfig     stm32f4xx_sdio.o
    0x0800403c   0x00000030   Code   RO         3889    i.SDIO_Init         stm32f4xx_sdio.o
    0x0800406c   0x0000000c   Code   RO         3890    i.SDIO_ReadData     stm32f4xx_sdio.o
    0x08004078   0x0000002c   Code   RO         3892    i.SDIO_SendCommand  stm32f4xx_sdio.o
    0x080040a4   0x0000000c   Code   RO         3894    i.SDIO_SetPowerState  stm32f4xx_sdio.o
    0x080040b0   0x0000000c   Code   RO         7671    i.SD_Detect         bsp_sdio_sd.o
    0x080040bc   0x00000090   Code   RO         7672    i.SD_EnableWideBusOperation  bsp_sdio_sd.o
    0x0800414c   0x0000031c   Code   RO         7674    i.SD_GetCardInfo    bsp_sdio_sd.o
    0x08004468   0x00000026   Code   RO         7676    i.SD_GetState       bsp_sdio_sd.o
    0x0800448e   0x0000001e   Code   RO         7677    i.SD_GetStatus      bsp_sdio_sd.o
    0x080044ac   0x000000c0   Code   RO         7680    i.SD_Init           bsp_sdio_sd.o
    0x0800456c   0x0000013c   Code   RO         7681    i.SD_InitializeCards  bsp_sdio_sd.o
    0x080046a8   0x00000090   Code   RO         7682    i.SD_LowLevel_DMA_RxConfig  bsp_sdio_sd.o
    0x08004738   0x00000090   Code   RO         7683    i.SD_LowLevel_DMA_TxConfig  bsp_sdio_sd.o
    0x080047c8   0x000000a4   Code   RO         7685    i.SD_LowLevel_Init  bsp_sdio_sd.o
    0x0800486c   0x000001a0   Code   RO         7687    i.SD_PowerON        bsp_sdio_sd.o
    0x08004a0c   0x00000028   Code   RO         7688    i.SD_ProcessDMAIRQ  bsp_sdio_sd.o
    0x08004a34   0x000000ac   Code   RO         7689    i.SD_ProcessIRQSrc  bsp_sdio_sd.o
    0x08004ae0   0x000000f8   Code   RO         7691    i.SD_ReadMultiBlocks  bsp_sdio_sd.o
    0x08004bd8   0x00000038   Code   RO         7692    i.SD_SelectDeselect  bsp_sdio_sd.o
    0x08004c10   0x00000054   Code   RO         7694    i.SD_SendStatus     bsp_sdio_sd.o
    0x08004c64   0x00000034   Code   RO         7695    i.SD_StopTransfer   bsp_sdio_sd.o
    0x08004c98   0x00000080   Code   RO         7696    i.SD_WaitReadOperation  bsp_sdio_sd.o
    0x08004d18   0x00000080   Code   RO         7697    i.SD_WaitWriteOperation  bsp_sdio_sd.o
    0x08004d98   0x00000158   Code   RO         7699    i.SD_WriteMultiBlocks  bsp_sdio_sd.o
    0x08004ef0   0x00000018   Code   RO         4096    i.SPI_Cmd           stm32f4xx_spi.o
    0x08004f08   0x0000004c   Code   RO         6312    i.SPI_FLASH_BufferRead  bsp_spi_flash.o
    0x08004f54   0x00000122   Code   RO         6313    i.SPI_FLASH_BufferWrite  bsp_spi_flash.o
    0x08005076   0x00000002   PAD
    0x08005078   0x000000d4   Code   RO         6315    i.SPI_FLASH_Init    bsp_spi_flash.o
    0x0800514c   0x00000098   Code   RO         6316    i.SPI_FLASH_PageWrite  bsp_spi_flash.o
    0x080051e4   0x00000040   Code   RO         6320    i.SPI_FLASH_SectorErase  bsp_spi_flash.o
    0x08005224   0x00000078   Code   RO         6321    i.SPI_FLASH_SendByte  bsp_spi_flash.o
    0x0800529c   0x00000050   Code   RO         6324    i.SPI_FLASH_WaitForWriteEnd  bsp_spi_flash.o
    0x080052ec   0x0000001c   Code   RO         6325    i.SPI_FLASH_WriteEnable  bsp_spi_flash.o
    0x08005308   0x00000012   Code   RO         4104    i.SPI_I2S_GetFlagStatus  stm32f4xx_spi.o
    0x0800531a   0x00000006   Code   RO         4107    i.SPI_I2S_ReceiveData  stm32f4xx_spi.o
    0x08005320   0x00000004   Code   RO         4108    i.SPI_I2S_SendData  stm32f4xx_spi.o
    0x08005324   0x0000003c   Code   RO         4109    i.SPI_Init          stm32f4xx_spi.o
    0x08005360   0x00000040   Code   RO         6328    i.SPI_TIMEOUT_UserCallback  bsp_spi_flash.o
    0x080053a0   0x00000002   Code   RO         5356    i.SVC_Handler       stm32f4xx_it.o
    0x080053a2   0x00000002   PAD
    0x080053a4   0x0000000c   Code   RO         4260    i.SYSCFG_ETH_MediaInterfaceConfig  stm32f4xx_syscfg.o
    0x080053b0   0x00000120   Code   RO           13    i.SetSysClock       system_stm32f4xx.o
    0x080054d0   0x00000088   Code   RO         6436    i.Str_addto_Str     dwgl_tft.o
    0x08005558   0x0000003c   Code   RO         5357    i.SysTick_Handler   stm32f4xx_it.o
    0x08005594   0x00000068   Code   RO         6985    i.SysTick_Init      bsp_systick.o
    0x080055fc   0x00000068   Code   RO           15    i.SystemInit        system_stm32f4xx.o
    0x08005664   0x0000005c   Code   RO         6576    i.TIM3_Config       dwgl_tim.o
    0x080056c0   0x0000002c   Code   RO         6577    i.TIM3_IRQHandler   dwgl_tim.o
    0x080056ec   0x00000006   Code   RO         4329    i.TIM_ClearITPendingBit  stm32f4xx_tim.o
    0x080056f2   0x00000018   Code   RO         4334    i.TIM_Cmd           stm32f4xx_tim.o
    0x0800570a   0x00000022   Code   RO         4355    i.TIM_GetITStatus   stm32f4xx_tim.o
    0x0800572c   0x00000012   Code   RO         4359    i.TIM_ITConfig      stm32f4xx_tim.o
    0x0800573e   0x00000002   PAD
    0x08005740   0x00000084   Code   RO         4406    i.TIM_TimeBaseInit  stm32f4xx_tim.o
    0x080057c4   0x00000018   Code   RO         6986    i.TimingDelay_Decrement  bsp_systick.o
    0x080057dc   0x00000012   Code   RO         4884    i.USART_ClearFlag   stm32f4xx_usart.o
    0x080057ee   0x00000018   Code   RO         4888    i.USART_Cmd         stm32f4xx_usart.o
    0x08005806   0x0000001a   Code   RO         4891    i.USART_GetFlagStatus  stm32f4xx_usart.o
    0x08005820   0x000000d4   Code   RO         4895    i.USART_Init        stm32f4xx_usart.o
    0x080058f4   0x00000008   Code   RO         4905    i.USART_SendData    stm32f4xx_usart.o
    0x080058fc   0x00000004   Code   RO         5358    i.UsageFault_Handler  stm32f4xx_it.o
    0x08005900   0x00000020   Code   RO        10146    i.__0printf$5       mc_w.l(printf5.o)
    0x08005920   0x00000028   Code   RO        10148    i.__0sprintf$5      mc_w.l(printf5.o)
    0x08005948   0x00000008   Code   RO        10327    i.__aeabi_errno_addr  mc_w.l(errno.o)
    0x08005950   0x0000000e   Code   RO        10387    i.__scatterload_copy  mc_w.l(handlers.o)
    0x0800595e   0x00000002   Code   RO        10388    i.__scatterload_null  mc_w.l(handlers.o)
    0x08005960   0x0000000e   Code   RO        10389    i.__scatterload_zeroinit  mc_w.l(handlers.o)
    0x0800596e   0x00000002   PAD
    0x08005970   0x000002c0   Code   RO        10153    i._printf_core      mc_w.l(printf5.o)
    0x08005c30   0x0000000a   Code   RO        10155    i._sputc            mc_w.l(printf5.o)
    0x08005c3a   0x00000058   Code   RO         6437    i.bmp_print_unit    dwgl_tft.o
    0x08005c92   0x00000002   PAD
    0x08005c94   0x00000128   Code   RO         5592    i.charge_task       dwgl_function.o
    0x08005dbc   0x00000090   Code   RO         9671    i.check_fs          ff.o
    0x08005e4c   0x00000014   Code   RO         9672    i.chk_chr           ff.o
    0x08005e60   0x0000001a   Code   RO         9673    i.clust2sect        ff.o
    0x08005e7a   0x00000002   PAD
    0x08005e7c   0x000002e4   Code   RO         5597    i.cmd_File_Requst   dwgl_function.o
    0x08006160   0x000000d4   Code   RO         5598    i.cmd_File_Tx       dwgl_function.o
    0x08006234   0x000000ac   Code   RO         5604    i.cmd_soket_10005   dwgl_function.o
    0x080062e0   0x000000a0   Code   RO         9674    i.cmp_lfn           ff.o
    0x08006380   0x000000d6   Code   RO         9675    i.create_chain      ff.o
    0x08006456   0x00000002   PAD
    0x08006458   0x00000230   Code   RO         9676    i.create_name       ff.o
    0x08006688   0x0000014a   Code   RO         5606    i.cut_between_strs  dwgl_function.o
    0x080067d2   0x0000014e   Code   RO         5607    i.cut_between_strs_inverted  dwgl_function.o
    0x08006920   0x0000002e   Code   RO         8300    i.dhcp_arp_reply    dhcp.o
    0x0800694e   0x000000e4   Code   RO         8301    i.dhcp_bind         dhcp.o
    0x08006a32   0x00000038   Code   RO         8302    i.dhcp_check        dhcp.o
    0x08006a6a   0x00000002   PAD
    0x08006a6c   0x00000044   Code   RO         8304    i.dhcp_coarse_tmr   dhcp.o
    0x08006ab0   0x00000148   Code   RO         8305    i.dhcp_create_msg   dhcp.o
    0x08006bf8   0x00000084   Code   RO         8306    i.dhcp_decline      dhcp.o
    0x08006c7c   0x00000028   Code   RO         8307    i.dhcp_delete_msg   dhcp.o
    0x08006ca4   0x000000c4   Code   RO         8308    i.dhcp_discover     dhcp.o
    0x08006d68   0x00000044   Code   RO         8309    i.dhcp_fine_tmr     dhcp.o
    0x08006dac   0x000000a8   Code   RO         8310    i.dhcp_handle_ack   dhcp.o
    0x08006e54   0x00000038   Code   RO         8311    i.dhcp_handle_nak   dhcp.o
    0x08006e8c   0x0000002c   Code   RO         8312    i.dhcp_handle_offer  dhcp.o
    0x08006eb8   0x00000050   Code   RO         8314    i.dhcp_network_changed  dhcp.o
    0x08006f08   0x00000020   Code   RO         8315    i.dhcp_option       dhcp.o
    0x08006f28   0x00000012   Code   RO         8316    i.dhcp_option_byte  dhcp.o
    0x08006f3a   0x00000042   Code   RO         8317    i.dhcp_option_long  dhcp.o
    0x08006f7c   0x00000022   Code   RO         8318    i.dhcp_option_short  dhcp.o
    0x08006f9e   0x00000046   Code   RO         8319    i.dhcp_option_trailer  dhcp.o
    0x08006fe4   0x00000314   Code   RO         8320    i.dhcp_parse_reply  dhcp.o
    0x080072f8   0x00000088   Code   RO         8321    i.dhcp_rebind       dhcp.o
    0x08007380   0x000000a8   Code   RO         8322    i.dhcp_reboot       dhcp.o
    0x08007428   0x00000100   Code   RO         8323    i.dhcp_recv         dhcp.o
    0x08007528   0x000000a8   Code   RO         8324    i.dhcp_release      dhcp.o
    0x080075d0   0x00000086   Code   RO         8325    i.dhcp_renew        dhcp.o
    0x08007656   0x00000002   PAD
    0x08007658   0x000000f4   Code   RO         8326    i.dhcp_select       dhcp.o
    0x0800774c   0x00000010   Code   RO         8327    i.dhcp_set_state    dhcp.o
    0x0800775c   0x000000d4   Code   RO         8329    i.dhcp_start        dhcp.o
    0x08007830   0x0000003a   Code   RO         8330    i.dhcp_stop         dhcp.o
    0x0800786a   0x00000020   Code   RO         8331    i.dhcp_t1_timeout   dhcp.o
    0x0800788a   0x00000020   Code   RO         8332    i.dhcp_t2_timeout   dhcp.o
    0x080078aa   0x000000a4   Code   RO         8333    i.dhcp_timeout      dhcp.o
    0x0800794e   0x0000005c   Code   RO         9677    i.dir_alloc         ff.o
    0x080079aa   0x000000ea   Code   RO         9678    i.dir_find          ff.o
    0x08007a94   0x0000013a   Code   RO         9679    i.dir_next          ff.o
    0x08007bce   0x0000012a   Code   RO         9681    i.dir_register      ff.o
    0x08007cf8   0x000000c8   Code   RO         9683    i.dir_sdi           ff.o
    0x08007dc0   0x0000002a   Code   RO         9615    i.disk_initialize   diskio.o
    0x08007dea   0x00000002   PAD
    0x08007dec   0x0000006c   Code   RO         9616    i.disk_ioctl        diskio.o
    0x08007e58   0x000000b4   Code   RO         9617    i.disk_read         diskio.o
    0x08007f0c   0x0000001c   Code   RO         9618    i.disk_status       diskio.o
    0x08007f28   0x000000ba   Code   RO         9619    i.disk_write        diskio.o
    0x08007fe2   0x00000002   PAD
    0x08007fe4   0x000004b8   Code   RO         6439    i.display_SD_BMP    dwgl_tft.o
    0x0800849c   0x00000422   Code   RO         6440    i.display_flash_BMP  dwgl_tft.o
    0x080088be   0x00000002   PAD
    0x080088c0   0x0000031c   Code   RO         6441    i.display_flash_BMPE  dwgl_tft.o
    0x08008bdc   0x000000ec   Code   RO         8500    i.dns_check_entry   dns.o
    0x08008cc8   0x0000003c   Code   RO         8501    i.dns_compare_name  dns.o
    0x08008d04   0x0000012c   Code   RO         6612    i.dns_demo_test     udp_demo.o
    0x08008e30   0x000000e4   Code   RO         8502    i.dns_enqueue       dns.o
    0x08008f14   0x00000104   Code   RO         8503    i.dns_gethostbyname  dns.o
    0x08009018   0x00000074   Code   RO         8505    i.dns_init          dns.o
    0x0800908c   0x0000005c   Code   RO         8506    i.dns_lookup        dns.o
    0x080090e8   0x0000002a   Code   RO         8507    i.dns_parse_name    dns.o
    0x08009112   0x00000002   PAD
    0x08009114   0x00000168   Code   RO         8508    i.dns_recv          dns.o
    0x0800927c   0x000000e4   Code   RO         8509    i.dns_send          dns.o
    0x08009360   0x00000024   Code   RO         8510    i.dns_setserver     dns.o
    0x08009384   0x0000022c   Code   RO         5608    i.do_area1_get      dwgl_function.o
    0x080095b0   0x0000022c   Code   RO         5609    i.do_area2_get      dwgl_function.o
    0x080097dc   0x00000188   Code   RO         5610    i.done_area1_get    dwgl_function.o
    0x08009964   0x00000188   Code   RO         5611    i.done_area2_get    dwgl_function.o
    0x08009aec   0x00000638   Code   RO         6869    i.dwgl_FatInit      dwgl_fat.o
    0x0800a124   0x00000088   Code   RO         5612    i.dwgl_hex_send     dwgl_function.o
    0x0800a1ac   0x0000010c   Code   RO         9461    i.etharp_arp_input  etharp.o
    0x0800a2b8   0x00000038   Code   RO         9462    i.etharp_cleanup_netif  etharp.o
    0x0800a2f0   0x00000160   Code   RO         9464    i.etharp_find_entry  etharp.o
    0x0800a450   0x00000040   Code   RO         9465    i.etharp_free_entry  etharp.o
    0x0800a490   0x00000148   Code   RO         9466    i.etharp_output     etharp.o
    0x0800a5d8   0x0000006c   Code   RO         9467    i.etharp_output_to_arp_index  etharp.o
    0x0800a644   0x0000015c   Code   RO         9468    i.etharp_query      etharp.o
    0x0800a7a0   0x000000b2   Code   RO         9469    i.etharp_raw        etharp.o
    0x0800a852   0x00000002   PAD
    0x0800a854   0x0000002c   Code   RO         9470    i.etharp_request    etharp.o
    0x0800a880   0x00000038   Code   RO         9471    i.etharp_send_ip    etharp.o
    0x0800a8b8   0x0000008c   Code   RO         9472    i.etharp_tmr        etharp.o
    0x0800a944   0x000000b8   Code   RO         9473    i.etharp_update_arp_entry  etharp.o
    0x0800a9fc   0x000000b8   Code   RO         9474    i.ethernet_input    etharp.o
    0x0800aab4   0x00000030   Code   RO         9555    i.ethernetif_init   ethernetif.o
    0x0800aae4   0x0000002a   Code   RO         9556    i.ethernetif_input  ethernetif.o
    0x0800ab0e   0x00000020   Code   RO         9685    i.f_close           ff.o
    0x0800ab2e   0x0000019a   Code   RO         9688    i.f_lseek           ff.o
    0x0800acc8   0x00000166   Code   RO         9689    i.f_mkdir           ff.o
    0x0800ae2e   0x00000002   PAD
    0x0800ae30   0x00000684   Code   RO         9690    i.f_mkfs            ff.o
    0x0800b4b4   0x0000005c   Code   RO         9691    i.f_mount           ff.o
    0x0800b510   0x0000017e   Code   RO         9692    i.f_open            ff.o
    0x0800b68e   0x000001d0   Code   RO         9694    i.f_read            ff.o
    0x0800b85e   0x000000b0   Code   RO         9698    i.f_sync            ff.o
    0x0800b90e   0x0000020c   Code   RO         9702    i.f_write           ff.o
    0x0800bb1a   0x00000002   PAD
    0x0800bb1c   0x0000004c   Code   RO         9965    i.ff_convert        ccsbcs.o
    0x0800bb68   0x0000005c   Code   RO         9966    i.ff_wtoupper       ccsbcs.o
    0x0800bbc4   0x000003d8   Code   RO         9703    i.find_volume       ff.o
    0x0800bf9c   0x00000080   Code   RO         9704    i.fit_lfn           ff.o
    0x0800c01c   0x00000090   Code   RO         9705    i.follow_path       ff.o
    0x0800c0ac   0x00000024   Code   RO         6912    i.fputc             bsp_debug_usart.o
    0x0800c0d0   0x00000050   Code   RO        10274    i.free              mc_w.l(malloc.o)
    0x0800c120   0x000000b4   Code   RO         9706    i.gen_numname       ff.o
    0x0800c1d4   0x0000013e   Code   RO         9707    i.get_fat           ff.o
    0x0800c312   0x00000002   PAD
    0x0800c314   0x00000008   Code   RO         9620    i.get_fattime       diskio.o
    0x0800c31c   0x00000094   Code   RO         6613    i.get_input_dns     udp_demo.o
    0x0800c3b0   0x0000004a   Code   RO         9709    i.get_ldnumber      ff.o
    0x0800c3fa   0x00000002   PAD
    0x0800c3fc   0x00000240   Code   RO         5616    i.http_url_select   dwgl_function.o
    0x0800c63c   0x00000012   Code   RO         7978    i.icmp_dest_unreach  icmp.o
    0x0800c64e   0x00000002   PAD
    0x0800c650   0x0000015c   Code   RO         7979    i.icmp_input        icmp.o
    0x0800c7ac   0x00000070   Code   RO         7980    i.icmp_send_response  icmp.o
    0x0800c81c   0x00000012   Code   RO         7981    i.icmp_time_exceeded  icmp.o
    0x0800c82e   0x00000014   Code   RO         8039    i.inet_chksum       inet_chksum.o
    0x0800c842   0x00000056   Code   RO         8040    i.inet_chksum_pbuf  inet_chksum.o
    0x0800c898   0x0000004e   Code   RO         8148    i.ip4_addr_isbroadcast  ip_addr.o
    0x0800c8e6   0x00000002   PAD
    0x0800c8e8   0x000001ac   Code   RO         8201    i.ip_frag           ip_frag.o
    0x0800ca94   0x0000000a   Code   RO         8202    i.ip_frag_alloc_pbuf_custom_ref  ip_frag.o
    0x0800ca9e   0x00000012   Code   RO         8203    i.ip_frag_free_pbuf_custom_ref  ip_frag.o
    0x0800cab0   0x000001b8   Code   RO         8080    i.ip_input          ip.o
    0x0800cc68   0x00000038   Code   RO         8081    i.ip_output         ip.o
    0x0800cca0   0x000000c4   Code   RO         8082    i.ip_output_if      ip.o
    0x0800cd64   0x0000018c   Code   RO         8204    i.ip_reass          ip_frag.o
    0x0800cef0   0x00000164   Code   RO         8205    i.ip_reass_chain_frag_into_datagram_and_validate  ip_frag.o
    0x0800d054   0x0000002c   Code   RO         8206    i.ip_reass_dequeue_datagram  ip_frag.o
    0x0800d080   0x00000054   Code   RO         8207    i.ip_reass_enqueue_new_datagram  ip_frag.o
    0x0800d0d4   0x000000a0   Code   RO         8208    i.ip_reass_free_complete_datagram  ip_frag.o
    0x0800d174   0x0000007c   Code   RO         8209    i.ip_reass_remove_oldest_datagram  ip_frag.o
    0x0800d1f0   0x00000054   Code   RO         8083    i.ip_route          ip.o
    0x0800d244   0x00000018   Code   RO         8150    i.ipaddr_addr       ip_addr.o
    0x0800d25c   0x0000015c   Code   RO         8151    i.ipaddr_aton       ip_addr.o
    0x0800d3b8   0x00000020   Code   RO         8211    i.ipfrag_free_pbuf_custom  ip_frag.o
    0x0800d3d8   0x000004c8   Code   RO         5617    i.key_task          dwgl_function.o
    0x0800d8a0   0x00000020   Code   RO         9710    i.ld_clust          ff.o
    0x0800d8c0   0x00000098   Code   RO         9557    i.low_level_init    ethernetif.o
    0x0800d958   0x000000e0   Code   RO         9558    i.low_level_input   ethernetif.o
    0x0800da38   0x000000e0   Code   RO         9559    i.low_level_output  ethernetif.o
    0x0800db18   0x000001cc   Code   RO         5429    i.lwip_default_ip_set  netconf.o
    0x0800dce4   0x0000001a   Code   RO         8270    i.lwip_htonl        def.o
    0x0800dcfe   0x0000000c   Code   RO         8271    i.lwip_htons        def.o
    0x0800dd0a   0x0000000c   Code   RO         8272    i.lwip_ntohl        def.o
    0x0800dd16   0x0000000c   Code   RO         8273    i.lwip_ntohs        def.o
    0x0800dd22   0x0000005e   Code   RO         8043    i.lwip_standard_chksum  inet_chksum.o
    0x0800dd80   0x000003cc   Code   RO         5325    i.main              main.o
    0x0800e14c   0x000003e4   Code   RO         5618    i.make_area1_get    dwgl_function.o
    0x0800e530   0x000002ac   Code   RO         5619    i.make_area2_get    dwgl_function.o
    0x0800e7dc   0x000000d0   Code   RO         5620    i.make_device_mess  dwgl_function.o
    0x0800e8ac   0x00000324   Code   RO         5621    i.make_http_InitSoket  dwgl_function.o
    0x0800ebd0   0x00000208   Code   RO         5622    i.make_http_get     dwgl_function.o
    0x0800edd8   0x000002ac   Code   RO         5623    i.make_http_mess    dwgl_function.o
    0x0800f084   0x000002a0   Code   RO         5624    i.make_http_post    dwgl_function.o
    0x0800f324   0x00000160   Code   RO         5625    i.make_soket_10000  dwgl_function.o
    0x0800f484   0x00000130   Code   RO         5626    i.make_soket_10001  dwgl_function.o
    0x0800f5b4   0x00000270   Code   RO         5627    i.make_soket_10004  dwgl_function.o
    0x0800f824   0x00000278   Code   RO         5628    i.make_soket_10006  dwgl_function.o
    0x0800fa9c   0x000000a8   Code   RO         5629    i.make_soket_mess   dwgl_function.o
    0x0800fb44   0x0000006c   Code   RO         5630    i.make_soket_rxok   dwgl_function.o
    0x0800fbb0   0x00000020   Code   RO         5631    i.make_udpdebug_mess  dwgl_function.o
    0x0800fbd0   0x0000006c   Code   RO        10275    i.malloc            mc_w.l(malloc.o)
    0x0800fc3c   0x00000026   Code   RO         9711    i.mem_cmp           ff.o
    0x0800fc62   0x0000001a   Code   RO         9712    i.mem_cpy           ff.o
    0x0800fc7c   0x00000050   Code   RO         8612    i.mem_free          mem.o
    0x0800fccc   0x0000005c   Code   RO         8613    i.mem_init          mem.o
    0x0800fd28   0x000000ec   Code   RO         8614    i.mem_malloc        mem.o
    0x0800fe14   0x00000014   Code   RO         9713    i.mem_set           ff.o
    0x0800fe28   0x0000012c   Code   RO         8615    i.mem_trim          mem.o
    0x0800ff54   0x00000034   Code   RO         8656    i.memp_free         memp.o
    0x0800ff88   0x00000064   Code   RO         8657    i.memp_init         memp.o
    0x0800ffec   0x00000060   Code   RO         8658    i.memp_malloc       memp.o
    0x0801004c   0x00000034   Code   RO         9714    i.move_window       ff.o
    0x08010080   0x00000120   Code   RO         6614    i.my_found          udp_demo.o
    0x080101a0   0x00000070   Code   RO         8699    i.netif_add         netif.o
    0x08010210   0x00000028   Code   RO         8703    i.netif_set_addr    netif.o
    0x08010238   0x0000000c   Code   RO         8704    i.netif_set_default  netif.o
    0x08010244   0x0000002a   Code   RO         8705    i.netif_set_down    netif.o
    0x0801026e   0x0000000c   Code   RO         8706    i.netif_set_gw      netif.o
    0x0801027a   0x00000002   PAD
    0x0801027c   0x00000078   Code   RO         8707    i.netif_set_ipaddr  netif.o
    0x080102f4   0x00000006   Code   RO         8708    i.netif_set_link_callback  netif.o
    0x080102fa   0x0000002a   Code   RO         8709    i.netif_set_link_down  netif.o
    0x08010324   0x00000050   Code   RO         8710    i.netif_set_link_up  netif.o
    0x08010374   0x0000000c   Code   RO         8711    i.netif_set_netmask  netif.o
    0x08010380   0x00000036   Code   RO         8712    i.netif_set_up      netif.o
    0x080103b6   0x00000192   Code   RO         8799    i.pbuf_alloc        pbuf.o
    0x08010548   0x0000006c   Code   RO         8800    i.pbuf_alloced_custom  pbuf.o
    0x080105b4   0x00000038   Code   RO         8801    i.pbuf_cat          pbuf.o
    0x080105ec   0x00000016   Code   RO         8802    i.pbuf_chain        pbuf.o
    0x08010602   0x00000012   Code   RO         8803    i.pbuf_clen         pbuf.o
    0x08010614   0x000000c0   Code   RO         8805    i.pbuf_copy         pbuf.o
    0x080106d4   0x00000092   Code   RO         8806    i.pbuf_copy_partial  pbuf.o
    0x08010766   0x00000086   Code   RO         8808    i.pbuf_free         pbuf.o
    0x080107ec   0x0000007e   Code   RO         8810    i.pbuf_header       pbuf.o
    0x0801086a   0x00000078   Code   RO         8813    i.pbuf_realloc      pbuf.o
    0x080108e2   0x0000000a   Code   RO         8814    i.pbuf_ref          pbuf.o
    0x080108ec   0x00000074   Code   RO         8816    i.pbuf_take         pbuf.o
    0x08010960   0x00000088   Code   RO         8616    i.plug_holes        mem.o
    0x080109e8   0x00000188   Code   RO         9716    i.put_fat           ff.o
    0x08010b70   0x00000074   Code   RO         8915    i.raw_input         raw.o
    0x08010be4   0x0000006c   Code   RO         9717    i.remove_chain      ff.o
    0x08010c50   0x00000010   Code   RO         9718    i.st_clust          ff.o
    0x08010c60   0x00000020   Code   RO         9719    i.sum_sfn           ff.o
    0x08010c80   0x000000c8   Code   RO         9720    i.sync_fs           ff.o
    0x08010d48   0x00000052   Code   RO         9721    i.sync_window       ff.o
    0x08010d9a   0x00000002   PAD
    0x08010d9c   0x000008b4   Code   RO         5633    i.tcp2_cmd          dwgl_function.o
    0x08011650   0x000003ac   Code   RO         5634    i.tcp2_task         dwgl_function.o
    0x080119fc   0x00000094   Code   RO         8981    i.tcp_abandon       tcp.o
    0x08011a90   0x0000000e   Code   RO         8982    i.tcp_abort         tcp.o
    0x08011a9e   0x00000002   PAD
    0x08011aa0   0x000000e8   Code   RO         8985    i.tcp_alloc         tcp.o
    0x08011b88   0x00000004   Code   RO         8986    i.tcp_arg           tcp.o
    0x08011b8c   0x0000001c   Code   RO         8988    i.tcp_close         tcp.o
    0x08011ba8   0x000001c8   Code   RO         8989    i.tcp_close_shutdown  tcp.o
    0x08011d70   0x00000154   Code   RO         8990    i.tcp_connect       tcp.o
    0x08011ec4   0x000000ac   Code   RO         9258    i.tcp_create_segment  tcp_out.o
    0x08011f70   0x000000a0   Code   RO         6731    i.tcp_echoclient_connect  tcp_demo.o
    0x08012010   0x000001b8   Code   RO         6732    i.tcp_echoclient_connected  tcp_demo.o
    0x080121c8   0x00000030   Code   RO         6733    i.tcp_echoclient_connection_close  tcp_demo.o
    0x080121f8   0x0000003c   Code   RO         6734    i.tcp_echoclient_disconnect  tcp_demo.o
    0x08012234   0x0000003c   Code   RO         6735    i.tcp_echoclient_poll  tcp_demo.o
    0x08012270   0x00000290   Code   RO         6736    i.tcp_echoclient_recv  tcp_demo.o
    0x08012500   0x00000050   Code   RO         6737    i.tcp_echoclient_send  tcp_demo.o
    0x08012550   0x0000001e   Code   RO         6738    i.tcp_echoclient_sent  tcp_demo.o
    0x0801256e   0x0000002e   Code   RO         8992    i.tcp_eff_send_mss  tcp.o
    0x0801259c   0x00000110   Code   RO         9259    i.tcp_enqueue_flags  tcp_out.o
    0x080126ac   0x00000078   Code   RO         8994    i.tcp_fasttmr       tcp.o
    0x08012724   0x0000047c   Code   RO         9210    i.tcp_input         tcp_in.o
    0x08012ba0   0x00000044   Code   RO         9260    i.tcp_keepalive     tcp_out.o
    0x08012be4   0x00000054   Code   RO         8996    i.tcp_kill_prio     tcp.o
    0x08012c38   0x0000003c   Code   RO         8997    i.tcp_kill_timewait  tcp.o
    0x08012c74   0x00000130   Code   RO         9211    i.tcp_listen_input  tcp_in.o
    0x08012da4   0x0000000a   Code   RO         8999    i.tcp_new           tcp.o
    0x08012dae   0x00000002   PAD
    0x08012db0   0x00000068   Code   RO         9000    i.tcp_new_port      tcp.o
    0x08012e18   0x0000001c   Code   RO         9001    i.tcp_next_iss      tcp.o
    0x08012e34   0x000001c0   Code   RO         9261    i.tcp_output        tcp_out.o
    0x08012ff4   0x00000078   Code   RO         9262    i.tcp_output_alloc_header  tcp_out.o
    0x0801306c   0x000000d0   Code   RO         9263    i.tcp_output_segment  tcp_out.o
    0x0801313c   0x000000b8   Code   RO         9212    i.tcp_parseopt      tcp_in.o
    0x080131f4   0x00000078   Code   RO         9264    i.tcp_pbuf_prealloc  tcp_out.o
    0x0801326c   0x00000040   Code   RO         9002    i.tcp_pcb_purge     tcp.o
    0x080132ac   0x00000090   Code   RO         9003    i.tcp_pcb_remove    tcp.o
    0x0801333c   0x0000000e   Code   RO         9004    i.tcp_poll          tcp.o
    0x0801334a   0x00000002   PAD
    0x0801334c   0x0000058c   Code   RO         9213    i.tcp_process       tcp_in.o
    0x080138d8   0x0000008c   Code   RO         9005    i.tcp_process_refused_data  tcp.o
    0x08013964   0x0000063c   Code   RO         9214    i.tcp_receive       tcp_in.o
    0x08013fa0   0x00000008   Code   RO         9006    i.tcp_recv          tcp.o
    0x08013fa8   0x0000002e   Code   RO         9007    i.tcp_recv_null     tcp.o
    0x08013fd6   0x00000046   Code   RO         9008    i.tcp_recved        tcp.o
    0x0801401c   0x0000005a   Code   RO         9265    i.tcp_rexmit        tcp_out.o
    0x08014076   0x00000070   Code   RO         9266    i.tcp_rexmit_fast   tcp_out.o
    0x080140e6   0x0000003a   Code   RO         9267    i.tcp_rexmit_rto    tcp_out.o
    0x08014120   0x0000007c   Code   RO         9268    i.tcp_rst           tcp_out.o
    0x0801419c   0x0000001a   Code   RO         9009    i.tcp_seg_free      tcp.o
    0x080141b6   0x00000018   Code   RO         9010    i.tcp_segs_free     tcp.o
    0x080141ce   0x0000004e   Code   RO         9269    i.tcp_send_empty_ack  tcp_out.o
    0x0801421c   0x0000004a   Code   RO         9270    i.tcp_send_fin      tcp_out.o
    0x08014266   0x00000008   Code   RO         9011    i.tcp_sent          tcp.o
    0x0801426e   0x00000002   PAD
    0x08014270   0x00000334   Code   RO         9014    i.tcp_slowtmr       tcp.o
    0x080145a4   0x00000002   Code   RO         9355    i.tcp_timer_needed  timers.o
    0x080145a6   0x00000002   PAD
    0x080145a8   0x000000ac   Code   RO         9215    i.tcp_timewait_input  tcp_in.o
    0x08014654   0x00000024   Code   RO         9015    i.tcp_tmr           tcp.o
    0x08014678   0x0000004e   Code   RO         9016    i.tcp_update_rcv_ann_wnd  tcp.o
    0x080146c6   0x00000384   Code   RO         9271    i.tcp_write         tcp_out.o
    0x08014a4a   0x00000070   Code   RO         9272    i.tcp_write_checks  tcp_out.o
    0x08014aba   0x000000a4   Code   RO         9273    i.tcp_zero_window_probe  tcp_out.o
    0x08014b5e   0x00000002   PAD
    0x08014b60   0x00000210   Code   RO         5635    i.tcpl_cmd          dwgl_function.o
    0x08014d70   0x000004c4   Code   RO         5636    i.tcpl_task         dwgl_function.o
    0x08015234   0x00000234   Code   RO         6443    i.tft_1bitdeep_TXT  dwgl_tft.o
    0x08015468   0x00000038   Code   RO         6445    i.tft_Clear         dwgl_tft.o
    0x080154a0   0x00000092   Code   RO         6446    i.tft_DisplayStr    dwgl_tft.o
    0x08015532   0x00000002   PAD
    0x08015534   0x00000158   Code   RO         6447    i.tft_DisplayStr_debug  dwgl_tft.o
    0x0801568c   0x00000098   Code   RO         6449    i.tft_ShowCharE     dwgl_tft.o
    0x08015724   0x000000c0   Code   RO         6451    i.tft_ShowHzE       dwgl_tft.o
    0x080157e4   0x00000038   Code   RO         6452    i.tft_cs_disable    dwgl_tft.o
    0x0801581c   0x0000002c   Code   RO         6453    i.tft_cs_enable     dwgl_tft.o
    0x08015848   0x0000002c   Code   RO         6454    i.tft_debug_init    dwgl_tft.o
    0x08015874   0x0000005e   Code   RO         5637    i.u16toStr          dwgl_function.o
    0x080158d2   0x00000002   PAD
    0x080158d4   0x00000334   Code   RO         5638    i.udp1_cmd          dwgl_function.o
    0x08015c08   0x00000124   Code   RO         5639    i.udp1_task         dwgl_function.o
    0x08015d2c   0x00000080   Code   RO         9367    i.udp_bind          udp.o
    0x08015dac   0x00000064   Code   RO         9368    i.udp_connect       udp.o
    0x08015e10   0x00000024   Code   RO         6615    i.udp_demo_connection_close  udp_demo.o
    0x08015e34   0x0000010c   Code   RO         6616    i.udp_demo_recv     udp_demo.o
    0x08015f40   0x00000098   Code   RO         6617    i.udp_demo_senddata  udp_demo.o
    0x08015fd8   0x000000fc   Code   RO         6618    i.udp_demo_test     udp_demo.o
    0x080160d4   0x00000010   Code   RO         9369    i.udp_disconnect    udp.o
    0x080160e4   0x000001d0   Code   RO         9371    i.udp_input         udp.o
    0x080162b4   0x0000001c   Code   RO         9372    i.udp_new           udp.o
    0x080162d0   0x00000058   Code   RO         9373    i.udp_new_port      udp.o
    0x08016328   0x00000006   Code   RO         9374    i.udp_recv          udp.o
    0x0801632e   0x00000002   PAD
    0x08016330   0x00000040   Code   RO         9375    i.udp_remove        udp.o
    0x08016370   0x00000014   Code   RO         9376    i.udp_send          udp.o
    0x08016384   0x0000002e   Code   RO         9377    i.udp_sendto        udp.o
    0x080163b2   0x000000ce   Code   RO         9378    i.udp_sendto_if     udp.o
    0x08016480   0x00000032   Code   RO         9722    i.validate          ff.o
    0x080164b2   0x000005f0   Data   RO         6216    .constdata          asciilib_65k.o
    0x08016aa2   0x00000002   PAD
    0x08016aa4   0x00000008   Data   RO         8155    .constdata          ip_addr.o
    0x08016aac   0x00000024   Data   RO         8660    .constdata          memp.o
    0x08016ad0   0x00000050   Data   RO         9017    .constdata          tcp.o
    0x08016b20   0x0000000c   Data   RO         9476    .constdata          etharp.o
    0x08016b2c   0x000000ba   Data   RO         9723    .constdata          ff.o
    0x08016be6   0x000008b8   Data   RO         9967    .constdata          ccsbcs.o
    0x0801749e   0x00000081   Data   RO        10352    .constdata          mc_w.l(ctype_o.o)
    0x0801751f   0x00000001   PAD
    0x08017520   0x00000004   Data   RO        10353    .constdata          mc_w.l(ctype_o.o)
    0x08017524   0x0000008f   Data   RO         5640    .conststring        dwgl_function.o
    0x080175b3   0x00000001   PAD
    0x080175b4   0x00000075   Data   RO         9018    .conststring        tcp.o
    0x08017629   0x00000003   PAD
    0x0801762c   0x00000020   Data   RO        10385    Region$$Table       anon$$obj.o


    Execution Region RW_IRAM1 (Base: 0x20000000, Size: 0x0001b378, Max: 0x00030000, ABSOLUTE, COMPRESSED[0x00000098])

    Base Addr    Size         Type   Attr      Idx    E Section Name        Object

    0x20000000   0x00000014   Data   RW           16    .data               system_stm32f4xx.o
    0x20000014   0x00000010   Data   RW         2994    .data               stm32f4xx_rcc.o
    0x20000024   0x00000019   Data   RW         5431    .data               netconf.o
    0x2000003d   0x00000003   PAD
    0x20000040   0x00000067   Data   RW         5555    .data               dwgl_global.o
    0x200000a7   0x00000001   PAD
    0x200000a8   0x00000060   Data   RW         6270    .data               bsp_adc.o
    0x20000108   0x00000004   Data   RW         6329    .data               bsp_spi_flash.o
    0x2000010c   0x00000006   Data   RW         6456    .data               dwgl_tft.o
    0x20000112   0x00000002   PAD
    0x20000114   0x00000004   Data   RW         6578    .data               dwgl_tim.o
    0x20000118   0x00001009   Data   RW         6620    .data               udp_demo.o
    0x20001121   0x00000003   PAD
    0x20001124   0x0000000c   Data   RW         6740    .data               tcp_demo.o
    0x20001130   0x00000008   Data   RW         6871    .data               dwgl_fat.o
    0x20001138   0x00000004   Data   RW         6987    .data               bsp_systick.o
    0x2000113c   0x00000010   Data   RW         7138    .data               stm32f429_eth.o
    0x2000114c   0x00000006   Data   RW         7591    .data               stm32f429_phy.o
    0x20001152   0x00000002   PAD
    0x20001154   0x00000018   Data   RW         7702    .data               bsp_sdio_sd.o
    0x2000116c   0x00000012   Data   RW         8084    .data               ip.o
    0x2000117e   0x00000002   PAD
    0x20001180   0x00000006   Data   RW         8212    .data               ip_frag.o
    0x20001186   0x00000002   PAD
    0x20001188   0x00000004   Data   RW         8335    .data               dhcp.o
    0x2000118c   0x00000014   Data   RW         8513    .data               dns.o
    0x200011a0   0x0000000c   Data   RW         8618    .data               mem.o
    0x200011ac   0x00000009   Data   RW         8713    .data               netif.o
    0x200011b5   0x00000003   PAD
    0x200011b8   0x00000004   Data   RW         8921    .data               raw.o
    0x200011bc   0x00000024   Data   RW         9019    .data               tcp.o
    0x200011e0   0x00000020   Data   RW         9217    .data               tcp_in.o
    0x20001200   0x00000008   Data   RW         9379    .data               udp.o
    0x20001208   0x00000001   Data   RW         9477    .data               etharp.o
    0x20001209   0x00000003   PAD
    0x2000120c   0x0000000a   Data   RW         9724    .data               ff.o
    0x20001216   0x00000002   PAD
    0x20001218   0x00000004   Data   RW        10318    .data               mc_w.l(stdout.o)
    0x2000121c   0x00000004   Data   RW        10325    .data               mc_w.l(mvars.o)
    0x20001220   0x00000004   Data   RW        10326    .data               mc_w.l(mvars.o)
    0x20001224   0x00000004   Data   RW        10330    .data               mc_w.l(errno.o)
    0x20001228   0x000000c4   Zero   RW         5430    .bss                netconf.o
    0x200012ec   0x00003860   Zero   RW         5554    .bss                dwgl_global.o
    0x20004b4c   0x00002c70   Zero   RW         6455    .bss                dwgl_tft.o
    0x200077bc   0x00001044   Zero   RW         6619    .bss                udp_demo.o
    0x20008800   0x0000654c   Zero   RW         6739    .bss                tcp_demo.o
    0x2000ed4c   0x0000309c   Zero   RW         6870    .bss                dwgl_fat.o
    0x20011de8   0x000030ac   Zero   RW         7137    .bss                stm32f429_eth.o
    0x20014e94   0x000000bc   Zero   RW         7590    .bss                stm32f429_phy.o
    0x20014f50   0x000000cc   Zero   RW         7701    .bss                bsp_sdio_sd.o
    0x2001501c   0x00000032   Zero   RW         8334    .bss                dhcp.o
    0x2001504e   0x00000002   PAD
    0x20015050   0x00000663   Zero   RW         8512    .bss                dns.o
    0x200156b3   0x00002814   Zero   RW         8617    .bss                mem.o
    0x20017ec7   0x00000001   PAD
    0x20017ec8   0x000021d7   Zero   RW         8659    .bss                memp.o
    0x2001a09f   0x00000001   PAD
    0x2001a0a0   0x00000010   Zero   RW         9216    .bss                tcp_in.o
    0x2001a0b0   0x000000c8   Zero   RW         9475    .bss                etharp.o
    0x2001a178   0x00000200   Zero   RW            2    HEAP                startup_stm32f429_439xx.o
    0x2001a378   0x00001000   Zero   RW            1    STACK               startup_stm32f429_439xx.o


==============================================================================

Image component sizes


      Code (inc. data)   RO Data    RW Data    ZI Data      Debug   Object Name

         0          0       1520          0          0        571   asciilib_65k.o
       936         86          0         96          0       4153   bsp_adc.o
       196         12          0          0          0       1341   bsp_debug_usart.o
        40          4          0          0          0        554   bsp_key.o
       104          8          0          0          0        594   bsp_led.o
      5068        292          0         24        204      26023   bsp_sdio_sd.o
      1086        148          0          4          0       6795   bsp_spi_flash.o
       152         24          0          4          0      28783   bsp_systick.o
       168         14       2232          0          0       2471   ccsbcs.o
        62          0          0          0          0       2284   def.o
      4138         96          0          4         50      23923   dhcp.o
       552          8          0          0          0       5113   diskio.o
      1658        104          0         20       1635       9859   dns.o
       746         18          0          0          0       4407   dwgl_bsp_gpio.o
      1592        762          0          8      12444       5203   dwgl_fat.o
     20738       3776        143          0          0      36600   dwgl_function.o
        64          0          0        103      14432       7436   dwgl_global.o
      4884        122          0          6      11376      16814   dwgl_tft.o
       136         14          0          4          0       1432   dwgl_tim.o
      2592         58          0          0          0       6263   dwgl_wb_lcd.o
      2310         66         12          1        200      14280   etharp.o
       690         48          0          0          0       4962   ethernetif.o
      9244        140        186         10          0      39315   ff.o
       496          8          0          0          0       4250   icmp.o
         0          0          0          0          0       3840   inet.o
       200          0          0          0          0       2797   inet_chksum.o
       776         32          0         18          0      21945   ip.o
       450          6          8          0          0       9086   ip_addr.o
      1652         36          0          6          0      10793   ip_frag.o
       972        318          0          0          0        931   main.o
       844         68          0         12      10260       5213   mem.o
       248         32         36          0       8663       4101   memp.o
       140         24          0          0          0       1771   misc.o
      1916        580          0         25        196      18483   netconf.o
       532         24          0          9          0       9778   netif.o
      1450          0          0          0          0      10863   pbuf.o
       116         14          0          4          0       1592   raw.o
        36          8        428          0       4608        980   startup_stm32f429_439xx.o
      2280        156          0         16      12460      51253   stm32f429_eth.o
       872         72          0          6        188       9195   stm32f429_phy.o
       436         24          0          0          0       7571   stm32f4xx_adc.o
       586         40          0          0          0       5456   stm32f4xx_dma.o
       372         10          0          0          0       2379   stm32f4xx_fmc.o
       240          0          0          0          0       3951   stm32f4xx_gpio.o
       168         42          0          0          0       4414   stm32f4xx_it.o
       424         54          0         16          0       6986   stm32f4xx_rcc.o
       370         80          0          0          0      11750   stm32f4xx_sdio.o
       112          0          0          0          0       3922   stm32f4xx_spi.o
        12          6          0          0          0        646   stm32f4xx_syscfg.o
       214         28          0          0          0       4098   stm32f4xx_tim.o
       288          8          0          0          0       4274   stm32f4xx_usart.o
       392         32          0         20          0     382225   system_stm32f4xx.o
      3152        174        197         36          0      29425   tcp.o
      1534        352          0         12      25932      15404   tcp_demo.o
      4824        288          0         32         16      16831   tcp_in.o
      3120         10          0          0          0      15727   tcp_out.o
         2          0          0          0          0        499   timers.o
      1166         38          0          8          0      18002   udp.o
      1444        294          0       4105       4164      13557   udp_demo.o

    ----------------------------------------------------------------------
     89072       8658       4800       4632     106832     963164   Object Totals
         0          0         32          0          0          0   (incl. Generated)
        80          0          6         23          4          0   (incl. Padding)

    ----------------------------------------------------------------------

      Code (inc. data)   RO Data    RW Data    ZI Data      Debug   Library Member Name

        86          0          0          0          0          0   __dczerorl2.o
        28          0          0          0          0         68   _chval.o
       158          0          0          0          0         92   _strtoul.o
        26          0          0          0          0         80   atoi.o
         8          4        133          0          0         68   ctype_o.o
         0          0          0          0          0          0   entry.o
         0          0          0          0          0          0   entry10a.o
         0          0          0          0          0          0   entry11a.o
         8          4          0          0          0          0   entry2.o
         4          0          0          0          0          0   entry5.o
         0          0          0          0          0          0   entry7b.o
         0          0          0          0          0          0   entry8b.o
         8          4          0          0          0          0   entry9a.o
         8          4          0          4          0         68   errno.o
        30          0          0          0          0          0   handlers.o
        36          8          0          0          0         68   init.o
        30          0          0          0          0         68   llshl.o
        32          0          0          0          0         68   llushr.o
       188         20          0          0          0        160   malloc.o
        26          0          0          0          0         80   memcmp.o
        36          0          0          0          0         68   memcpya.o
        36          0          0          0          0        108   memseta.o
         0          0          0          8          0          0   mvars.o
       786         62          0          0          0        336   printf5.o
         0          0          0          4          0          0   stdout.o
        24          0          0          0          0         68   strcat.o
        28          0          0          0          0         76   strcmp.o
        14          0          0          0          0         68   strlen.o
       112          0          0          0          0         88   strtol.o
        98          0          0          0          0         92   uldiv.o

    ----------------------------------------------------------------------
      1814        106        134         16          0       1724   Library Totals
         4          0          1          0          0          0   (incl. Padding)

    ----------------------------------------------------------------------

      Code (inc. data)   RO Data    RW Data    ZI Data      Debug   Library Name

      1810        106        133         16          0       1724   mc_w.l

    ----------------------------------------------------------------------
      1814        106        134         16          0       1724   Library Totals

    ----------------------------------------------------------------------

==============================================================================


      Code (inc. data)   RO Data    RW Data    ZI Data      Debug   

     90886       8764       4934       4648     106832     918588   Grand Totals
     90886       8764       4934        152     106832     918588   ELF Image Totals (compressed)
     90886       8764       4934        152          0          0   ROM Totals

==============================================================================

    Total RO  Size (Code + RO Data)                95820 (  93.57kB)
    Total RW  Size (RW Data + ZI Data)            111480 ( 108.87kB)
    Total ROM Size (Code + RO Data + RW Data)      95972 (  93.72kB)

==============================================================================

