Component: ARM Compiler 5.06 update 2 (build 183) Tool: armlink [4d35b7]

==============================================================================

Section Cross References

    startup_stm32f429_439xx.o(RESET) refers to startup_stm32f429_439xx.o(STACK) for __initial_sp
    startup_stm32f429_439xx.o(RESET) refers to startup_stm32f429_439xx.o(.text) for Reset_Handler
    startup_stm32f429_439xx.o(RESET) refers to stm32f4xx_it.o(i.NMI_Handler) for NMI_Handler
    startup_stm32f429_439xx.o(RESET) refers to stm32f4xx_it.o(i.HardFault_Handler) for HardFault_Handler
    startup_stm32f429_439xx.o(RESET) refers to stm32f4xx_it.o(i.MemManage_Handler) for MemManage_Handler
    startup_stm32f429_439xx.o(RESET) refers to stm32f4xx_it.o(i.BusFault_Handler) for BusFault_Handler
    startup_stm32f429_439xx.o(RESET) refers to stm32f4xx_it.o(i.UsageFault_Handler) for UsageFault_Handler
    startup_stm32f429_439xx.o(RESET) refers to stm32f4xx_it.o(i.SVC_Handler) for SVC_Handler
    startup_stm32f429_439xx.o(RESET) refers to stm32f4xx_it.o(i.DebugMon_Handler) for DebugMon_Handler
    startup_stm32f429_439xx.o(RESET) refers to stm32f4xx_it.o(i.PendSV_Handler) for PendSV_Handler
    startup_stm32f429_439xx.o(RESET) refers to stm32f4xx_it.o(i.SysTick_Handler) for SysTick_Handler
    startup_stm32f429_439xx.o(RESET) refers to bsp_adc.o(i.ADC_IRQHandler) for ADC_IRQHandler
    startup_stm32f429_439xx.o(RESET) refers to dwgl_tim.o(i.TIM3_IRQHandler) for TIM3_IRQHandler
    startup_stm32f429_439xx.o(RESET) refers to bsp_sdio_sd.o(i.SDIO_IRQHandler) for SDIO_IRQHandler
    startup_stm32f429_439xx.o(RESET) refers to bsp_sdio_sd.o(i.DMA2_Stream3_IRQHandler) for DMA2_Stream3_IRQHandler
    startup_stm32f429_439xx.o(.text) refers to system_stm32f4xx.o(i.SystemInit) for SystemInit
    startup_stm32f429_439xx.o(.text) refers to entry.o(.ARM.Collect$$$$00000000) for __main
    system_stm32f4xx.o(i.SystemCoreClockUpdate) refers to system_stm32f4xx.o(.data) for SystemCoreClock
    system_stm32f4xx.o(i.SystemInit) refers to system_stm32f4xx.o(i.SetSysClock) for SetSysClock
    stm32f4xx_adc.o(i.ADC_DeInit) refers to stm32f4xx_rcc.o(i.RCC_APB2PeriphResetCmd) for RCC_APB2PeriphResetCmd
    stm32f4xx_can.o(i.CAN_DeInit) refers to stm32f4xx_rcc.o(i.RCC_APB1PeriphResetCmd) for RCC_APB1PeriphResetCmd
    stm32f4xx_can.o(i.CAN_GetITStatus) refers to stm32f4xx_can.o(i.CheckITStatus) for CheckITStatus
    stm32f4xx_cryp.o(i.CRYP_DeInit) refers to stm32f4xx_rcc.o(i.RCC_AHB2PeriphResetCmd) for RCC_AHB2PeriphResetCmd
    stm32f4xx_cryp_aes.o(i.CRYP_AES_CBC) refers to stm32f4xx_cryp.o(i.CRYP_KeyStructInit) for CRYP_KeyStructInit
    stm32f4xx_cryp_aes.o(i.CRYP_AES_CBC) refers to stm32f4xx_cryp.o(i.CRYP_FIFOFlush) for CRYP_FIFOFlush
    stm32f4xx_cryp_aes.o(i.CRYP_AES_CBC) refers to stm32f4xx_cryp.o(i.CRYP_Init) for CRYP_Init
    stm32f4xx_cryp_aes.o(i.CRYP_AES_CBC) refers to stm32f4xx_cryp.o(i.CRYP_KeyInit) for CRYP_KeyInit
    stm32f4xx_cryp_aes.o(i.CRYP_AES_CBC) refers to stm32f4xx_cryp.o(i.CRYP_Cmd) for CRYP_Cmd
    stm32f4xx_cryp_aes.o(i.CRYP_AES_CBC) refers to stm32f4xx_cryp.o(i.CRYP_GetFlagStatus) for CRYP_GetFlagStatus
    stm32f4xx_cryp_aes.o(i.CRYP_AES_CBC) refers to stm32f4xx_cryp.o(i.CRYP_IVInit) for CRYP_IVInit
    stm32f4xx_cryp_aes.o(i.CRYP_AES_CBC) refers to stm32f4xx_cryp.o(i.CRYP_GetCmdStatus) for CRYP_GetCmdStatus
    stm32f4xx_cryp_aes.o(i.CRYP_AES_CBC) refers to stm32f4xx_cryp.o(i.CRYP_DataIn) for CRYP_DataIn
    stm32f4xx_cryp_aes.o(i.CRYP_AES_CBC) refers to stm32f4xx_cryp.o(i.CRYP_DataOut) for CRYP_DataOut
    stm32f4xx_cryp_aes.o(i.CRYP_AES_CCM) refers to stm32f4xx_cryp.o(i.CRYP_KeyStructInit) for CRYP_KeyStructInit
    stm32f4xx_cryp_aes.o(i.CRYP_AES_CCM) refers to stm32f4xx_cryp.o(i.CRYP_FIFOFlush) for CRYP_FIFOFlush
    stm32f4xx_cryp_aes.o(i.CRYP_AES_CCM) refers to stm32f4xx_cryp.o(i.CRYP_KeyInit) for CRYP_KeyInit
    stm32f4xx_cryp_aes.o(i.CRYP_AES_CCM) refers to stm32f4xx_cryp.o(i.CRYP_IVInit) for CRYP_IVInit
    stm32f4xx_cryp_aes.o(i.CRYP_AES_CCM) refers to stm32f4xx_cryp.o(i.CRYP_Init) for CRYP_Init
    stm32f4xx_cryp_aes.o(i.CRYP_AES_CCM) refers to stm32f4xx_cryp.o(i.CRYP_PhaseConfig) for CRYP_PhaseConfig
    stm32f4xx_cryp_aes.o(i.CRYP_AES_CCM) refers to stm32f4xx_cryp.o(i.CRYP_DataIn) for CRYP_DataIn
    stm32f4xx_cryp_aes.o(i.CRYP_AES_CCM) refers to stm32f4xx_cryp.o(i.CRYP_Cmd) for CRYP_Cmd
    stm32f4xx_cryp_aes.o(i.CRYP_AES_CCM) refers to stm32f4xx_cryp.o(i.CRYP_GetCmdStatus) for CRYP_GetCmdStatus
    stm32f4xx_cryp_aes.o(i.CRYP_AES_CCM) refers to stm32f4xx_cryp.o(i.CRYP_GetFlagStatus) for CRYP_GetFlagStatus
    stm32f4xx_cryp_aes.o(i.CRYP_AES_CCM) refers to stm32f4xx_cryp.o(i.CRYP_DataOut) for CRYP_DataOut
    stm32f4xx_cryp_aes.o(i.CRYP_AES_CTR) refers to stm32f4xx_cryp.o(i.CRYP_KeyStructInit) for CRYP_KeyStructInit
    stm32f4xx_cryp_aes.o(i.CRYP_AES_CTR) refers to stm32f4xx_cryp.o(i.CRYP_KeyInit) for CRYP_KeyInit
    stm32f4xx_cryp_aes.o(i.CRYP_AES_CTR) refers to stm32f4xx_cryp.o(i.CRYP_Init) for CRYP_Init
[...]
    make_area1_get                           0x0804fd9d   Thumb Code  1482  dwgl_function.o(i.make_area1_get)
    make_area2_get                           0x080503b9   Thumb Code   580  dwgl_function.o(i.make_area2_get)
    make_area4_get                           0x0805068d   Thumb Code   788  dwgl_function.o(i.make_area4_get)
    make_area5_get                           0x08050a81   Thumb Code   724  dwgl_function.o(i.make_area5_get)
    make_device_mess                         0x08050e11   Thumb Code   260  dwgl_function.o(i.make_device_mess)
    make_http_InitSoket                      0x08050f89   Thumb Code   518  dwgl_function.o(i.make_http_InitSoket)
    make_http_get                            0x080512b1   Thumb Code   342  dwgl_function.o(i.make_http_get)
    make_http_mess                           0x080514b9   Thumb Code   566  dwgl_function.o(i.make_http_mess)
    make_http_post                           0x080518b1   Thumb Code   464  dwgl_function.o(i.make_http_post)
    make_soket_10000                         0x08051bad   Thumb Code   348  dwgl_function.o(i.make_soket_10000)
    make_soket_10001                         0x08051d0d   Thumb Code   298  dwgl_function.o(i.make_soket_10001)
    make_soket_10004                         0x08051e3d   Thumb Code   514  dwgl_function.o(i.make_soket_10004)
    make_soket_10006                         0x0805208d   Thumb Code   514  dwgl_function.o(i.make_soket_10006)
    make_soket_10009                         0x080522dd   Thumb Code   552  dwgl_function.o(i.make_soket_10009)
    make_soket_10011                         0x0805254d   Thumb Code   544  dwgl_function.o(i.make_soket_10011)
    make_soket_mess                          0x080527b9   Thumb Code   140  dwgl_function.o(i.make_soket_mess)
    make_soket_rxok                          0x08052865   Thumb Code   100  dwgl_function.o(i.make_soket_rxok)
    make_udpdebug_mess                       0x080528d1   Thumb Code    28  dwgl_function.o(i.make_udpdebug_mess)
    malloc                                   0x080528f1   Thumb Code    92  malloc.o(i.malloc)
    mem_free                                 0x0805299d   Thumb Code    68  mem.o(i.mem_free)
    mem_init                                 0x080529ed   Thumb Code    74  mem.o(i.mem_init)
    mem_malloc                               0x08052a49   Thumb Code   222  mem.o(i.mem_malloc)
    mem_trim                                 0x08052b49   Thumb Code   288  mem.o(i.mem_trim)
    memp_free                                0x08052c75   Thumb Code    48  memp.o(i.memp_free)
    memp_init                                0x08052ca9   Thumb Code    82  memp.o(i.memp_init)
    memp_malloc                              0x08052d0d   Thumb Code    86  memp.o(i.memp_malloc)
    my_found                                 0x08052da1   Thumb Code   256  udp_demo.o(i.my_found)
    netif_add                                0x08052ecd   Thumb Code   104  netif.o(i.netif_add)
    netif_set_addr                           0x08052f3d   Thumb Code    40  netif.o(i.netif_set_addr)
    netif_set_default                        0x08052f65   Thumb Code     6  netif.o(i.netif_set_default)
    netif_set_down                           0x08052f71   Thumb Code    42  netif.o(i.netif_set_down)
    netif_set_gw                             0x08052f9b   Thumb Code    12  netif.o(i.netif_set_gw)
    netif_set_ipaddr                         0x08052fa9   Thumb Code   110  netif.o(i.netif_set_ipaddr)
    netif_set_link_callback                  0x08053021   Thumb Code     6  netif.o(i.netif_set_link_callback)
    netif_set_link_down                      0x08053027   Thumb Code    42  netif.o(i.netif_set_link_down)
    netif_set_link_up                        0x08053051   Thumb Code    80  netif.o(i.netif_set_link_up)
    netif_set_netmask                        0x080530a1   Thumb Code    12  netif.o(i.netif_set_netmask)
    netif_set_up                             0x080530ad   Thumb Code    54  netif.o(i.netif_set_up)
    pbuf_alloc                               0x080530e3   Thumb Code   402  pbuf.o(i.pbuf_alloc)
    pbuf_alloced_custom                      0x08053275   Thumb Code   108  pbuf.o(i.pbuf_alloced_custom)
    pbuf_cat                                 0x080532e1   Thumb Code    56  pbuf.o(i.pbuf_cat)
    pbuf_chain                               0x08053319   Thumb Code    22  pbuf.o(i.pbuf_chain)
    pbuf_clen                                0x0805332f   Thumb Code    18  pbuf.o(i.pbuf_clen)
    pbuf_copy                                0x08053341   Thumb Code   192  pbuf.o(i.pbuf_copy)
    pbuf_copy_partial                        0x08053401   Thumb Code   146  pbuf.o(i.pbuf_copy_partial)
    pbuf_free                                0x08053493   Thumb Code   134  pbuf.o(i.pbuf_free)
    pbuf_header                              0x08053519   Thumb Code   126  pbuf.o(i.pbuf_header)
    pbuf_realloc                             0x08053597   Thumb Code   120  pbuf.o(i.pbuf_realloc)
    pbuf_ref                                 0x0805360f   Thumb Code    10  pbuf.o(i.pbuf_ref)
    pbuf_take                                0x08053619   Thumb Code   116  pbuf.o(i.pbuf_take)
    put_fat                                  0x08053795   Thumb Code   392  ff.o(i.put_fat)
    raw_input                                0x0805391d   Thumb Code   102  raw.o(i.raw_input)
    software_task                            0x080539fd   Thumb Code   276  dwgl_chipflash.o(i.software_task)
    tcp2_cmd                                 0x08053cad   Thumb Code  1580  dwgl_function.o(i.tcp2_cmd)
    tcp2_task                                0x080542f9   Thumb Code   750  dwgl_function.o(i.tcp2_task)
    tcp_abandon                              0x080546a9   Thumb Code   136  tcp.o(i.tcp_abandon)
    tcp_abort                                0x0805473d   Thumb Code    14  tcp.o(i.tcp_abort)
    tcp_alloc                                0x0805474d   Thumb Code   210  tcp.o(i.tcp_alloc)
    tcp_arg                                  0x08054835   Thumb Code     4  tcp.o(i.tcp_arg)
    tcp_close                                0x08054839   Thumb Code    28  tcp.o(i.tcp_close)
    tcp_connect                              0x08054a1d   Thumb Code   324  tcp.o(i.tcp_connect)
    tcp_echoclient_connect                   0x08054c1d   Thumb Code   100  tcp_demo.o(i.tcp_echoclient_connect)
    tcp_echoclient_disconnect                0x08054ea5   Thumb Code    28  tcp_demo.o(i.tcp_echoclient_disconnect)
    tcp_eff_send_mss                         0x0805521b   Thumb Code    46  tcp.o(i.tcp_eff_send_mss)
    tcp_enqueue_flags                        0x08055249   Thumb Code   272  tcp_out.o(i.tcp_enqueue_flags)
    tcp_fasttmr                              0x08055359   Thumb Code   106  tcp.o(i.tcp_fasttmr)
    tcp_input                                0x080553d1   Thumb Code  1132  tcp_in.o(i.tcp_input)
    tcp_keepalive                            0x0805584d   Thumb Code    68  tcp_out.o(i.tcp_keepalive)
    tcp_new                                  0x08055a51   Thumb Code    10  tcp.o(i.tcp_new)
    tcp_next_iss                             0x08055ac5   Thumb Code    20  tcp.o(i.tcp_next_iss)
    tcp_output                               0x08055ae1   Thumb Code   444  tcp_out.o(i.tcp_output)
    tcp_pcb_purge                            0x08055f19   Thumb Code    64  tcp.o(i.tcp_pcb_purge)
    tcp_pcb_remove                           0x08055f59   Thumb Code   140  tcp.o(i.tcp_pcb_remove)
    tcp_poll                                 0x08055fe9   Thumb Code    14  tcp.o(i.tcp_poll)
    tcp_process_refused_data                 0x08056585   Thumb Code   140  tcp.o(i.tcp_process_refused_data)
    tcp_recv                                 0x08056c4d   Thumb Code     8  tcp.o(i.tcp_recv)
    tcp_recv_null                            0x08056c55   Thumb Code    46  tcp.o(i.tcp_recv_null)
    tcp_recved                               0x08056c83   Thumb Code    70  tcp.o(i.tcp_recved)
    tcp_rexmit                               0x08056cc9   Thumb Code    90  tcp_out.o(i.tcp_rexmit)
    tcp_rexmit_fast                          0x08056d23   Thumb Code   112  tcp_out.o(i.tcp_rexmit_fast)
    tcp_rexmit_rto                           0x08056d93   Thumb Code    58  tcp_out.o(i.tcp_rexmit_rto)
    tcp_rst                                  0x08056dcd   Thumb Code   124  tcp_out.o(i.tcp_rst)
    tcp_seg_free                             0x08056e49   Thumb Code    26  tcp.o(i.tcp_seg_free)
    tcp_segs_free                            0x08056e63   Thumb Code    24  tcp.o(i.tcp_segs_free)
    tcp_send_empty_ack                       0x08056e7b   Thumb Code    78  tcp_out.o(i.tcp_send_empty_ack)
    tcp_send_fin                             0x08056ec9   Thumb Code    74  tcp_out.o(i.tcp_send_fin)
    tcp_sent                                 0x08056f13   Thumb Code     8  tcp.o(i.tcp_sent)
    tcp_slowtmr                              0x08056f1d   Thumb Code   786  tcp.o(i.tcp_slowtmr)
    tcp_timer_needed                         0x08057251   Thumb Code     2  timers.o(i.tcp_timer_needed)
    tcp_tmr                                  0x08057301   Thumb Code    30  tcp.o(i.tcp_tmr)
    tcp_update_rcv_ann_wnd                   0x08057325   Thumb Code    78  tcp.o(i.tcp_update_rcv_ann_wnd)
    tcp_write                                0x08057373   Thumb Code   900  tcp_out.o(i.tcp_write)
    tcp_zero_window_probe                    0x08057767   Thumb Code   164  tcp_out.o(i.tcp_zero_window_probe)
    tcpl_cmd                                 0x0805780d   Thumb Code   658  dwgl_function.o(i.tcpl_cmd)
    tcpl_task                                0x08057b1d   Thumb Code   914  dwgl_function.o(i.tcpl_task)
    tft_1bitdeep_TXT                         0x08058009   Thumb Code   554  dwgl_tft.o(i.tft_1bitdeep_TXT)
    tft_Clear                                0x0805823d   Thumb Code    56  dwgl_tft.o(i.tft_Clear)
    tft_DisplayStr                           0x08058275   Thumb Code   130  dwgl_tft.o(i.tft_DisplayStr)
    tft_DisplayStr_debug                     0x080582f9   Thumb Code   324  dwgl_tft.o(i.tft_DisplayStr_debug)
    tft_ShowCharE                            0x08058441   Thumb Code   142  dwgl_tft.o(i.tft_ShowCharE)
    tft_cs_disable                           0x080584d9   Thumb Code    52  dwgl_tft.o(i.tft_cs_disable)
    tft_cs_enable                            0x08058511   Thumb Code    38  dwgl_tft.o(i.tft_cs_enable)
    tft_debug_init                           0x0805853d   Thumb Code    38  dwgl_tft.o(i.tft_debug_init)
    u16toStr                                 0x08058569   Thumb Code    94  dwgl_function.o(i.u16toStr)
    udp1_cmd                                 0x080585c9   Thumb Code  2300  dwgl_function.o(i.udp1_cmd)
    udp1_task                                0x08058f8d   Thumb Code   216  dwgl_function.o(i.udp1_task)
    udp_bind                                 0x08059091   Thumb Code   122  udp.o(i.udp_bind)
    udp_connect                              0x08059111   Thumb Code    94  udp.o(i.udp_connect)
    udp_demo_connection_close                0x08059175   Thumb Code    30  udp_demo.o(i.udp_demo_connection_close)
    udp_demo_recv                            0x08059199   Thumb Code   214  udp_demo.o(i.udp_demo_recv)
    udp_demo_senddata                        0x080592a5   Thumb Code   152  udp_demo.o(i.udp_demo_senddata)
    udp_demo_test                            0x08059351   Thumb Code   200  udp_demo.o(i.udp_demo_test)
    udp_disconnect                           0x0805944d   Thumb Code    16  udp.o(i.udp_disconnect)
    udp_input                                0x0805945d   Thumb Code   450  udp.o(i.udp_input)
    udp_new                                  0x0805962d   Thumb Code    28  udp.o(i.udp_new)
    udp_recv                                 0x080596a1   Thumb Code     6  udp.o(i.udp_recv)
    udp_remove                               0x080596a9   Thumb Code    60  udp.o(i.udp_remove)
    udp_send                                 0x080596e9   Thumb Code    20  udp.o(i.udp_send)
    udp_sendto                               0x080596fd   Thumb Code    46  udp.o(i.udp_sendto)
    udp_sendto_if                            0x0805972b   Thumb Code   206  udp.o(i.udp_sendto_if)
    AsciiLib                                 0x0805982a   Data        1520  asciilib_65k.o(.constdata)
    ip_addr_any                              0x08059e1c   Data           4  ip_addr.o(.constdata)
    ip_addr_broadcast                        0x08059e20   Data           4  ip_addr.o(.constdata)
    tcp_state_str                            0x08059e48   Data          44  tcp.o(.constdata)
    tcp_backoff                              0x08059e74   Data          13  tcp.o(.constdata)
    tcp_persist_backoff                      0x08059e81   Data           7  tcp.o(.constdata)
    tcp_pcb_lists                            0x08059e88   Data          16  tcp.o(.constdata)
    ethbroadcast                             0x08059e98   Data           6  etharp.o(.constdata)
    ethzero                                  0x08059e9e   Data           6  etharp.o(.constdata)
    __ctype_table                            0x0805a816   Data         129  ctype_o.o(.constdata)
    Region$$Table$$Base                      0x0805a9a4   Number         0  anon$$obj.o(Region$$Table)
    Region$$Table$$Limit                     0x0805a9c4   Number         0  anon$$obj.o(Region$$Table)
    SystemCoreClock                          0x20000000   Data           4  system_stm32f4xx.o(.data)
    AHBPrescTable                            0x20000004   Data          16  system_stm32f4xx.o(.data)
    TCPTimer                                 0x20000024   Data           4  netconf.o(.data)
    ARPTimer                                 0x20000028   Data           4  netconf.o(.data)
    LinkTimer                                0x2000002c   Data           4  netconf.o(.data)
    IPaddress                                0x20000030   Data           4  netconf.o(.data)
    DHCPfineTimer                            0x20000034   Data           4  netconf.o(.data)
    DHCPcoarseTimer                          0x20000038   Data           4  netconf.o(.data)
    DHCP_state                               0x2000003c   Data           1  netconf.o(.data)
    time_sys                                 0x20000040   Data           4  dwgl_global.o(.data)
    time_ms                                  0x20000044   Data           4  dwgl_global.o(.data)
    send_times                               0x20000048   Data           4  dwgl_global.o(.data)
    step                                     0x2000004c   Data           2  dwgl_global.o(.data)
    time_s                                   0x2000004e   Data           2  dwgl_global.o(.data)
    testcmd1_time                            0x20000050   Data           2  dwgl_global.o(.data)
    testcmd3_time                            0x20000052   Data           2  dwgl_global.o(.data)
    time_s_temp                              0x20000054   Data           4  dwgl_global.o(.data)
    global_u16temp                           0x20000058   Data           2  dwgl_global.o(.data)
    global_u16p                              0x2000005c   Data           4  dwgl_global.o(.data)
    touch_flag                               0x20000060   Data           1  dwgl_global.o(.data)
    time_uart1                               0x20000064   Data           4  dwgl_global.o(.data)
    time_uart3                               0x20000068   Data           4  dwgl_global.o(.data)
    Dport_State                              0x2000006c   Data           6  dwgl_global.o(.data)
    checking_port                            0x20000072   Data           2  dwgl_global.o(.data)
    file_addr                                0x20000074   Data           4  dwgl_global.o(.data)
    Rfile_addr                               0x20000078   Data           4  dwgl_global.o(.data)
    file_hook                                0x2000007c   Data           1  dwgl_global.o(.data)
    file_wr                                  0x2000007d   Data           1  dwgl_global.o(.data)
    file_id                                  0x2000007e   Data           1  dwgl_global.o(.data)
    NextFileAddr                             0x20000080   Data           4  dwgl_global.o(.data)
    check_time                               0x20000084   Data           4  dwgl_global.o(.data)
    UART1_RXBUFFE_HEAD                       0x20000088   Data           2  dwgl_global.o(.data)
    UART1_RXBUFFE_LAST                       0x2000008a   Data           2  dwgl_global.o(.data)
    UART3_RXBUFFE_HEAD                       0x2000008c   Data           2  dwgl_global.o(.data)
    UART3_RXBUFFE_LAST                       0x2000008e   Data           2  dwgl_global.o(.data)
    AINx_ADCch                               0x20000090   Data          18  dwgl_global.o(.data)
    charge_speed                             0x200000a2   Data           2  dwgl_global.o(.data)
    SF_REG                                   0x200000a4   Data           1  dwgl_global.o(.data)
    GAIN_REG                                 0x200000a5   Data           1  dwgl_global.o(.data)
    KEEP_EN                                  0x200000a6   Data           1  dwgl_global.o(.data)
    ADC1_Pointer                             0x200000a8   Data           4  bsp_adc.o(.data)
    ADC1_BufSize                             0x200000ac   Data           2  bsp_adc.o(.data)
    ADC1_Length                              0x200000ae   Data           2  bsp_adc.o(.data)
    ADC1_State                               0x200000b0   Data           1  bsp_adc.o(.data)
    ADC1_Error                               0x200000b1   Data           1  bsp_adc.o(.data)
    ADC1_Buffer                              0x200000b2   Data           2  bsp_adc.o(.data)
    ADC2_Pointer                             0x200000b4   Data           4  bsp_adc.o(.data)
    ADC2_BufSize                             0x200000b8   Data           2  bsp_adc.o(.data)
    ADC2_Length                              0x200000ba   Data           2  bsp_adc.o(.data)
    ADC2_State                               0x200000bc   Data           1  bsp_adc.o(.data)
    ADC2_Error                               0x200000bd   Data           1  bsp_adc.o(.data)
    ADC2_Buffer                              0x200000be   Data           2  bsp_adc.o(.data)
    ADC3_Pointer                             0x200000c0   Data           4  bsp_adc.o(.data)
    ADC3_BufSize                             0x200000c4   Data           2  bsp_adc.o(.data)
    ADC3_Length                              0x200000c6   Data           2  bsp_adc.o(.data)
    ADC3_State                               0x200000c8   Data           1  bsp_adc.o(.data)
    ADC3_Error                               0x200000c9   Data           1  bsp_adc.o(.data)
    ADC3_Buffer                              0x200000ca   Data           2  bsp_adc.o(.data)
    ADC1_channel                             0x200000cc   Data          18  bsp_adc.o(.data)
    ADC3_channel                             0x200000df   Data          18  bsp_adc.o(.data)
    ADC1_sampling_times                      0x200000f2   Data           1  bsp_adc.o(.data)
    ADC3_sampling_times                      0x200000f3   Data           1  bsp_adc.o(.data)
    ADC_ANx_piont                            0x200000f4   Data          18  bsp_adc.o(.data)
    ADC_ConvertedValue                       0x20000106   Data           2  bsp_adc.o(.data)
    g32_temp                                 0x2000010c   Data           4  dwgl_tft.o(.data)
    g16_temp                                 0x20000110   Data           2  dwgl_tft.o(.data)
    LocalTime                                0x20000114   Data           4  dwgl_tim.o(.data)
    dnsdebug_pcb                             0x20000118   Data           4  udp_demo.o(.data)
    udpdebug_pcb                             0x2000011c   Data           4  udp_demo.o(.data)
    udp1_txbuf                               0x20000120   Data        4096  udp_demo.o(.data)
    udp_demo_flag                            0x20001120   Data           1  udp_demo.o(.data)
    message_count                            0x20001124   Data           4  tcp_demo.o(.data)
    soket_pcb                                0x20001128   Data           4  tcp_demo.o(.data)
    http_pcb                                 0x2000112c   Data           4  tcp_demo.o(.data)
    res_sd                                   0x20001130   Data           1  dwgl_fat.o(.data)
    fnum                                     0x20001134   Data           4  dwgl_fat.o(.data)
    base_add                                 0x20001138   Data           2  dwgl_chipflash.o(.data)
    jump2app                                 0x2000113c   Data           4  dwgl_chipflash.o(.data)
    DMATxDescToSet                           0x20001144   Data           4  stm32f429_eth.o(.data)
    DMARxDescToGet                           0x20001148   Data           4  stm32f429_eth.o(.data)
    DMA_RX_FRAME_infos                       0x2000114c   Data           4  stm32f429_eth.o(.data)
    Frame_Rx_index                           0x20001150   Data           4  stm32f429_eth.o(.data)
    EthStatus                                0x20001154   Data           4  stm32f429_phy.o(.data)
    EthLinkStatus                            0x20001158   Data           1  stm32f429_phy.o(.data)
    StopCondition                            0x20001164   Data           4  bsp_sdio_sd.o(.data)
    TransferError                            0x20001168   Data           1  bsp_sdio_sd.o(.data)
    TransferEnd                              0x2000116c   Data           4  bsp_sdio_sd.o(.data)
    DMAEndOfTransfer                         0x20001170   Data           4  bsp_sdio_sd.o(.data)
    current_netif                            0x20001174   Data           4  ip.o(.data)
    current_header                           0x20001178   Data           4  ip.o(.data)
    current_iphdr_src                        0x2000117c   Data           4  ip.o(.data)
    current_iphdr_dest                       0x20001180   Data           4  ip.o(.data)
    netif_list                               0x200011b4   Data           4  netif.o(.data)
    netif_default                            0x200011b8   Data           4  netif.o(.data)
    tcp_ticks                                0x200011c8   Data           4  tcp.o(.data)
    tcp_bound_pcbs                           0x200011cc   Data           4  tcp.o(.data)
    tcp_listen_pcbs                          0x200011d0   Data           4  tcp.o(.data)
    tcp_active_pcbs                          0x200011d4   Data           4  tcp.o(.data)
    tcp_tw_pcbs                              0x200011d8   Data           4  tcp.o(.data)
    tcp_tmp_pcb                              0x200011dc   Data           4  tcp.o(.data)
    tcp_active_pcbs_changed                  0x200011e0   Data           1  tcp.o(.data)
    tcp_input_pcb                            0x20001204   Data           4  tcp_in.o(.data)
    udp_pcbs                                 0x2000120c   Data           4  udp.o(.data)
    __stdout                                 0x20001220   Data           4  stdout.o(.data)
    __microlib_freelist                      0x20001224   Data           4  mvars.o(.data)
    __microlib_freelist_initialised          0x20001228   Data           4  mvars.o(.data)
    gnetif                                   0x20001230   Data          56  netconf.o(.bss)
    self_default_lwip                        0x20001268   Data          28  netconf.o(.bss)
    soket_lwip                               0x20001284   Data          28  netconf.o(.bss)
    http_lwip                                0x200012a0   Data          28  netconf.o(.bss)
    dnsdebug_lwip                            0x200012bc   Data          28  netconf.o(.bss)
    udpdebug_lwip                            0x200012d8   Data          28  netconf.o(.bss)
    data_b                                   0x200012f4   Data        2048  dwgl_global.o(.bss)
    device                                   0x20001af4   Data        2256  dwgl_global.o(.bss)
    info2STR                                 0x200023c4   Data         171  dwgl_global.o(.bss)
    LCDC                                     0x20002470   Data         724  dwgl_global.o(.bss)
    fkey                                     0x20002744   Data          20  dwgl_global.o(.bss)
    str_buffer                               0x20002758   Data        4100  dwgl_global.o(.bss)
    LCD_TxtBuffer                            0x2000375c   Data        4100  dwgl_global.o(.bss)
    UART_BUFFER                              0x20004760   Data         128  dwgl_global.o(.bss)
    UART1_TXBUFFER                           0x200047e0   Data         128  dwgl_global.o(.bss)
    UART1_RXBUFFER                           0x20004860   Data         512  dwgl_global.o(.bss)
    UART2_TXBUFFER                           0x20004a60   Data         128  dwgl_global.o(.bss)
    UART2_RXBUFFER                           0x20004ae0   Data         128  dwgl_global.o(.bss)
    UART3_TXBUFFER                           0x20004b60   Data         128  dwgl_global.o(.bss)
    UART3_RXBUFFER                           0x20004be0   Data         128  dwgl_global.o(.bss)
    SPI_BUFFER                               0x20004c60   Data         128  dwgl_global.o(.bss)
    ADC_BUFFER                               0x20004ce0   Data         640  dwgl_global.o(.bss)
    ADC_Base0                                0x20004f60   Data          36  dwgl_global.o(.bss)
    ADC_Base1                                0x20004f84   Data          36  dwgl_global.o(.bss)
    device_num                               0x20004fa8   Data          20  dwgl_global.o(.bss)
    AD_count                                 0x20004fbc   Data         128  dwgl_global.o(.bss)
    FatFile_AD                               0x2000503c   Data         556  dwgl_tft.o(.bss)
    FatFile_URL                              0x20005268   Data         556  dwgl_tft.o(.bss)
    FatFileBuf                               0x20005494   Data       16400  dwgl_tft.o(.bss)
    DebugStr                                 0x200094a4   Data          16  dwgl_tft.o(.bss)
    DebugStr_str_data                        0x200094b4   Data        2048  dwgl_tft.o(.bss)
    UdpdebugM_init                           0x20009cb4   Data          68  udp_demo.o(.bss)
    udp1_rxbuf                               0x20009cf8   Data        4096  udp_demo.o(.bss)
    HttpU_buffer                             0x2000acf8   Data        8832  tcp_demo.o(.bss)
    HttpM_init                               0x2000cf78   Data         332  tcp_demo.o(.bss)
    ChargeM_init                             0x2000d0c4   Data         428  tcp_demo.o(.bss)
    tcp1_rxbuf                               0x2000d270   Data        4096  tcp_demo.o(.bss)
    tcp1_txbuf                               0x2000e270   Data        4096  tcp_demo.o(.bss)
    tcp2_rxbuf                               0x2000f270   Data        4096  tcp_demo.o(.bss)
    tcp2_txbuf                               0x20010270   Data        4096  tcp_demo.o(.bss)
    fs                                       0x20011270   Data        4144  dwgl_fat.o(.bss)
    fnew                                     0x200122a0   Data        4132  dwgl_fat.o(.bss)
    fsrc                                     0x200132c4   Data        4132  dwgl_fat.o(.bss)
    dirs                                     0x200142e8   Data          36  dwgl_fat.o(.bss)
    software                                 0x2001430c   Data         152  dwgl_chipflash.o(.bss)
    DMARxDscrTab                             0x200143a4   Data         128  stm32f429_eth.o(.bss)
    DMATxDscrTab                             0x20014424   Data         128  stm32f429_eth.o(.bss)
    Rx_Buff                                  0x200144a4   Data        6096  stm32f429_eth.o(.bss)
    Tx_Buff                                  0x20015c74   Data        6096  stm32f429_eth.o(.bss)
    RX_Frame_Descriptor                      0x20017444   Data          12  stm32f429_eth.o(.bss)
    ETH_InitStructure                        0x20017450   Data         188  stm32f429_phy.o(.bss)
    SDCardInfo                               0x20017540   Data          88  bsp_sdio_sd.o(.bss)
    SDIO_InitStructure                       0x20017598   Data          24  bsp_sdio_sd.o(.bss)
    SDIO_CmdInitStructure                    0x200175b0   Data          20  bsp_sdio_sd.o(.bss)
    SDIO_DataInitStructure                   0x200175c4   Data          24  bsp_sdio_sd.o(.bss)
    dhcp_rx_options_val                      0x200175dc   Data          40  dhcp.o(.bss)
    dhcp_rx_options_given                    0x20017604   Data          10  dhcp.o(.bss)
    ram_heap                                 0x20017c73   Data       10260  mem.o(.bss)
    memp_tab                                 0x2001a488   Data          36  memp.o(.bss)
    __heap_base                              0x2001c738   Data           0  startup_stm32f429_439xx.o(HEAP)
    __heap_limit                             0x2001c938   Data           0  startup_stm32f429_439xx.o(HEAP)
    __initial_sp                             0x2001d938   Data           0  startup_stm32f429_439xx.o(STACK)



==============================================================================

Memory Map of the image

  Image Entry point : 0x080401ad

  Load Region LR_IROM1 (Base: 0x08040000, Size: 0x0001bbf4, Max: 0x00100000, ABSOLUTE, COMPRESSED[0x0001aa5c])

    Execution Region ER_IROM1 (Base: 0x08040000, Size: 0x0001a9c4, Max: 0x00100000, ABSOLUTE)

    Base Addr    Size         Type   Attr      Idx    E Section Name        Object

    0x08040000   0x000001ac   Data   RO            3    RESET               startup_stm32f429_439xx.o
    0x080401ac   0x00000000   Code   RO        10160  * .ARM.Collect$$$$00000000  mc_w.l(entry.o)
    0x080401ac   0x00000004   Code   RO        10470    .ARM.Collect$$$$00000001  mc_w.l(entry2.o)
    0x080401b0   0x00000004   Code   RO        10473    .ARM.Collect$$$$00000004  mc_w.l(entry5.o)
    0x080401b4   0x00000000   Code   RO        10475    .ARM.Collect$$$$00000008  mc_w.l(entry7b.o)
    0x080401b4   0x00000000   Code   RO        10477    .ARM.Collect$$$$0000000A  mc_w.l(entry8b.o)
    0x080401b4   0x00000008   Code   RO        10478    .ARM.Collect$$$$0000000B  mc_w.l(entry9a.o)
    0x080401bc   0x00000000   Code   RO        10480    .ARM.Collect$$$$0000000D  mc_w.l(entry10a.o)
    0x080401bc   0x00000000   Code   RO        10482    .ARM.Collect$$$$0000000F  mc_w.l(entry11a.o)
    0x080401bc   0x00000004   Code   RO        10471    .ARM.Collect$$$$00002712  mc_w.l(entry2.o)
    0x080401c0   0x00000024   Code   RO            4    .text               startup_stm32f429_439xx.o
    0x080401e4   0x00000062   Code   RO        10163    .text               mc_w.l(uldiv.o)
    0x08040246   0x00000024   Code   RO        10165    .text               mc_w.l(memcpya.o)
    0x0804026a   0x00000024   Code   RO        10167    .text               mc_w.l(memseta.o)
    0x0804028e   0x00000018   Code   RO        10169    .text               mc_w.l(strcat.o)
    0x080402a6   0x0000000e   Code   RO        10171    .text               mc_w.l(strlen.o)
    0x080402b4   0x0000001c   Code   RO        10173    .text               mc_w.l(strcmp.o)
    0x080402d0   0x0000001a   Code   RO        10175    .text               mc_w.l(memcmp.o)
    0x080402ea   0x0000001a   Code   RO        10468    .text               mc_w.l(atoi.o)
    0x08040304   0x0000001e   Code   RO        10487    .text               mc_w.l(llshl.o)
    0x08040322   0x00000020   Code   RO        10489    .text               mc_w.l(llushr.o)
    0x08040342   0x00000070   Code   RO        10500    .text               mc_w.l(strtol.o)
    0x080403b2   0x00000002   PAD
    0x080403b4   0x00000024   Code   RO        10513    .text               mc_w.l(init.o)
    0x080403d8   0x00000008   Code   RO        10517    .text               mc_w.l(ctype_o.o)
    0x080403e0   0x0000009e   Code   RO        10545    .text               mc_w.l(_strtoul.o)
    0x0804047e   0x0000001c   Code   RO        10549    .text               mc_w.l(_chval.o)
    0x0804049a   0x00000056   Code   RO        10559    .text               mc_w.l(__dczerorl2.o)
    0x080404f0   0x0000000a   Code   RO          392    i.ADC_ClearITPendingBit  stm32f4xx_adc.o
    0x080404fa   0x00000016   Code   RO          393    i.ADC_Cmd           stm32f4xx_adc.o
    0x08040510   0x00000030   Code   RO          394    i.ADC_CommonInit    stm32f4xx_adc.o
    0x08040540   0x00000194   Code   RO         6325    i.ADC_GPIO_Config   bsp_adc.o
    0x080406d4   0x00000008   Code   RO          405    i.ADC_GetConversionValue  stm32f4xx_adc.o
    0x080406dc   0x00000026   Code   RO          407    i.ADC_GetITStatus   stm32f4xx_adc.o
    0x08040702   0x00000002   PAD
    0x08040704   0x0000010c   Code   RO         6326    i.ADC_IRQHandler    bsp_adc.o
    0x08040810   0x00000020   Code   RO          412    i.ADC_ITConfig      stm32f4xx_adc.o
    0x08040830   0x00000054   Code   RO          413    i.ADC_Init          stm32f4xx_adc.o
    0x08040884   0x000000e4   Code   RO         6327    i.ADC_Mode_Config   bsp_adc.o
    0x08040968   0x000000b8   Code   RO          418    i.ADC_RegularChannelConfig  stm32f4xx_adc.o
    0x08040a20   0x0000000a   Code   RO          420    i.ADC_SoftwareStartConv  stm32f4xx_adc.o
    0x08040a2a   0x00000002   PAD
    0x08040a2c   0x00000024   Code   RO         6328    i.BSP_ADC_Init      bsp_adc.o
    0x08040a50   0x00000254   Code   RO         6212    i.BSP_GPIO_Config   dwgl_bsp_gpio.o
    0x08040ca4   0x00000004   Code   RO         5357    i.BusFault_Handler  stm32f4xx_it.o
    0x08040ca8   0x000001dc   Code   RO         6973    i.CHIP_PRO          dwgl_chipflash.o
    0x08040e84   0x00000530   Code   RO         6974    i.Check_CHIP_PRO    dwgl_chipflash.o
    0x080413b4   0x0000002c   Code   RO         7825    i.CmdError          bsp_sdio_sd.o
    0x080413e0   0x00000134   Code   RO         7826    i.CmdResp1Error     bsp_sdio_sd.o
    0x08041514   0x0000004c   Code   RO         7827    i.CmdResp2Error     bsp_sdio_sd.o
    0x08041560   0x00000038   Code   RO         7828    i.CmdResp3Error     bsp_sdio_sd.o
    0x08041598   0x0000009c   Code   RO         7829    i.CmdResp6Error     bsp_sdio_sd.o
    0x08041634   0x0000004c   Code   RO         7830    i.CmdResp7Error     bsp_sdio_sd.o
    0x08041680   0x00000008   Code   RO         7831    i.DMA2_Stream3_IRQHandler  bsp_sdio_sd.o
    0x08041688   0x00000034   Code   RO         1391    i.DMA_ClearFlag     stm32f4xx_dma.o
    0x080416bc   0x00000016   Code   RO         1393    i.DMA_Cmd           stm32f4xx_dma.o
    0x080416d2   0x00000002   PAD
    0x080416d4   0x00000158   Code   RO         1394    i.DMA_DeInit        stm32f4xx_dma.o
    0x0804182c   0x00000016   Code   RO         1397    i.DMA_FlowControllerConfig  stm32f4xx_dma.o
    0x08041842   0x0000003a   Code   RO         1404    i.DMA_ITConfig      stm32f4xx_dma.o
    0x0804187c   0x00000058   Code   RO         1405    i.DMA_Init          stm32f4xx_dma.o
    0x080418d4   0x00000002   Code   RO         5358    i.DebugMon_Handler  stm32f4xx_it.o
    0x080418d6   0x00000002   PAD
    0x080418d8   0x000000a8   Code   RO         7076    i.Debug_USART_Config  bsp_debug_usart.o
    0x08041980   0x00000018   Code   RO         7150    i.Delay_10ms        bsp_systick.o
    0x08041998   0x00000018   Code   RO         5990    i.Delay_1ms         dwgl_wb_lcd.o
    0x080419b0   0x0000002c   Code   RO         7751    i.ETH_BSP_Config    stm32f429_phy.o
    0x080419dc   0x000000dc   Code   RO         7220    i.ETH_CheckFrameReceived  stm32f429_eth.o
    0x08041ab8   0x0000004c   Code   RO         7752    i.ETH_CheckLinkStatus  stm32f429_phy.o
    0x08041b04   0x00000024   Code   RO         7224    i.ETH_DMAReceptionCmd  stm32f429_eth.o
    0x08041b28   0x00000064   Code   RO         7225    i.ETH_DMARxDescChainInit  stm32f429_eth.o
    0x08041b8c   0x00000024   Code   RO         7227    i.ETH_DMATransmissionCmd  stm32f429_eth.o
    0x08041bb0   0x00000050   Code   RO         7230    i.ETH_DMATxDescChainInit  stm32f429_eth.o
    0x08041c00   0x00000008   Code   RO         7231    i.ETH_DMATxDescChecksumInsertionConfig  stm32f429_eth.o
    0x08041c08   0x00000016   Code   RO         7236    i.ETH_DeInit        stm32f429_eth.o
    0x08041c1e   0x00000002   PAD
    0x08041c20   0x0000002c   Code   RO         7238    i.ETH_FlushTransmitFIFO  stm32f429_eth.o
    0x08041c4c   0x00000150   Code   RO         7753    i.ETH_GPIO_Config   stm32f429_phy.o
    0x08041d9c   0x00000018   Code   RO         7264    i.ETH_GetSoftwareResetStatus  stm32f429_eth.o
    0x08041db4   0x00000048   Code   RO         7266    i.ETH_Get_Received_Frame  stm32f429_eth.o
    0x08041dfc   0x00000314   Code   RO         7269    i.ETH_Init          stm32f429_eth.o
    0x08042110   0x00000034   Code   RO         7271    i.ETH_MACAddressConfig  stm32f429_eth.o
    0x08042144   0x000000a0   Code   RO         7754    i.ETH_MACDMA_Config  stm32f429_phy.o
    0x080421e4   0x0000003c   Code   RO         7276    i.ETH_MACReceptionCmd  stm32f429_eth.o
    0x08042220   0x0000003c   Code   RO         7277    i.ETH_MACTransmissionCmd  stm32f429_eth.o
    0x0804225c   0x000000cc   Code   RO         7288    i.ETH_Prepare_Transmit_Descriptors  stm32f429_eth.o
    0x08042328   0x0000006c   Code   RO         7289    i.ETH_ReadPHYRegister  stm32f429_eth.o
    0x08042394   0x00000014   Code   RO         7297    i.ETH_SoftwareReset  stm32f429_eth.o
    0x080423a8   0x00000020   Code   RO         7298    i.ETH_Start         stm32f429_eth.o
    0x080423c8   0x00000020   Code   RO         7299    i.ETH_Stop          stm32f429_eth.o
    0x080423e8   0x000000b2   Code   RO         7300    i.ETH_StructInit    stm32f429_eth.o
    0x0804249a   0x00000002   PAD
    0x0804249c   0x00000068   Code   RO         7302    i.ETH_WritePHYRegister  stm32f429_eth.o
    0x08042504   0x00000100   Code   RO         7755    i.ETH_link_callback  stm32f429_phy.o
    0x08042604   0x0000000c   Code   RO         1721    i.FLASH_ClearFlag   stm32f4xx_flash.o
    0x08042610   0x00000088   Code   RO         1727    i.FLASH_EraseSector  stm32f4xx_flash.o
    0x08042698   0x00000054   Code   RO         1729    i.FLASH_GetStatus   stm32f4xx_flash.o
    0x080426ec   0x00000014   Code   RO         1733    i.FLASH_Lock        stm32f4xx_flash.o
    0x08042700   0x00000050   Code   RO         1757    i.FLASH_ProgramWord  stm32f4xx_flash.o
    0x08042750   0x00000024   Code   RO         1759    i.FLASH_Unlock      stm32f4xx_flash.o
    0x08042774   0x00000022   Code   RO         1760    i.FLASH_WaitForLastOperation  stm32f4xx_flash.o
    0x08042796   0x00000002   PAD
    0x08042798   0x00000034   Code   RO         5161    i.FMC_NORSRAMCmd    stm32f4xx_fmc.o
    0x080427cc   0x00000140   Code   RO         5163    i.FMC_NORSRAMInit   stm32f4xx_fmc.o
    0x0804290c   0x00000194   Code   RO         7832    i.FindSCR           bsp_sdio_sd.o
    0x08042aa0   0x0000001e   Code   RO         6213    i.GPIO_EN_9V        dwgl_bsp_gpio.o
    0x08042abe   0x0000001e   Code   RO         6214    i.GPIO_EN_FAN       dwgl_bsp_gpio.o
    0x08042adc   0x0000001e   Code   RO         6215    i.GPIO_EN_HV        dwgl_bsp_gpio.o
    0x08042afa   0x0000001e   Code   RO         6216    i.GPIO_EN_TPS54336  dwgl_bsp_gpio.o
    0x08042b18   0x00000090   Code   RO         2034    i.GPIO_Init         stm32f4xx_gpio.o
    0x08042ba8   0x00000046   Code   RO         2035    i.GPIO_PinAFConfig  stm32f4xx_gpio.o
    0x08042bee   0x00000012   Code   RO         2038    i.GPIO_ReadInputDataBit  stm32f4xx_gpio.o
    0x08042c00   0x00000004   Code   RO         2041    i.GPIO_ResetBits    stm32f4xx_gpio.o
    0x08042c04   0x0000001e   Code   RO         6218    i.GPIO_SW_883       dwgl_bsp_gpio.o
    0x08042c22   0x00000004   Code   RO         2042    i.GPIO_SetBits      stm32f4xx_gpio.o
    0x08042c26   0x00000002   PAD
    0x08042c28   0x000001d0   Code   RO         6975    i.GetSector         dwgl_chipflash.o
    0x08042df8   0x0000002c   Code   RO         5599    i.Get_ADC_BaseLine  dwgl_function.o
    0x08042e24   0x0000003c   Code   RO         6976    i.Get_PRO_State     dwgl_chipflash.o
    0x08042e60   0x00000048   Code   RO         6977    i.Goto_APP          dwgl_chipflash.o
    0x08042ea8   0x00000058   Code   RO         5359    i.HardFault_Handler  stm32f4xx_it.o
    0x08042f00   0x00000024   Code   RO         7045    i.IWDG_Config       bsp_iwdg.o
    0x08042f24   0x00000010   Code   RO         2549    i.IWDG_Enable       stm32f4xx_iwdg.o
    0x08042f34   0x00000010   Code   RO         2551    i.IWDG_ReloadCounter  stm32f4xx_iwdg.o
    0x08042f44   0x0000000c   Code   RO         2552    i.IWDG_SetPrescaler  stm32f4xx_iwdg.o
    0x08042f50   0x0000000c   Code   RO         2553    i.IWDG_SetReload    stm32f4xx_iwdg.o
    0x08042f5c   0x0000000c   Code   RO         2554    i.IWDG_WriteAccessCmd  stm32f4xx_iwdg.o
    0x08042f68   0x00000028   Code   RO         7117    i.Key_GPIO_Config   bsp_key.o
    0x08042f90   0x00000054   Code   RO         6001    i.LCD_Fill          dwgl_wb_lcd.o
    0x08042fe4   0x00000330   Code   RO         6004    i.LCD_Init          dwgl_wb_lcd.o
    0x08043314   0x00000078   Code   RO         6007    i.LCD_InitAll       dwgl_wb_lcd.o
    0x0804338c   0x0000024c   Code   RO         6008    i.LCD_Init_BSP      dwgl_wb_lcd.o
    0x080435d8   0x00000130   Code   RO         5600    i.LCD_TEST          dwgl_function.o
    0x08043708   0x00000044   Code   RO         6016    i.LCD_WindowMax     dwgl_wb_lcd.o
    0x0804374c   0x00000008   Code   RO         6017    i.LCD_WriteRAM_Prepare  dwgl_wb_lcd.o
    0x08043754   0x00000bf4   Code   RO         5601    i.LCD_task          dwgl_function.o
    0x08044348   0x00000068   Code   RO         7195    i.LED_GPIO_Config   bsp_led.o
    0x080443b0   0x000003e4   Code   RO         5432    i.LwIP_DHCP_Process_Handle  netconf.o
    0x08044794   0x000000c4   Code   RO         5433    i.LwIP_Init         netconf.o
    0x08044858   0x000000f8   Code   RO         5434    i.LwIP_Periodic_Handle  netconf.o
    0x08044950   0x00000010   Code   RO         5435    i.LwIP_Pkt_Handle   netconf.o
    0x08044960   0x00000004   Code   RO         5360    i.MemManage_Handler  stm32f4xx_it.o
    0x08044964   0x00000002   Code   RO         5361    i.NMI_Handler       stm32f4xx_it.o
    0x08044966   0x00000040   Code   RO         5564    i.NVIC_Configuration  dwgl_global.o
    0x080449a6   0x00000002   PAD
    0x080449a8   0x00000078   Code   RO          335    i.NVIC_Init         misc.o
    0x08044a20   0x00000014   Code   RO          336    i.NVIC_PriorityGroupConfig  misc.o
    0x08044a34   0x00000002   Code   RO         5362    i.PendSV_Handler    stm32f4xx_it.o
    0x08044a36   0x00000002   PAD
    0x08044a38   0x00000020   Code   RO         2948    i.RCC_AHB1PeriphClockCmd  stm32f4xx_rcc.o
    0x08044a58   0x00000020   Code   RO         2950    i.RCC_AHB1PeriphResetCmd  stm32f4xx_rcc.o
    0x08044a78   0x00000020   Code   RO         2954    i.RCC_AHB3PeriphClockCmd  stm32f4xx_rcc.o
    0x08044a98   0x00000020   Code   RO         2957    i.RCC_APB1PeriphClockCmd  stm32f4xx_rcc.o
    0x08044ab8   0x00000020   Code   RO         2959    i.RCC_APB1PeriphResetCmd  stm32f4xx_rcc.o
    0x08044ad8   0x00000020   Code   RO         2960    i.RCC_APB2PeriphClockCmd  stm32f4xx_rcc.o
    0x08044af8   0x00000020   Code   RO         2962    i.RCC_APB2PeriphResetCmd  stm32f4xx_rcc.o
    0x08044b18   0x000000e8   Code   RO         2969    i.RCC_GetClocksFreq  stm32f4xx_rcc.o
    0x08044c00   0x0000011c   Code   RO         7834    i.SDEnWideBus       bsp_sdio_sd.o
    0x08044d1c   0x0000000c   Code   RO         3879    i.SDIO_ClearFlag    stm32f4xx_sdio.o
    0x08044d28   0x0000000c   Code   RO         3880    i.SDIO_ClearITPendingBit  stm32f4xx_sdio.o
    0x08044d34   0x0000000c   Code   RO         3881    i.SDIO_ClockCmd     stm32f4xx_sdio.o
    0x08044d40   0x0000000c   Code   RO         3884    i.SDIO_DMACmd       stm32f4xx_sdio.o
    0x08044d4c   0x00000034   Code   RO         3885    i.SDIO_DataConfig   stm32f4xx_sdio.o
    0x08044d80   0x00000016   Code   RO         3887    i.SDIO_DeInit       stm32f4xx_sdio.o
    0x08044d96   0x00000002   PAD
    0x08044d98   0x0000000c   Code   RO         3888    i.SDIO_GetCommandResponse  stm32f4xx_sdio.o
    0x08044da4   0x00000018   Code   RO         3891    i.SDIO_GetFlagStatus  stm32f4xx_sdio.o
    0x08044dbc   0x00000018   Code   RO         3892    i.SDIO_GetITStatus  stm32f4xx_sdio.o
    0x08044dd4   0x00000010   Code   RO         3893    i.SDIO_GetPowerState  stm32f4xx_sdio.o
    0x08044de4   0x00000018   Code   RO         3894    i.SDIO_GetResponse  stm32f4xx_sdio.o
    0x08044dfc   0x00000008   Code   RO         7835    i.SDIO_IRQHandler   bsp_sdio_sd.o
    0x08044e04   0x00000020   Code   RO         3895    i.SDIO_ITConfig     stm32f4xx_sdio.o
    0x08044e24   0x00000030   Code   RO         3896    i.SDIO_Init         stm32f4xx_sdio.o
    0x08044e54   0x0000000c   Code   RO         3897    i.SDIO_ReadData     stm32f4xx_sdio.o
    0x08044e60   0x0000002c   Code   RO         3899    i.SDIO_SendCommand  stm32f4xx_sdio.o
    0x08044e8c   0x0000000c   Code   RO         3901    i.SDIO_SetPowerState  stm32f4xx_sdio.o
    0x08044e98   0x0000000c   Code   RO         7837    i.SD_Detect         bsp_sdio_sd.o
    0x08044ea4   0x00000090   Code   RO         7838    i.SD_EnableWideBusOperation  bsp_sdio_sd.o
    0x08044f34   0x0000031c   Code   RO         7840    i.SD_GetCardInfo    bsp_sdio_sd.o
    0x08045250   0x00000026   Code   RO         7842    i.SD_GetState       bsp_sdio_sd.o
    0x08045276   0x0000001e   Code   RO         7843    i.SD_GetStatus      bsp_sdio_sd.o
    0x08045294   0x000000c0   Code   RO         7846    i.SD_Init           bsp_sdio_sd.o
    0x08045354   0x0000013c   Code   RO         7847    i.SD_InitializeCards  bsp_sdio_sd.o
    0x08045490   0x00000090   Code   RO         7848    i.SD_LowLevel_DMA_RxConfig  bsp_sdio_sd.o
    0x08045520   0x00000090   Code   RO         7849    i.SD_LowLevel_DMA_TxConfig  bsp_sdio_sd.o
    0x080455b0   0x000000a4   Code   RO         7851    i.SD_LowLevel_Init  bsp_sdio_sd.o
    0x08045654   0x000001a0   Code   RO         7853    i.SD_PowerON        bsp_sdio_sd.o
    0x080457f4   0x00000028   Code   RO         7854    i.SD_ProcessDMAIRQ  bsp_sdio_sd.o
    0x0804581c   0x000000ac   Code   RO         7855    i.SD_ProcessIRQSrc  bsp_sdio_sd.o
    0x080458c8   0x000000f8   Code   RO         7857    i.SD_ReadMultiBlocks  bsp_sdio_sd.o
    0x080459c0   0x00000038   Code   RO         7858    i.SD_SelectDeselect  bsp_sdio_sd.o
    0x080459f8   0x00000054   Code   RO         7860    i.SD_SendStatus     bsp_sdio_sd.o
    0x08045a4c   0x00000034   Code   RO         7861    i.SD_StopTransfer   bsp_sdio_sd.o
    0x08045a80   0x00000080   Code   RO         7862    i.SD_WaitReadOperation  bsp_sdio_sd.o
    0x08045b00   0x00000080   Code   RO         7863    i.SD_WaitWriteOperation  bsp_sdio_sd.o
    0x08045b80   0x00000158   Code   RO         7865    i.SD_WriteMultiBlocks  bsp_sdio_sd.o
    0x08045cd8   0x00000018   Code   RO         4103    i.SPI_Cmd           stm32f4xx_spi.o
    0x08045cf0   0x0000004c   Code   RO         6371    i.SPI_FLASH_BufferRead  bsp_spi_flash.o
    0x08045d3c   0x00000122   Code   RO         6372    i.SPI_FLASH_BufferWrite  bsp_spi_flash.o
    0x08045e5e   0x00000002   PAD
    0x08045e60   0x000000d4   Code   RO         6374    i.SPI_FLASH_Init    bsp_spi_flash.o
    0x08045f34   0x00000098   Code   RO         6375    i.SPI_FLASH_PageWrite  bsp_spi_flash.o
    0x08045fcc   0x00000040   Code   RO         6379    i.SPI_FLASH_SectorErase  bsp_spi_flash.o
    0x0804600c   0x00000078   Code   RO         6380    i.SPI_FLASH_SendByte  bsp_spi_flash.o
    0x08046084   0x00000050   Code   RO         6383    i.SPI_FLASH_WaitForWriteEnd  bsp_spi_flash.o
    0x080460d4   0x0000001c   Code   RO         6384    i.SPI_FLASH_WriteEnable  bsp_spi_flash.o
    0x080460f0   0x00000012   Code   RO         4111    i.SPI_I2S_GetFlagStatus  stm32f4xx_spi.o
    0x08046102   0x00000006   Code   RO         4114    i.SPI_I2S_ReceiveData  stm32f4xx_spi.o
    0x08046108   0x00000004   Code   RO         4115    i.SPI_I2S_SendData  stm32f4xx_spi.o
    0x0804610c   0x0000003c   Code   RO         4116    i.SPI_Init          stm32f4xx_spi.o
    0x08046148   0x00000040   Code   RO         6387    i.SPI_TIMEOUT_UserCallback  bsp_spi_flash.o
    0x08046188   0x00000002   Code   RO         5363    i.SVC_Handler       stm32f4xx_it.o
    0x0804618a   0x00000002   PAD
    0x0804618c   0x0000000c   Code   RO         4267    i.SYSCFG_ETH_MediaInterfaceConfig  stm32f4xx_syscfg.o
    0x08046198   0x00000120   Code   RO           13    i.SetSysClock       system_stm32f4xx.o
    0x080462b8   0x00000434   Code   RO         5602    i.State_Message     dwgl_function.o
    0x080466ec   0x00000088   Code   RO         6495    i.Str_addto_Str     dwgl_tft.o
    0x08046774   0x00000058   Code   RO         5364    i.SysTick_Handler   stm32f4xx_it.o
    0x080467cc   0x00000068   Code   RO         7151    i.SysTick_Init      bsp_systick.o
    0x08046834   0x0000006c   Code   RO           15    i.SystemInit        system_stm32f4xx.o
    0x080468a0   0x00000064   Code   RO         6635    i.TIM3_Config       dwgl_tim.o
    0x08046904   0x0000002c   Code   RO         6636    i.TIM3_IRQHandler   dwgl_tim.o
    0x08046930   0x00000006   Code   RO         4336    i.TIM_ClearITPendingBit  stm32f4xx_tim.o
    0x08046936   0x00000018   Code   RO         4341    i.TIM_Cmd           stm32f4xx_tim.o
    0x0804694e   0x00000002   PAD
    0x08046950   0x00000190   Code   RO         4346    i.TIM_DeInit        stm32f4xx_tim.o
    0x08046ae0   0x00000022   Code   RO         4362    i.TIM_GetITStatus   stm32f4xx_tim.o
    0x08046b02   0x00000012   Code   RO         4366    i.TIM_ITConfig      stm32f4xx_tim.o
    0x08046b14   0x00000084   Code   RO         4413    i.TIM_TimeBaseInit  stm32f4xx_tim.o
    0x08046b98   0x00000018   Code   RO         7152    i.TimingDelay_Decrement  bsp_systick.o
    0x08046bb0   0x00000012   Code   RO         4891    i.USART_ClearFlag   stm32f4xx_usart.o
    0x08046bc2   0x00000018   Code   RO         4895    i.USART_Cmd         stm32f4xx_usart.o
    0x08046bda   0x00000002   PAD
    0x08046bdc   0x000000f0   Code   RO         4897    i.USART_DeInit      stm32f4xx_usart.o
    0x08046ccc   0x0000001a   Code   RO         4898    i.USART_GetFlagStatus  stm32f4xx_usart.o
    0x08046ce6   0x00000002   PAD
    0x08046ce8   0x000000d4   Code   RO         4902    i.USART_Init        stm32f4xx_usart.o
    0x08046dbc   0x00000008   Code   RO         4912    i.USART_SendData    stm32f4xx_usart.o
    0x08046dc4   0x00000004   Code   RO         5365    i.UsageFault_Handler  stm32f4xx_it.o
    0x08046dc8   0x00000020   Code   RO        10312    i.__0printf$5       mc_w.l(printf5.o)
    0x08046de8   0x00000028   Code   RO        10314    i.__0sprintf$5      mc_w.l(printf5.o)
    0x08046e10   0x00000008   Code   RO        10493    i.__aeabi_errno_addr  mc_w.l(errno.o)
    0x08046e18   0x0000000e   Code   RO        10553    i.__scatterload_copy  mc_w.l(handlers.o)
    0x08046e26   0x00000002   Code   RO        10554    i.__scatterload_null  mc_w.l(handlers.o)
    0x08046e28   0x0000000e   Code   RO        10555    i.__scatterload_zeroinit  mc_w.l(handlers.o)
    0x08046e36   0x00000002   PAD
    0x08046e38   0x000002c0   Code   RO        10319    i._printf_core      mc_w.l(printf5.o)
    0x080470f8   0x0000000a   Code   RO        10321    i._sputc            mc_w.l(printf5.o)
    0x08047102   0x00000058   Code   RO         6496    i.bmp_print_unit    dwgl_tft.o
    0x0804715a   0x00000002   PAD
    0x0804715c   0x000003ac   Code   RO         5604    i.charge_task       dwgl_function.o
    0x08047508   0x00000090   Code   RO         9837    i.check_fs          ff.o
    0x08047598   0x00000014   Code   RO         9838    i.chk_chr           ff.o
    0x080475ac   0x0000001a   Code   RO         9839    i.clust2sect        ff.o
    0x080475c6   0x00000002   PAD
    0x080475c8   0x000002e4   Code   RO         5609    i.cmd_File_Requst   dwgl_function.o
    0x080478ac   0x00000078   Code   RO         5616    i.cmd_soket_10003   dwgl_function.o
    0x08047924   0x000000d8   Code   RO         5617    i.cmd_soket_10005   dwgl_function.o
    0x080479fc   0x000000a0   Code   RO         9840    i.cmp_lfn           ff.o
    0x08047a9c   0x000000d6   Code   RO         9841    i.create_chain      ff.o
    0x08047b72   0x00000002   PAD
    0x08047b74   0x00000230   Code   RO         9842    i.create_name       ff.o
    0x08047da4   0x00000154   Code   RO         5618    i.cut_between_strs  dwgl_function.o
    0x08047ef8   0x0000014e   Code   RO         5619    i.cut_between_strs_inverted  dwgl_function.o
    0x08048046   0x0000002e   Code   RO         8466    i.dhcp_arp_reply    dhcp.o
    0x08048074   0x000000e4   Code   RO         8467    i.dhcp_bind         dhcp.o
    0x08048158   0x00000038   Code   RO         8468    i.dhcp_check        dhcp.o
    0x08048190   0x00000044   Code   RO         8470    i.dhcp_coarse_tmr   dhcp.o
    0x080481d4   0x00000148   Code   RO         8471    i.dhcp_create_msg   dhcp.o
    0x0804831c   0x00000084   Code   RO         8472    i.dhcp_decline      dhcp.o
    0x080483a0   0x00000028   Code   RO         8473    i.dhcp_delete_msg   dhcp.o
    0x080483c8   0x000000c4   Code   RO         8474    i.dhcp_discover     dhcp.o
    0x0804848c   0x00000044   Code   RO         8475    i.dhcp_fine_tmr     dhcp.o
    0x080484d0   0x000000a8   Code   RO         8476    i.dhcp_handle_ack   dhcp.o
    0x08048578   0x00000038   Code   RO         8477    i.dhcp_handle_nak   dhcp.o
    0x080485b0   0x0000002c   Code   RO         8478    i.dhcp_handle_offer  dhcp.o
    0x080485dc   0x00000050   Code   RO         8480    i.dhcp_network_changed  dhcp.o
    0x0804862c   0x00000020   Code   RO         8481    i.dhcp_option       dhcp.o
    0x0804864c   0x00000012   Code   RO         8482    i.dhcp_option_byte  dhcp.o
    0x0804865e   0x00000042   Code   RO         8483    i.dhcp_option_long  dhcp.o
    0x080486a0   0x00000022   Code   RO         8484    i.dhcp_option_short  dhcp.o
    0x080486c2   0x00000046   Code   RO         8485    i.dhcp_option_trailer  dhcp.o
    0x08048708   0x00000314   Code   RO         8486    i.dhcp_parse_reply  dhcp.o
    0x08048a1c   0x00000088   Code   RO         8487    i.dhcp_rebind       dhcp.o
    0x08048aa4   0x000000a8   Code   RO         8488    i.dhcp_reboot       dhcp.o
    0x08048b4c   0x00000100   Code   RO         8489    i.dhcp_recv         dhcp.o
    0x08048c4c   0x000000a8   Code   RO         8490    i.dhcp_release      dhcp.o
    0x08048cf4   0x00000086   Code   RO         8491    i.dhcp_renew        dhcp.o
    0x08048d7a   0x00000002   PAD
    0x08048d7c   0x000000f4   Code   RO         8492    i.dhcp_select       dhcp.o
    0x08048e70   0x00000010   Code   RO         8493    i.dhcp_set_state    dhcp.o
    0x08048e80   0x000000d4   Code   RO         8495    i.dhcp_start        dhcp.o
    0x08048f54   0x0000003a   Code   RO         8496    i.dhcp_stop         dhcp.o
    0x08048f8e   0x00000020   Code   RO         8497    i.dhcp_t1_timeout   dhcp.o
    0x08048fae   0x00000020   Code   RO         8498    i.dhcp_t2_timeout   dhcp.o
    0x08048fce   0x000000a4   Code   RO         8499    i.dhcp_timeout      dhcp.o
    0x08049072   0x0000005c   Code   RO         9843    i.dir_alloc         ff.o
    0x080490ce   0x000000ea   Code   RO         9844    i.dir_find          ff.o
    0x080491b8   0x0000013a   Code   RO         9845    i.dir_next          ff.o
    0x080492f2   0x000000c6   Code   RO         9846    i.dir_read          ff.o
    0x080493b8   0x0000012a   Code   RO         9847    i.dir_register      ff.o
    0x080494e2   0x0000006a   Code   RO         9848    i.dir_remove        ff.o
    0x0804954c   0x000000c8   Code   RO         9849    i.dir_sdi           ff.o
    0x08049614   0x0000002a   Code   RO         9781    i.disk_initialize   diskio.o
    0x0804963e   0x00000002   PAD
    0x08049640   0x0000006c   Code   RO         9782    i.disk_ioctl        diskio.o
    0x080496ac   0x000000b4   Code   RO         9783    i.disk_read         diskio.o
    0x08049760   0x0000001c   Code   RO         9784    i.disk_status       diskio.o
    0x0804977c   0x000000ba   Code   RO         9785    i.disk_write        diskio.o
    0x08049836   0x00000002   PAD
    0x08049838   0x000004b8   Code   RO         6498    i.display_SD_BMP    dwgl_tft.o
    0x08049cf0   0x00000422   Code   RO         6499    i.display_flash_BMP  dwgl_tft.o
    0x0804a112   0x00000002   PAD
    0x0804a114   0x0000031c   Code   RO         6500    i.display_flash_BMPE  dwgl_tft.o
    0x0804a430   0x000000ec   Code   RO         8666    i.dns_check_entry   dns.o
    0x0804a51c   0x0000003c   Code   RO         8667    i.dns_compare_name  dns.o
    0x0804a558   0x0000012c   Code   RO         6671    i.dns_demo_test     udp_demo.o
    0x0804a684   0x000000e4   Code   RO         8668    i.dns_enqueue       dns.o
    0x0804a768   0x00000104   Code   RO         8669    i.dns_gethostbyname  dns.o
    0x0804a86c   0x00000074   Code   RO         8671    i.dns_init          dns.o
    0x0804a8e0   0x0000005c   Code   RO         8672    i.dns_lookup        dns.o
    0x0804a93c   0x0000002a   Code   RO         8673    i.dns_parse_name    dns.o
    0x0804a966   0x00000002   PAD
    0x0804a968   0x00000168   Code   RO         8674    i.dns_recv          dns.o
    0x0804aad0   0x000000e4   Code   RO         8675    i.dns_send          dns.o
    0x0804abb4   0x00000024   Code   RO         8676    i.dns_setserver     dns.o
    0x0804abd8   0x00000280   Code   RO         5620    i.do_area1_get      dwgl_function.o
    0x0804ae58   0x00000178   Code   RO         5621    i.done_area1_get    dwgl_function.o
    0x0804afd0   0x0000064c   Code   RO         6932    i.dwgl_FatInit      dwgl_fat.o
    0x0804b61c   0x000000b4   Code   RO         5622    i.dwgl_hex_send     dwgl_function.o
    0x0804b6d0   0x0000010c   Code   RO         9627    i.etharp_arp_input  etharp.o
    0x0804b7dc   0x00000038   Code   RO         9628    i.etharp_cleanup_netif  etharp.o
    0x0804b814   0x00000160   Code   RO         9630    i.etharp_find_entry  etharp.o
    0x0804b974   0x00000040   Code   RO         9631    i.etharp_free_entry  etharp.o
    0x0804b9b4   0x00000148   Code   RO         9632    i.etharp_output     etharp.o
    0x0804bafc   0x0000006c   Code   RO         9633    i.etharp_output_to_arp_index  etharp.o
    0x0804bb68   0x0000015c   Code   RO         9634    i.etharp_query      etharp.o
    0x0804bcc4   0x000000b2   Code   RO         9635    i.etharp_raw        etharp.o
    0x0804bd76   0x00000002   PAD
    0x0804bd78   0x0000002c   Code   RO         9636    i.etharp_request    etharp.o
    0x0804bda4   0x00000038   Code   RO         9637    i.etharp_send_ip    etharp.o
    0x0804bddc   0x0000008c   Code   RO         9638    i.etharp_tmr        etharp.o
    0x0804be68   0x000000b8   Code   RO         9639    i.etharp_update_arp_entry  etharp.o
    0x0804bf20   0x000000b8   Code   RO         9640    i.ethernet_input    etharp.o
    0x0804bfd8   0x00000030   Code   RO         9721    i.ethernetif_init   ethernetif.o
    0x0804c008   0x0000002a   Code   RO         9722    i.ethernetif_input  ethernetif.o
    0x0804c032   0x00000020   Code   RO         9851    i.f_close           ff.o
    0x0804c052   0x00000016   Code   RO         9852    i.f_closedir        ff.o
    0x0804c068   0x0000019a   Code   RO         9854    i.f_lseek           ff.o
    0x0804c202   0x00000166   Code   RO         9855    i.f_mkdir           ff.o
    0x0804c368   0x00000684   Code   RO         9856    i.f_mkfs            ff.o
    0x0804c9ec   0x0000005c   Code   RO         9857    i.f_mount           ff.o
    0x0804ca48   0x0000017e   Code   RO         9858    i.f_open            ff.o
    0x0804cbc6   0x00000076   Code   RO         9859    i.f_opendir         ff.o
    0x0804cc3c   0x000001d0   Code   RO         9860    i.f_read            ff.o
    0x0804ce0c   0x00000064   Code   RO         9861    i.f_readdir         ff.o
    0x0804ce70   0x000000b0   Code   RO         9864    i.f_sync            ff.o
    0x0804cf20   0x000000ae   Code   RO         9866    i.f_unlink          ff.o
    0x0804cfce   0x0000020c   Code   RO         9868    i.f_write           ff.o
    0x0804d1da   0x00000002   PAD
    0x0804d1dc   0x0000004c   Code   RO        10131    i.ff_convert        ccsbcs.o
    0x0804d228   0x0000005c   Code   RO        10132    i.ff_wtoupper       ccsbcs.o
    0x0804d284   0x0000008c   Code   RO         5625    i.find_strs         dwgl_function.o
    0x0804d310   0x000003d8   Code   RO         9869    i.find_volume       ff.o
    0x0804d6e8   0x00000080   Code   RO         9870    i.fit_lfn           ff.o
    0x0804d768   0x00000090   Code   RO         9871    i.follow_path       ff.o
    0x0804d7f8   0x00000024   Code   RO         7078    i.fputc             bsp_debug_usart.o
    0x0804d81c   0x00000050   Code   RO        10440    i.free              mc_w.l(malloc.o)
    0x0804d86c   0x000000b4   Code   RO         9872    i.gen_numname       ff.o
    0x0804d920   0x00000180   Code   RO         5627    i.get_AD_dir        dwgl_function.o
    0x0804daa0   0x00000184   Code   RO         5628    i.get_AD_number     dwgl_function.o
    0x0804dc24   0x0000013e   Code   RO         9873    i.get_fat           ff.o
    0x0804dd62   0x00000002   PAD
    0x0804dd64   0x00000008   Code   RO         9786    i.get_fattime       diskio.o
    0x0804dd6c   0x00000102   Code   RO         9874    i.get_fileinfo      ff.o
    0x0804de6e   0x00000002   PAD
    0x0804de70   0x00000094   Code   RO         6672    i.get_input_dns     udp_demo.o
    0x0804df04   0x0000004a   Code   RO         9875    i.get_ldnumber      ff.o
    0x0804df4e   0x00000002   PAD
    0x0804df50   0x000002ec   Code   RO         5629    i.http_url_select   dwgl_function.o
    0x0804e23c   0x00000012   Code   RO         8144    i.icmp_dest_unreach  icmp.o
    0x0804e24e   0x00000002   PAD
    0x0804e250   0x0000015c   Code   RO         8145    i.icmp_input        icmp.o
    0x0804e3ac   0x00000070   Code   RO         8146    i.icmp_send_response  icmp.o
    0x0804e41c   0x00000012   Code   RO         8147    i.icmp_time_exceeded  icmp.o
    0x0804e42e   0x00000014   Code   RO         8205    i.inet_chksum       inet_chksum.o
    0x0804e442   0x00000056   Code   RO         8206    i.inet_chksum_pbuf  inet_chksum.o
    0x0804e498   0x0000004e   Code   RO         8314    i.ip4_addr_isbroadcast  ip_addr.o
    0x0804e4e6   0x00000002   PAD
    0x0804e4e8   0x000001ac   Code   RO         8367    i.ip_frag           ip_frag.o
    0x0804e694   0x0000000a   Code   RO         8368    i.ip_frag_alloc_pbuf_custom_ref  ip_frag.o
    0x0804e69e   0x00000012   Code   RO         8369    i.ip_frag_free_pbuf_custom_ref  ip_frag.o
    0x0804e6b0   0x000001b8   Code   RO         8246    i.ip_input          ip.o
    0x0804e868   0x00000038   Code   RO         8247    i.ip_output         ip.o
    0x0804e8a0   0x000000c4   Code   RO         8248    i.ip_output_if      ip.o
    0x0804e964   0x0000018c   Code   RO         8370    i.ip_reass          ip_frag.o
    0x0804eaf0   0x00000164   Code   RO         8371    i.ip_reass_chain_frag_into_datagram_and_validate  ip_frag.o
    0x0804ec54   0x0000002c   Code   RO         8372    i.ip_reass_dequeue_datagram  ip_frag.o
    0x0804ec80   0x00000054   Code   RO         8373    i.ip_reass_enqueue_new_datagram  ip_frag.o
    0x0804ecd4   0x000000a0   Code   RO         8374    i.ip_reass_free_complete_datagram  ip_frag.o
    0x0804ed74   0x0000007c   Code   RO         8375    i.ip_reass_remove_oldest_datagram  ip_frag.o
    0x0804edf0   0x00000054   Code   RO         8249    i.ip_route          ip.o
    0x0804ee44   0x00000018   Code   RO         8316    i.ipaddr_addr       ip_addr.o
    0x0804ee5c   0x0000015c   Code   RO         8317    i.ipaddr_aton       ip_addr.o
    0x0804efb8   0x00000020   Code   RO         8377    i.ipfrag_free_pbuf_custom  ip_frag.o
    0x0804efd8   0x000004f0   Code   RO         5630    i.key_task          dwgl_function.o
    0x0804f4c8   0x00000020   Code   RO         9876    i.ld_clust          ff.o
    0x0804f4e8   0x00000098   Code   RO         9723    i.low_level_init    ethernetif.o
    0x0804f580   0x000000e0   Code   RO         9724    i.low_level_input   ethernetif.o
    0x0804f660   0x000000e0   Code   RO         9725    i.low_level_output  ethernetif.o
    0x0804f740   0x000001cc   Code   RO         5436    i.lwip_default_ip_set  netconf.o
    0x0804f90c   0x0000001a   Code   RO         8436    i.lwip_htonl        def.o
    0x0804f926   0x0000000c   Code   RO         8437    i.lwip_htons        def.o
    0x0804f932   0x0000000c   Code   RO         8438    i.lwip_ntohl        def.o
    0x0804f93e   0x0000000c   Code   RO         8439    i.lwip_ntohs        def.o
    0x0804f94a   0x0000005e   Code   RO         8209    i.lwip_standard_chksum  inet_chksum.o
    0x0804f9a8   0x000003f4   Code   RO         5332    i.main              main.o
    0x0804fd9c   0x0000061c   Code   RO         5631    i.make_area1_get    dwgl_function.o
    0x080503b8   0x000002d4   Code   RO         5632    i.make_area2_get    dwgl_function.o
    0x0805068c   0x000003f4   Code   RO         5633    i.make_area4_get    dwgl_function.o
    0x08050a80   0x00000390   Code   RO         5634    i.make_area5_get    dwgl_function.o
    0x08050e10   0x00000178   Code   RO         5635    i.make_device_mess  dwgl_function.o
    0x08050f88   0x00000328   Code   RO         5636    i.make_http_InitSoket  dwgl_function.o
    0x080512b0   0x00000208   Code   RO         5637    i.make_http_get     dwgl_function.o
    0x080514b8   0x000003f8   Code   RO         5638    i.make_http_mess    dwgl_function.o
    0x080518b0   0x000002fc   Code   RO         5639    i.make_http_post    dwgl_function.o
    0x08051bac   0x00000160   Code   RO         5640    i.make_soket_10000  dwgl_function.o
    0x08051d0c   0x00000130   Code   RO         5641    i.make_soket_10001  dwgl_function.o
    0x08051e3c   0x00000250   Code   RO         5642    i.make_soket_10004  dwgl_function.o
    0x0805208c   0x00000250   Code   RO         5643    i.make_soket_10006  dwgl_function.o
    0x080522dc   0x00000270   Code   RO         5644    i.make_soket_10009  dwgl_function.o
    0x0805254c   0x0000026c   Code   RO         5645    i.make_soket_10011  dwgl_function.o
    0x080527b8   0x000000ac   Code   RO         5646    i.make_soket_mess   dwgl_function.o
    0x08052864   0x0000006c   Code   RO         5647    i.make_soket_rxok   dwgl_function.o
    0x080528d0   0x00000020   Code   RO         5648    i.make_udpdebug_mess  dwgl_function.o
    0x080528f0   0x0000006c   Code   RO        10441    i.malloc            mc_w.l(malloc.o)
    0x0805295c   0x00000026   Code   RO         9877    i.mem_cmp           ff.o
    0x08052982   0x0000001a   Code   RO         9878    i.mem_cpy           ff.o
    0x0805299c   0x00000050   Code   RO         8778    i.mem_free          mem.o
    0x080529ec   0x0000005c   Code   RO         8779    i.mem_init          mem.o
    0x08052a48   0x000000ec   Code   RO         8780    i.mem_malloc        mem.o
    0x08052b34   0x00000014   Code   RO         9879    i.mem_set           ff.o
    0x08052b48   0x0000012c   Code   RO         8781    i.mem_trim          mem.o
    0x08052c74   0x00000034   Code   RO         8822    i.memp_free         memp.o
    0x08052ca8   0x00000064   Code   RO         8823    i.memp_init         memp.o
    0x08052d0c   0x00000060   Code   RO         8824    i.memp_malloc       memp.o
    0x08052d6c   0x00000034   Code   RO         9880    i.move_window       ff.o
    0x08052da0   0x0000012c   Code   RO         6673    i.my_found          udp_demo.o
    0x08052ecc   0x00000070   Code   RO         8865    i.netif_add         netif.o
    0x08052f3c   0x00000028   Code   RO         8869    i.netif_set_addr    netif.o
    0x08052f64   0x0000000c   Code   RO         8870    i.netif_set_default  netif.o
    0x08052f70   0x0000002a   Code   RO         8871    i.netif_set_down    netif.o
    0x08052f9a   0x0000000c   Code   RO         8872    i.netif_set_gw      netif.o
    0x08052fa6   0x00000002   PAD
    0x08052fa8   0x00000078   Code   RO         8873    i.netif_set_ipaddr  netif.o
    0x08053020   0x00000006   Code   RO         8874    i.netif_set_link_callback  netif.o
    0x08053026   0x0000002a   Code   RO         8875    i.netif_set_link_down  netif.o
    0x08053050   0x00000050   Code   RO         8876    i.netif_set_link_up  netif.o
    0x080530a0   0x0000000c   Code   RO         8877    i.netif_set_netmask  netif.o
    0x080530ac   0x00000036   Code   RO         8878    i.netif_set_up      netif.o
    0x080530e2   0x00000192   Code   RO         8965    i.pbuf_alloc        pbuf.o
    0x08053274   0x0000006c   Code   RO         8966    i.pbuf_alloced_custom  pbuf.o
    0x080532e0   0x00000038   Code   RO         8967    i.pbuf_cat          pbuf.o
    0x08053318   0x00000016   Code   RO         8968    i.pbuf_chain        pbuf.o
    0x0805332e   0x00000012   Code   RO         8969    i.pbuf_clen         pbuf.o
    0x08053340   0x000000c0   Code   RO         8971    i.pbuf_copy         pbuf.o
    0x08053400   0x00000092   Code   RO         8972    i.pbuf_copy_partial  pbuf.o
    0x08053492   0x00000086   Code   RO         8974    i.pbuf_free         pbuf.o
    0x08053518   0x0000007e   Code   RO         8976    i.pbuf_header       pbuf.o
    0x08053596   0x00000078   Code   RO         8979    i.pbuf_realloc      pbuf.o
    0x0805360e   0x0000000a   Code   RO         8980    i.pbuf_ref          pbuf.o
    0x08053618   0x00000074   Code   RO         8982    i.pbuf_take         pbuf.o
    0x0805368c   0x00000080   Code   RO         9881    i.pick_lfn          ff.o
    0x0805370c   0x00000088   Code   RO         8782    i.plug_holes        mem.o
    0x08053794   0x00000188   Code   RO         9882    i.put_fat           ff.o
    0x0805391c   0x00000074   Code   RO         9081    i.raw_input         raw.o
    0x08053990   0x0000006c   Code   RO         9883    i.remove_chain      ff.o
    0x080539fc   0x00000164   Code   RO         6979    i.software_task     dwgl_chipflash.o
    0x08053b60   0x00000010   Code   RO         9884    i.st_clust          ff.o
    0x08053b70   0x00000020   Code   RO         9885    i.sum_sfn           ff.o
    0x08053b90   0x000000c8   Code   RO         9886    i.sync_fs           ff.o
    0x08053c58   0x00000052   Code   RO         9887    i.sync_window       ff.o
    0x08053caa   0x00000002   PAD
    0x08053cac   0x0000064c   Code   RO         5650    i.tcp2_cmd          dwgl_function.o
    0x080542f8   0x000003b0   Code   RO         5651    i.tcp2_task         dwgl_function.o
    0x080546a8   0x00000094   Code   RO         9147    i.tcp_abandon       tcp.o
    0x0805473c   0x0000000e   Code   RO         9148    i.tcp_abort         tcp.o
    0x0805474a   0x00000002   PAD
    0x0805474c   0x000000e8   Code   RO         9151    i.tcp_alloc         tcp.o
    0x08054834   0x00000004   Code   RO         9152    i.tcp_arg           tcp.o
    0x08054838   0x0000001c   Code   RO         9154    i.tcp_close         tcp.o
    0x08054854   0x000001c8   Code   RO         9155    i.tcp_close_shutdown  tcp.o
    0x08054a1c   0x00000154   Code   RO         9156    i.tcp_connect       tcp.o
    0x08054b70   0x000000ac   Code   RO         9424    i.tcp_create_segment  tcp_out.o
    0x08054c1c   0x000000a0   Code   RO         6794    i.tcp_echoclient_connect  tcp_demo.o
    0x08054cbc   0x000001b8   Code   RO         6795    i.tcp_echoclient_connected  tcp_demo.o
    0x08054e74   0x00000030   Code   RO         6796    i.tcp_echoclient_connection_close  tcp_demo.o
    0x08054ea4   0x0000003c   Code   RO         6797    i.tcp_echoclient_disconnect  tcp_demo.o
    0x08054ee0   0x0000003c   Code   RO         6798    i.tcp_echoclient_poll  tcp_demo.o
    0x08054f1c   0x00000290   Code   RO         6799    i.tcp_echoclient_recv  tcp_demo.o
    0x080551ac   0x00000050   Code   RO         6800    i.tcp_echoclient_send  tcp_demo.o
    0x080551fc   0x0000001e   Code   RO         6801    i.tcp_echoclient_sent  tcp_demo.o
    0x0805521a   0x0000002e   Code   RO         9158    i.tcp_eff_send_mss  tcp.o
    0x08055248   0x00000110   Code   RO         9425    i.tcp_enqueue_flags  tcp_out.o
    0x08055358   0x00000078   Code   RO         9160    i.tcp_fasttmr       tcp.o
    0x080553d0   0x0000047c   Code   RO         9376    i.tcp_input         tcp_in.o
    0x0805584c   0x00000044   Code   RO         9426    i.tcp_keepalive     tcp_out.o
    0x08055890   0x00000054   Code   RO         9162    i.tcp_kill_prio     tcp.o
    0x080558e4   0x0000003c   Code   RO         9163    i.tcp_kill_timewait  tcp.o
    0x08055920   0x00000130   Code   RO         9377    i.tcp_listen_input  tcp_in.o
    0x08055a50   0x0000000a   Code   RO         9165    i.tcp_new           tcp.o
    0x08055a5a   0x00000002   PAD
    0x08055a5c   0x00000068   Code   RO         9166    i.tcp_new_port      tcp.o
    0x08055ac4   0x0000001c   Code   RO         9167    i.tcp_next_iss      tcp.o
    0x08055ae0   0x000001c0   Code   RO         9427    i.tcp_output        tcp_out.o
    0x08055ca0   0x00000078   Code   RO         9428    i.tcp_output_alloc_header  tcp_out.o
    0x08055d18   0x000000d0   Code   RO         9429    i.tcp_output_segment  tcp_out.o
    0x08055de8   0x000000b8   Code   RO         9378    i.tcp_parseopt      tcp_in.o
    0x08055ea0   0x00000078   Code   RO         9430    i.tcp_pbuf_prealloc  tcp_out.o
    0x08055f18   0x00000040   Code   RO         9168    i.tcp_pcb_purge     tcp.o
    0x08055f58   0x00000090   Code   RO         9169    i.tcp_pcb_remove    tcp.o
    0x08055fe8   0x0000000e   Code   RO         9170    i.tcp_poll          tcp.o
    0x08055ff6   0x00000002   PAD
    0x08055ff8   0x0000058c   Code   RO         9379    i.tcp_process       tcp_in.o
    0x08056584   0x0000008c   Code   RO         9171    i.tcp_process_refused_data  tcp.o
    0x08056610   0x0000063c   Code   RO         9380    i.tcp_receive       tcp_in.o
    0x08056c4c   0x00000008   Code   RO         9172    i.tcp_recv          tcp.o
    0x08056c54   0x0000002e   Code   RO         9173    i.tcp_recv_null     tcp.o
    0x08056c82   0x00000046   Code   RO         9174    i.tcp_recved        tcp.o
    0x08056cc8   0x0000005a   Code   RO         9431    i.tcp_rexmit        tcp_out.o
    0x08056d22   0x00000070   Code   RO         9432    i.tcp_rexmit_fast   tcp_out.o
    0x08056d92   0x0000003a   Code   RO         9433    i.tcp_rexmit_rto    tcp_out.o
    0x08056dcc   0x0000007c   Code   RO         9434    i.tcp_rst           tcp_out.o
    0x08056e48   0x0000001a   Code   RO         9175    i.tcp_seg_free      tcp.o
    0x08056e62   0x00000018   Code   RO         9176    i.tcp_segs_free     tcp.o
    0x08056e7a   0x0000004e   Code   RO         9435    i.tcp_send_empty_ack  tcp_out.o
    0x08056ec8   0x0000004a   Code   RO         9436    i.tcp_send_fin      tcp_out.o
    0x08056f12   0x00000008   Code   RO         9177    i.tcp_sent          tcp.o
    0x08056f1a   0x00000002   PAD
    0x08056f1c   0x00000334   Code   RO         9180    i.tcp_slowtmr       tcp.o
    0x08057250   0x00000002   Code   RO         9521    i.tcp_timer_needed  timers.o
    0x08057252   0x00000002   PAD
    0x08057254   0x000000ac   Code   RO         9381    i.tcp_timewait_input  tcp_in.o
    0x08057300   0x00000024   Code   RO         9181    i.tcp_tmr           tcp.o
    0x08057324   0x0000004e   Code   RO         9182    i.tcp_update_rcv_ann_wnd  tcp.o
    0x08057372   0x00000384   Code   RO         9437    i.tcp_write         tcp_out.o
    0x080576f6   0x00000070   Code   RO         9438    i.tcp_write_checks  tcp_out.o
    0x08057766   0x000000a4   Code   RO         9439    i.tcp_zero_window_probe  tcp_out.o
    0x0805780a   0x00000002   PAD
    0x0805780c   0x00000310   Code   RO         5652    i.tcpl_cmd          dwgl_function.o
    0x08057b1c   0x000004ec   Code   RO         5653    i.tcpl_task         dwgl_function.o
    0x08058008   0x00000234   Code   RO         6502    i.tft_1bitdeep_TXT  dwgl_tft.o
    0x0805823c   0x00000038   Code   RO         6504    i.tft_Clear         dwgl_tft.o
    0x08058274   0x00000082   Code   RO         6505    i.tft_DisplayStr    dwgl_tft.o
    0x080582f6   0x00000002   PAD
    0x080582f8   0x00000148   Code   RO         6506    i.tft_DisplayStr_debug  dwgl_tft.o
    0x08058440   0x00000098   Code   RO         6508    i.tft_ShowCharE     dwgl_tft.o
    0x080584d8   0x00000038   Code   RO         6511    i.tft_cs_disable    dwgl_tft.o
    0x08058510   0x0000002c   Code   RO         6512    i.tft_cs_enable     dwgl_tft.o
    0x0805853c   0x0000002c   Code   RO         6513    i.tft_debug_init    dwgl_tft.o
    0x08058568   0x0000005e   Code   RO         5654    i.u16toStr          dwgl_function.o
    0x080585c6   0x00000002   PAD
    0x080585c8   0x000009c4   Code   RO         5655    i.udp1_cmd          dwgl_function.o
    0x08058f8c   0x00000104   Code   RO         5656    i.udp1_task         dwgl_function.o
    0x08059090   0x00000080   Code   RO         9533    i.udp_bind          udp.o
    0x08059110   0x00000064   Code   RO         9534    i.udp_connect       udp.o
    0x08059174   0x00000024   Code   RO         6674    i.udp_demo_connection_close  udp_demo.o
    0x08059198   0x0000010c   Code   RO         6675    i.udp_demo_recv     udp_demo.o
    0x080592a4   0x000000ac   Code   RO         6676    i.udp_demo_senddata  udp_demo.o
    0x08059350   0x000000fc   Code   RO         6677    i.udp_demo_test     udp_demo.o
    0x0805944c   0x00000010   Code   RO         9535    i.udp_disconnect    udp.o
    0x0805945c   0x000001d0   Code   RO         9537    i.udp_input         udp.o
    0x0805962c   0x0000001c   Code   RO         9538    i.udp_new           udp.o
    0x08059648   0x00000058   Code   RO         9539    i.udp_new_port      udp.o
    0x080596a0   0x00000006   Code   RO         9540    i.udp_recv          udp.o
    0x080596a6   0x00000002   PAD
    0x080596a8   0x00000040   Code   RO         9541    i.udp_remove        udp.o
    0x080596e8   0x00000014   Code   RO         9542    i.udp_send          udp.o
    0x080596fc   0x0000002e   Code   RO         9543    i.udp_sendto        udp.o
    0x0805972a   0x000000ce   Code   RO         9544    i.udp_sendto_if     udp.o
    0x080597f8   0x00000032   Code   RO         9888    i.validate          ff.o
    0x0805982a   0x000005f0   Data   RO         6275    .constdata          asciilib_65k.o
    0x08059e1a   0x00000002   PAD
    0x08059e1c   0x00000008   Data   RO         8321    .constdata          ip_addr.o
    0x08059e24   0x00000024   Data   RO         8826    .constdata          memp.o
    0x08059e48   0x00000050   Data   RO         9183    .constdata          tcp.o
    0x08059e98   0x0000000c   Data   RO         9642    .constdata          etharp.o
    0x08059ea4   0x000000ba   Data   RO         9889    .constdata          ff.o
    0x08059f5e   0x000008b8   Data   RO        10133    .constdata          ccsbcs.o
    0x0805a816   0x00000081   Data   RO        10518    .constdata          mc_w.l(ctype_o.o)
    0x0805a897   0x00000001   PAD
    0x0805a898   0x00000004   Data   RO        10519    .constdata          mc_w.l(ctype_o.o)
    0x0805a89c   0x0000008f   Data   RO         5657    .conststring        dwgl_function.o
    0x0805a92b   0x00000001   PAD
    0x0805a92c   0x00000075   Data   RO         9184    .conststring        tcp.o
    0x0805a9a1   0x00000003   PAD
    0x0805a9a4   0x00000020   Data   RO        10551    Region$$Table       anon$$obj.o


    Execution Region RW_IRAM1 (Base: 0x20000000, Size: 0x0001d938, Max: 0x00030000, ABSOLUTE, COMPRESSED[0x00000098])

    Base Addr    Size         Type   Attr      Idx    E Section Name        Object

    0x20000000   0x00000014   Data   RW           16    .data               system_stm32f4xx.o
    0x20000014   0x00000010   Data   RW         3001    .data               stm32f4xx_rcc.o
    0x20000024   0x00000019   Data   RW         5438    .data               netconf.o
    0x2000003d   0x00000003   PAD
    0x20000040   0x00000067   Data   RW         5566    .data               dwgl_global.o
    0x200000a7   0x00000001   PAD
    0x200000a8   0x00000060   Data   RW         6329    .data               bsp_adc.o
    0x20000108   0x00000004   Data   RW         6388    .data               bsp_spi_flash.o
    0x2000010c   0x00000006   Data   RW         6515    .data               dwgl_tft.o
    0x20000112   0x00000002   PAD
    0x20000114   0x00000004   Data   RW         6637    .data               dwgl_tim.o
    0x20000118   0x00001009   Data   RW         6679    .data               udp_demo.o
    0x20001121   0x00000003   PAD
    0x20001124   0x0000000c   Data   RW         6803    .data               tcp_demo.o
    0x20001130   0x00000008   Data   RW         6934    .data               dwgl_fat.o
    0x20001138   0x00000008   Data   RW         6981    .data               dwgl_chipflash.o
    0x20001140   0x00000004   Data   RW         7153    .data               bsp_systick.o
    0x20001144   0x00000010   Data   RW         7304    .data               stm32f429_eth.o
    0x20001154   0x00000006   Data   RW         7757    .data               stm32f429_phy.o
    0x2000115a   0x00000002   PAD
    0x2000115c   0x00000018   Data   RW         7868    .data               bsp_sdio_sd.o
    0x20001174   0x00000012   Data   RW         8250    .data               ip.o
    0x20001186   0x00000002   PAD
    0x20001188   0x00000006   Data   RW         8378    .data               ip_frag.o
    0x2000118e   0x00000002   PAD
    0x20001190   0x00000004   Data   RW         8501    .data               dhcp.o
    0x20001194   0x00000014   Data   RW         8679    .data               dns.o
    0x200011a8   0x0000000c   Data   RW         8784    .data               mem.o
    0x200011b4   0x00000009   Data   RW         8879    .data               netif.o
    0x200011bd   0x00000003   PAD
    0x200011c0   0x00000004   Data   RW         9087    .data               raw.o
    0x200011c4   0x00000024   Data   RW         9185    .data               tcp.o
    0x200011e8   0x00000020   Data   RW         9383    .data               tcp_in.o
    0x20001208   0x00000008   Data   RW         9545    .data               udp.o
    0x20001210   0x00000001   Data   RW         9643    .data               etharp.o
    0x20001211   0x00000003   PAD
    0x20001214   0x0000000a   Data   RW         9890    .data               ff.o
    0x2000121e   0x00000002   PAD
    0x20001220   0x00000004   Data   RW        10484    .data               mc_w.l(stdout.o)
    0x20001224   0x00000004   Data   RW        10491    .data               mc_w.l(mvars.o)
    0x20001228   0x00000004   Data   RW        10492    .data               mc_w.l(mvars.o)
    0x2000122c   0x00000004   Data   RW        10496    .data               mc_w.l(errno.o)
    0x20001230   0x000000c4   Zero   RW         5437    .bss                netconf.o
    0x200012f4   0x00003d48   Zero   RW         5565    .bss                dwgl_global.o
    0x2000503c   0x00004c78   Zero   RW         6514    .bss                dwgl_tft.o
    0x20009cb4   0x00001044   Zero   RW         6678    .bss                udp_demo.o
    0x2000acf8   0x00006578   Zero   RW         6802    .bss                tcp_demo.o
    0x20011270   0x0000309c   Zero   RW         6933    .bss                dwgl_fat.o
    0x2001430c   0x00000098   Zero   RW         6980    .bss                dwgl_chipflash.o
    0x200143a4   0x000030ac   Zero   RW         7303    .bss                stm32f429_eth.o
    0x20017450   0x000000bc   Zero   RW         7756    .bss                stm32f429_phy.o
    0x2001750c   0x00000004   PAD
    0x20017510   0x000000cc   Zero   RW         7867    .bss                bsp_sdio_sd.o
    0x200175dc   0x00000032   Zero   RW         8500    .bss                dhcp.o
    0x2001760e   0x00000002   PAD
    0x20017610   0x00000663   Zero   RW         8678    .bss                dns.o
    0x20017c73   0x00002814   Zero   RW         8783    .bss                mem.o
    0x2001a487   0x00000001   PAD
    0x2001a488   0x000021d7   Zero   RW         8825    .bss                memp.o
    0x2001c65f   0x00000001   PAD
    0x2001c660   0x00000010   Zero   RW         9382    .bss                tcp_in.o
    0x2001c670   0x000000c8   Zero   RW         9641    .bss                etharp.o
    0x2001c738   0x00000200   Zero   RW            2    HEAP                startup_stm32f429_439xx.o
    0x2001c938   0x00001000   Zero   RW            1    STACK               startup_stm32f429_439xx.o


==============================================================================

Image component sizes


      Code (inc. data)   RO Data    RW Data    ZI Data      Debug   Object Name

         0          0       1520          0          0        571   asciilib_65k.o
       936         86          0         96          0       4153   bsp_adc.o
       204         14          0          0          0       1349   bsp_debug_usart.o
        36          0          0          0          0        606   bsp_iwdg.o
        40          4          0          0          0        554   bsp_key.o
       104          8          0          0          0        594   bsp_led.o
      5068        292          0         24        204      26023   bsp_sdio_sd.o
      1086        148          0          4          0       6795   bsp_spi_flash.o
       152         24          0          4          0      28783   bsp_systick.o
       168         14       2232          0          0       2471   ccsbcs.o
        62          0          0          0          0       2284   def.o
      4138         96          0          4         50      23923   dhcp.o
       552          8          0          0          0       5113   diskio.o
      1658        104          0         20       1635       9859   dns.o
       746         18          0          0          0       4407   dwgl_bsp_gpio.o
      2756        514          0          8        152       9152   dwgl_chipflash.o
      1612        768          0          8      12444       5211   dwgl_fat.o
     29840       5360        143          0          0      73103   dwgl_function.o
        64          0          0        103      15688       8266   dwgl_global.o
      4660        116          0          6      19576      15860   dwgl_tft.o
       144         16          0          4          0       1436   dwgl_tim.o
      1708         46          0          0          0       5070   dwgl_wb_lcd.o
      2310         66         12          1        200      14280   etharp.o
       690         48          0          0          0       4962   ethernetif.o
     10348        144        186         10          0      45527   ff.o
       496          8          0          0          0       4250   icmp.o
         0          0          0          0          0       3840   inet.o
       200          0          0          0          0       2797   inet_chksum.o
       776         32          0         18          0      21945   ip.o
       450          6          8          0          0       9086   ip_addr.o
      1652         36          0          6          0      10793   ip_frag.o
      1012        340          0          0          0        943   main.o
       844         68          0         12      10260       5213   mem.o
       248         32         36          0       8663       4101   memp.o
       140         24          0          0          0       1771   misc.o
      1916        580          0         25        196      18507   netconf.o
       532         24          0          9          0       9778   netif.o
      1450          0          0          0          0      10863   pbuf.o
       116         14          0          4          0       1592   raw.o
        36          8        428          0       4608        980   startup_stm32f429_439xx.o
      2280        156          0         16      12460      51253   stm32f429_eth.o
       872         72          0          6        188       9195   stm32f429_phy.o
       436         24          0          0          0       7571   stm32f4xx_adc.o
       586         40          0          0          0       5456   stm32f4xx_dma.o
       402         40          0          0          0       5057   stm32f4xx_flash.o
       372         10          0          0          0       2379   stm32f4xx_fmc.o
       240          0          0          0          0       3951   stm32f4xx_gpio.o
       196         50          0          0          0       4422   stm32f4xx_it.o
        68         30          0          0          0       2910   stm32f4xx_iwdg.o
       456         60          0         16          0       7643   stm32f4xx_rcc.o
       370         80          0          0          0      11750   stm32f4xx_sdio.o
       112          0          0          0          0       3922   stm32f4xx_spi.o
        12          6          0          0          0        646   stm32f4xx_syscfg.o
       614         82          0          0          0       4927   stm32f4xx_tim.o
       528         42          0          0          0       5017   stm32f4xx_usart.o
       396         38          0         20          0     393965   system_stm32f4xx.o
      3152        174        197         36          0      29425   tcp.o
      1534        352          0         12      25976      15476   tcp_demo.o
      4824        288          0         32         16      16831   tcp_in.o
      3120         10          0          0          0      15727   tcp_out.o
         2          0          0          0          0        499   timers.o
      1166         38          0          8          0      18002   udp.o
      1476        300          0       4105       4164      13617   udp_demo.o

    ----------------------------------------------------------------------
    102248      10958       4800       4640     116488    1036452   Object Totals
         0          0         32          0          0          0   (incl. Generated)
        84          0          6         23          8          0   (incl. Padding)

    ----------------------------------------------------------------------

      Code (inc. data)   RO Data    RW Data    ZI Data      Debug   Library Member Name

        86          0          0          0          0          0   __dczerorl2.o
        28          0          0          0          0         68   _chval.o
       158          0          0          0          0         92   _strtoul.o
        26          0          0          0          0         80   atoi.o
         8          4        133          0          0         68   ctype_o.o
         0          0          0          0          0          0   entry.o
         0          0          0          0          0          0   entry10a.o
         0          0          0          0          0          0   entry11a.o
         8          4          0          0          0          0   entry2.o
         4          0          0          0          0          0   entry5.o
         0          0          0          0          0          0   entry7b.o
         0          0          0          0          0          0   entry8b.o
         8          4          0          0          0          0   entry9a.o
         8          4          0          4          0         68   errno.o
        30          0          0          0          0          0   handlers.o
        36          8          0          0          0         68   init.o
        30          0          0          0          0         68   llshl.o
        32          0          0          0          0         68   llushr.o
       188         20          0          0          0        160   malloc.o
        26          0          0          0          0         80   memcmp.o
        36          0          0          0          0         68   memcpya.o
        36          0          0          0          0        108   memseta.o
         0          0          0          8          0          0   mvars.o
       786         62          0          0          0        336   printf5.o
         0          0          0          4          0          0   stdout.o
        24          0          0          0          0         68   strcat.o
        28          0          0          0          0         76   strcmp.o
        14          0          0          0          0         68   strlen.o
       112          0          0          0          0         88   strtol.o
        98          0          0          0          0         92   uldiv.o

    ----------------------------------------------------------------------
      1814        106        134         16          0       1724   Library Totals
         4          0          1          0          0          0   (incl. Padding)

    ----------------------------------------------------------------------

      Code (inc. data)   RO Data    RW Data    ZI Data      Debug   Library Name

      1810        106        133         16          0       1724   mc_w.l

    ----------------------------------------------------------------------
      1814        106        134         16          0       1724   Library Totals

    ----------------------------------------------------------------------

==============================================================================


      Code (inc. data)   RO Data    RW Data    ZI Data      Debug   

    104062      11064       4934       4656     116488     988376   Grand Totals
    104062      11064       4934        152     116488     988376   ELF Image Totals (compressed)
    104062      11064       4934        152          0          0   ROM Totals

==============================================================================

    Total RO  Size (Code + RO Data)               108996 ( 106.44kB)
    Total RW  Size (RW Data + ZI Data)            121144 ( 118.30kB)
    Total ROM Size (Code + RO Data + RW Data)     109148 ( 106.59kB)

==============================================================================

