Component: ARM Compiler 5.06 update 2 (build 183) Tool: armlink [4d35b7]

==============================================================================

Section Cross References

    startup_stm32f429_439xx.o(RESET) refers to startup_stm32f429_439xx.o(STACK) for __initial_sp
    startup_stm32f429_439xx.o(RESET) refers to startup_stm32f429_439xx.o(.text) for Reset_Handler
    startup_stm32f429_439xx.o(RESET) refers to stm32f4xx_it.o(i.NMI_Handler) for NMI_Handler
    startup_stm32f429_439xx.o(RESET) refers to stm32f4xx_it.o(i.HardFault_Handler) for HardFault_Handler
    startup_stm32f429_439xx.o(RESET) refers to stm32f4xx_it.o(i.MemManage_Handler) for MemManage_Handler
    startup_stm32f429_439xx.o(RESET) refers to stm32f4xx_it.o(i.BusFault_Handler) for BusFault_Handler
    startup_stm32f429_439xx.o(RESET) refers to stm32f4xx_it.o(i.UsageFault_Handler) for UsageFault_Handler
    startup_stm32f429_439xx.o(RESET) refers to stm32f4xx_it.o(i.SVC_Handler) for SVC_Handler
    startup_stm32f429_439xx.o(RESET) refers to stm32f4xx_it.o(i.DebugMon_Handler) for DebugMon_Handler
    startup_stm32f429_439xx.o(RESET) refers to stm32f4xx_it.o(i.PendSV_Handler) for PendSV_Handler
    startup_stm32f429_439xx.o(RESET) refers to stm32f4xx_it.o(i.SysTick_Handler) for SysTick_Handler
    startup_stm32f429_439xx.o(RESET) refers to bsp_adc.o(i.ADC_IRQHandler) for ADC_IRQHandler
    startup_stm32f429_439xx.o(RESET) refers to dwgl_tim.o(i.TIM3_IRQHandler) for TIM3_IRQHandler
    startup_stm32f429_439xx.o(RESET) refers to bsp_sdio_sd.o(i.SDIO_IRQHandler) for SDIO_IRQHandler
    startup_stm32f429_439xx.o(RESET) refers to bsp_sdio_sd.o(i.DMA2_Stream3_IRQHandler) for DMA2_Stream3_IRQHandler
    startup_stm32f429_439xx.o(.text) refers to system_stm32f4xx.o(i.SystemInit) for SystemInit
    startup_stm32f429_439xx.o(.text) refers to entry.o(.ARM.Collect$$$$00000000) for __main
    system_stm32f4xx.o(i.SystemCoreClockUpdate) refers to system_stm32f4xx.o(.data) for SystemCoreClock
    system_stm32f4xx.o(i.SystemInit) refers to system_stm32f4xx.o(i.SetSysClock) for SetSysClock
    stm32f4xx_adc.o(i.ADC_DeInit) refers to stm32f4xx_rcc.o(i.RCC_APB2PeriphResetCmd) for RCC_APB2PeriphResetCmd
    stm32f4xx_can.o(i.CAN_DeInit) refers to stm32f4xx_rcc.o(i.RCC_APB1PeriphResetCmd) for RCC_APB1PeriphResetCmd
    stm32f4xx_can.o(i.CAN_GetITStatus) refers to stm32f4xx_can.o(i.CheckITStatus) for CheckITStatus
    stm32f4xx_cryp.o(i.CRYP_DeInit) refers to stm32f4xx_rcc.o(i.RCC_AHB2PeriphResetCmd) for RCC_AHB2PeriphResetCmd
    stm32f4xx_cryp_aes.o(i.CRYP_AES_CBC) refers to stm32f4xx_cryp.o(i.CRYP_KeyStructInit) for CRYP_KeyStructInit
    stm32f4xx_cryp_aes.o(i.CRYP_AES_CBC) refers to stm32f4xx_cryp.o(i.CRYP_FIFOFlush) for CRYP_FIFOFlush
    stm32f4xx_cryp_aes.o(i.CRYP_AES_CBC) refers to stm32f4xx_cryp.o(i.CRYP_Init) for CRYP_Init
    stm32f4xx_cryp_aes.o(i.CRYP_AES_CBC) refers to stm32f4xx_cryp.o(i.CRYP_KeyInit) for CRYP_KeyInit
    stm32f4xx_cryp_aes.o(i.CRYP_AES_CBC) refers to stm32f4xx_cryp.o(i.CRYP_Cmd) for CRYP_Cmd
    stm32f4xx_cryp_aes.o(i.CRYP_AES_CBC) refers to stm32f4xx_cryp.o(i.CRYP_GetFlagStatus) for CRYP_GetFlagStatus
    stm32f4xx_cryp_aes.o(i.CRYP_AES_CBC) refers to stm32f4xx_cryp.o(i.CRYP_IVInit) for CRYP_IVInit
    stm32f4xx_cryp_aes.o(i.CRYP_AES_CBC) refers to stm32f4xx_cryp.o(i.CRYP_GetCmdStatus) for CRYP_GetCmdStatus
    stm32f4xx_cryp_aes.o(i.CRYP_AES_CBC) refers to stm32f4xx_cryp.o(i.CRYP_DataIn) for CRYP_DataIn
    stm32f4xx_cryp_aes.o(i.CRYP_AES_CBC) refers to stm32f4xx_cryp.o(i.CRYP_DataOut) for CRYP_DataOut
    stm32f4xx_cryp_aes.o(i.CRYP_AES_CCM) refers to stm32f4xx_cryp.o(i.CRYP_KeyStructInit) for CRYP_KeyStructInit
    stm32f4xx_cryp_aes.o(i.CRYP_AES_CCM) refers to stm32f4xx_cryp.o(i.CRYP_FIFOFlush) for CRYP_FIFOFlush
    stm32f4xx_cryp_aes.o(i.CRYP_AES_CCM) refers to stm32f4xx_cryp.o(i.CRYP_KeyInit) for CRYP_KeyInit
    stm32f4xx_cryp_aes.o(i.CRYP_AES_CCM) refers to stm32f4xx_cryp.o(i.CRYP_IVInit) for CRYP_IVInit
    stm32f4xx_cryp_aes.o(i.CRYP_AES_CCM) refers to stm32f4xx_cryp.o(i.CRYP_Init) for CRYP_Init
    stm32f4xx_cryp_aes.o(i.CRYP_AES_CCM) refers to stm32f4xx_cryp.o(i.CRYP_PhaseConfig) for CRYP_PhaseConfig
    stm32f4xx_cryp_aes.o(i.CRYP_AES_CCM) refers to stm32f4xx_cryp.o(i.CRYP_DataIn) for CRYP_DataIn
    stm32f4xx_cryp_aes.o(i.CRYP_AES_CCM) refers to stm32f4xx_cryp.o(i.CRYP_Cmd) for CRYP_Cmd
    stm32f4xx_cryp_aes.o(i.CRYP_AES_CCM) refers to stm32f4xx_cryp.o(i.CRYP_GetCmdStatus) for CRYP_GetCmdStatus
    stm32f4xx_cryp_aes.o(i.CRYP_AES_CCM) refers to stm32f4xx_cryp.o(i.CRYP_GetFlagStatus) for CRYP_GetFlagStatus
    stm32f4xx_cryp_aes.o(i.CRYP_AES_CCM) refers to stm32f4xx_cryp.o(i.CRYP_DataOut) for CRYP_DataOut
    stm32f4xx_cryp_aes.o(i.CRYP_AES_CTR) refers to stm32f4xx_cryp.o(i.CRYP_KeyStructInit) for CRYP_KeyStructInit
    stm32f4xx_cryp_aes.o(i.CRYP_AES_CTR) refers to stm32f4xx_cryp.o(i.CRYP_KeyInit) for CRYP_KeyInit
    stm32f4xx_cryp_aes.o(i.CRYP_AES_CTR) refers to stm32f4xx_cryp.o(i.CRYP_Init) for CRYP_Init
[...]
    etharp_tmr                               0x0800a81d   Thumb Code   136  etharp.o(i.etharp_tmr)
    ethernet_input                           0x0800a961   Thumb Code   178  etharp.o(i.ethernet_input)
    ethernetif_init                          0x0800aa19   Thumb Code    38  ethernetif.o(i.ethernetif_init)
    ethernetif_input                         0x0800aa49   Thumb Code    42  ethernetif.o(i.ethernetif_input)
    f_close                                  0x0800aa73   Thumb Code    32  ff.o(i.f_close)
    f_lseek                                  0x0800aa93   Thumb Code   410  ff.o(i.f_lseek)
    f_mkdir                                  0x0800ac2d   Thumb Code   358  ff.o(i.f_mkdir)
    f_mkfs                                   0x0800ad95   Thumb Code  1622  ff.o(i.f_mkfs)
    f_mount                                  0x0800b419   Thumb Code    86  ff.o(i.f_mount)
    f_open                                   0x0800b475   Thumb Code   382  ff.o(i.f_open)
    f_read                                   0x0800b5f3   Thumb Code   464  ff.o(i.f_read)
    f_sync                                   0x0800b7c3   Thumb Code   176  ff.o(i.f_sync)
    f_write                                  0x0800b873   Thumb Code   524  ff.o(i.f_write)
    ff_convert                               0x0800ba81   Thumb Code    70  ccsbcs.o(i.ff_convert)
    ff_wtoupper                              0x0800bacd   Thumb Code    84  ccsbcs.o(i.ff_wtoupper)
    fputc                                    0x0800c011   Thumb Code    32  bsp_debug_usart.o(i.fputc)
    free                                     0x0800c035   Thumb Code    76  malloc.o(i.free)
    get_fat                                  0x0800c139   Thumb Code   318  ff.o(i.get_fat)
    get_fattime                              0x0800c279   Thumb Code     4  diskio.o(i.get_fattime)
    get_input_dns                            0x0800c281   Thumb Code   104  udp_demo.o(i.get_input_dns)
    http_url_select                          0x0800c361   Thumb Code   464  dwgl_function.o(i.http_url_select)
    icmp_dest_unreach                        0x0800c579   Thumb Code    18  icmp.o(i.icmp_dest_unreach)
    icmp_input                               0x0800c58d   Thumb Code   340  icmp.o(i.icmp_input)
    icmp_time_exceeded                       0x0800c759   Thumb Code    18  icmp.o(i.icmp_time_exceeded)
    inet_chksum                              0x0800c76b   Thumb Code    20  inet_chksum.o(i.inet_chksum)
    inet_chksum_pbuf                         0x0800c77f   Thumb Code    86  inet_chksum.o(i.inet_chksum_pbuf)
    ip4_addr_isbroadcast                     0x0800c7d5   Thumb Code    78  ip_addr.o(i.ip4_addr_isbroadcast)
    ip_frag                                  0x0800c825   Thumb Code   424  ip_frag.o(i.ip_frag)
    ip_input                                 0x0800c9ed   Thumb Code   420  ip.o(i.ip_input)
    ip_output                                0x0800cba5   Thumb Code    56  ip.o(i.ip_output)
    ip_output_if                             0x0800cbdd   Thumb Code   192  ip.o(i.ip_output_if)
    ip_reass                                 0x0800cca1   Thumb Code   386  ip_frag.o(i.ip_reass)
    ip_route                                 0x0800d12d   Thumb Code    76  ip.o(i.ip_route)
    ipaddr_addr                              0x0800d181   Thumb Code    24  ip_addr.o(i.ipaddr_addr)
    ipaddr_aton                              0x0800d199   Thumb Code   348  ip_addr.o(i.ipaddr_aton)
    key_task                                 0x0800d315   Thumb Code   944  dwgl_function.o(i.key_task)
    lwip_default_ip_set                      0x0800da55   Thumb Code   438  netconf.o(i.lwip_default_ip_set)
    lwip_htonl                               0x0800dc21   Thumb Code    26  def.o(i.lwip_htonl)
    lwip_htons                               0x0800dc3b   Thumb Code    12  def.o(i.lwip_htons)
    lwip_ntohl                               0x0800dc47   Thumb Code    12  def.o(i.lwip_ntohl)
    lwip_ntohs                               0x0800dc53   Thumb Code    12  def.o(i.lwip_ntohs)
    main                                     0x0800dcbd   Thumb Code   824  main.o(i.main)
    make_area1_get                           0x0800e131   Thumb Code   746  dwgl_function.o(i.make_area1_get)
    make_area2_get                           0x0800e515   Thumb Code   544  dwgl_function.o(i.make_area2_get)
    make_device_mess                         0x0800e7c1   Thumb Code   168  dwgl_function.o(i.make_device_mess)
    make_http_InitSoket                      0x0800e891   Thumb Code   520  dwgl_function.o(i.make_http_InitSoket)
    make_http_get                            0x0800ebb5   Thumb Code   342  dwgl_function.o(i.make_http_get)
    make_http_mess                           0x0800edbd   Thumb Code   408  dwgl_function.o(i.make_http_mess)
    make_http_post                           0x0800f069   Thumb Code   428  dwgl_function.o(i.make_http_post)
    make_soket_10000                         0x0800f309   Thumb Code   348  dwgl_function.o(i.make_soket_10000)
    make_soket_10001                         0x0800f469   Thumb Code   298  dwgl_function.o(i.make_soket_10001)
    make_soket_10004                         0x0800f599   Thumb Code   548  dwgl_function.o(i.make_soket_10004)
    make_soket_10006                         0x0800f809   Thumb Code   556  dwgl_function.o(i.make_soket_10006)
    make_soket_mess                          0x0800fa81   Thumb Code   140  dwgl_function.o(i.make_soket_mess)
    make_soket_rxok                          0x0800fb29   Thumb Code   100  dwgl_function.o(i.make_soket_rxok)
    make_udpdebug_mess                       0x0800fb95   Thumb Code    28  dwgl_function.o(i.make_udpdebug_mess)
    malloc                                   0x0800fbb5   Thumb Code    92  malloc.o(i.malloc)
    mem_free                                 0x0800fc61   Thumb Code    68  mem.o(i.mem_free)
    mem_init                                 0x0800fcb1   Thumb Code    74  mem.o(i.mem_init)
    mem_malloc                               0x0800fd0d   Thumb Code   222  mem.o(i.mem_malloc)
    mem_trim                                 0x0800fe0d   Thumb Code   288  mem.o(i.mem_trim)
    memp_free                                0x0800ff39   Thumb Code    48  memp.o(i.memp_free)
    memp_init                                0x0800ff6d   Thumb Code    82  memp.o(i.memp_init)
    memp_malloc                              0x0800ffd1   Thumb Code    86  memp.o(i.memp_malloc)
    my_found                                 0x08010065   Thumb Code   246  udp_demo.o(i.my_found)
    netif_add                                0x08010185   Thumb Code   104  netif.o(i.netif_add)
    netif_set_addr                           0x080101f5   Thumb Code    40  netif.o(i.netif_set_addr)
    netif_set_default                        0x0801021d   Thumb Code     6  netif.o(i.netif_set_default)
    netif_set_down                           0x08010229   Thumb Code    42  netif.o(i.netif_set_down)
    netif_set_gw                             0x08010253   Thumb Code    12  netif.o(i.netif_set_gw)
    netif_set_ipaddr                         0x08010261   Thumb Code   110  netif.o(i.netif_set_ipaddr)
    netif_set_link_callback                  0x080102d9   Thumb Code     6  netif.o(i.netif_set_link_callback)
    netif_set_link_down                      0x080102df   Thumb Code    42  netif.o(i.netif_set_link_down)
    netif_set_link_up                        0x08010309   Thumb Code    80  netif.o(i.netif_set_link_up)
    netif_set_netmask                        0x08010359   Thumb Code    12  netif.o(i.netif_set_netmask)
    netif_set_up                             0x08010365   Thumb Code    54  netif.o(i.netif_set_up)
    pbuf_alloc                               0x0801039b   Thumb Code   402  pbuf.o(i.pbuf_alloc)
    pbuf_alloced_custom                      0x0801052d   Thumb Code   108  pbuf.o(i.pbuf_alloced_custom)
    pbuf_cat                                 0x08010599   Thumb Code    56  pbuf.o(i.pbuf_cat)
    pbuf_chain                               0x080105d1   Thumb Code    22  pbuf.o(i.pbuf_chain)
    pbuf_clen                                0x080105e7   Thumb Code    18  pbuf.o(i.pbuf_clen)
    pbuf_copy                                0x080105f9   Thumb Code   192  pbuf.o(i.pbuf_copy)
    pbuf_copy_partial                        0x080106b9   Thumb Code   146  pbuf.o(i.pbuf_copy_partial)
    pbuf_free                                0x0801074b   Thumb Code   134  pbuf.o(i.pbuf_free)
    pbuf_header                              0x080107d1   Thumb Code   126  pbuf.o(i.pbuf_header)
    pbuf_realloc                             0x0801084f   Thumb Code   120  pbuf.o(i.pbuf_realloc)
    pbuf_ref                                 0x080108c7   Thumb Code    10  pbuf.o(i.pbuf_ref)
    pbuf_take                                0x080108d1   Thumb Code   116  pbuf.o(i.pbuf_take)
    put_fat                                  0x080109cd   Thumb Code   392  ff.o(i.put_fat)
    raw_input                                0x08010b55   Thumb Code   102  raw.o(i.raw_input)
    tcp2_cmd                                 0x08010d81   Thumb Code  2094  dwgl_function.o(i.tcp2_cmd)
    tcp2_task                                0x08011635   Thumb Code   746  dwgl_function.o(i.tcp2_task)
    tcp_abandon                              0x080119e1   Thumb Code   136  tcp.o(i.tcp_abandon)
    tcp_abort                                0x08011a75   Thumb Code    14  tcp.o(i.tcp_abort)
    tcp_alloc                                0x08011a85   Thumb Code   210  tcp.o(i.tcp_alloc)
    tcp_arg                                  0x08011b6d   Thumb Code     4  tcp.o(i.tcp_arg)
    tcp_close                                0x08011b71   Thumb Code    28  tcp.o(i.tcp_close)
    tcp_connect                              0x08011d55   Thumb Code   324  tcp.o(i.tcp_connect)
    tcp_echoclient_connect                   0x08011f55   Thumb Code   100  tcp_demo.o(i.tcp_echoclient_connect)
    tcp_echoclient_disconnect                0x080121dd   Thumb Code    28  tcp_demo.o(i.tcp_echoclient_disconnect)
    tcp_eff_send_mss                         0x08012553   Thumb Code    46  tcp.o(i.tcp_eff_send_mss)
    tcp_enqueue_flags                        0x08012581   Thumb Code   272  tcp_out.o(i.tcp_enqueue_flags)
    tcp_fasttmr                              0x08012691   Thumb Code   106  tcp.o(i.tcp_fasttmr)
    tcp_input                                0x08012709   Thumb Code  1132  tcp_in.o(i.tcp_input)
    tcp_keepalive                            0x08012b85   Thumb Code    68  tcp_out.o(i.tcp_keepalive)
    tcp_new                                  0x08012d89   Thumb Code    10  tcp.o(i.tcp_new)
    tcp_next_iss                             0x08012dfd   Thumb Code    20  tcp.o(i.tcp_next_iss)
    tcp_output                               0x08012e19   Thumb Code   444  tcp_out.o(i.tcp_output)
    tcp_pcb_purge                            0x08013251   Thumb Code    64  tcp.o(i.tcp_pcb_purge)
    tcp_pcb_remove                           0x08013291   Thumb Code   140  tcp.o(i.tcp_pcb_remove)
    tcp_poll                                 0x08013321   Thumb Code    14  tcp.o(i.tcp_poll)
    tcp_process_refused_data                 0x080138bd   Thumb Code   140  tcp.o(i.tcp_process_refused_data)
    tcp_recv                                 0x08013f85   Thumb Code     8  tcp.o(i.tcp_recv)
    tcp_recv_null                            0x08013f8d   Thumb Code    46  tcp.o(i.tcp_recv_null)
    tcp_recved                               0x08013fbb   Thumb Code    70  tcp.o(i.tcp_recved)
    tcp_rexmit                               0x08014001   Thumb Code    90  tcp_out.o(i.tcp_rexmit)
    tcp_rexmit_fast                          0x0801405b   Thumb Code   112  tcp_out.o(i.tcp_rexmit_fast)
    tcp_rexmit_rto                           0x080140cb   Thumb Code    58  tcp_out.o(i.tcp_rexmit_rto)
    tcp_rst                                  0x08014105   Thumb Code   124  tcp_out.o(i.tcp_rst)
    tcp_seg_free                             0x08014181   Thumb Code    26  tcp.o(i.tcp_seg_free)
    tcp_segs_free                            0x0801419b   Thumb Code    24  tcp.o(i.tcp_segs_free)
    tcp_send_empty_ack                       0x080141b3   Thumb Code    78  tcp_out.o(i.tcp_send_empty_ack)
    tcp_send_fin                             0x08014201   Thumb Code    74  tcp_out.o(i.tcp_send_fin)
    tcp_sent                                 0x0801424b   Thumb Code     8  tcp.o(i.tcp_sent)
    tcp_slowtmr                              0x08014255   Thumb Code   786  tcp.o(i.tcp_slowtmr)
    tcp_timer_needed                         0x08014589   Thumb Code     2  timers.o(i.tcp_timer_needed)
    tcp_tmr                                  0x08014639   Thumb Code    30  tcp.o(i.tcp_tmr)
    tcp_update_rcv_ann_wnd                   0x0801465d   Thumb Code    78  tcp.o(i.tcp_update_rcv_ann_wnd)
    tcp_write                                0x080146ab   Thumb Code   900  tcp_out.o(i.tcp_write)
    tcp_zero_window_probe                    0x08014a9f   Thumb Code   164  tcp_out.o(i.tcp_zero_window_probe)
    tcpl_cmd                                 0x08014b45   Thumb Code   418  dwgl_function.o(i.tcpl_cmd)
    tcpl_task                                0x08014d55   Thumb Code   876  dwgl_function.o(i.tcpl_task)
    tft_1bitdeep_TXT                         0x08015219   Thumb Code   554  dwgl_tft.o(i.tft_1bitdeep_TXT)
    tft_Clear                                0x0801544d   Thumb Code    56  dwgl_tft.o(i.tft_Clear)
    tft_DisplayStr                           0x08015485   Thumb Code   146  dwgl_tft.o(i.tft_DisplayStr)
    tft_DisplayStr_debug                     0x08015519   Thumb Code   338  dwgl_tft.o(i.tft_DisplayStr_debug)
    tft_ShowCharE                            0x08015671   Thumb Code   142  dwgl_tft.o(i.tft_ShowCharE)
    tft_ShowHzE                              0x08015709   Thumb Code   196  dwgl_tft.o(i.tft_ShowHzE)
    tft_cs_disable                           0x080157d5   Thumb Code    38  dwgl_tft.o(i.tft_cs_disable)
    tft_cs_enable                            0x08015801   Thumb Code    38  dwgl_tft.o(i.tft_cs_enable)
    tft_debug_init                           0x0801582d   Thumb Code    38  dwgl_tft.o(i.tft_debug_init)
    u16toStr                                 0x08015859   Thumb Code    94  dwgl_function.o(i.u16toStr)
    udp1_cmd                                 0x080158b9   Thumb Code   740  dwgl_function.o(i.udp1_cmd)
    udp1_task                                0x08015bed   Thumb Code   234  dwgl_function.o(i.udp1_task)
    udp_bind                                 0x08015d11   Thumb Code   122  udp.o(i.udp_bind)
    udp_connect                              0x08015d91   Thumb Code    94  udp.o(i.udp_connect)
    udp_demo_connection_close                0x08015df5   Thumb Code    30  udp_demo.o(i.udp_demo_connection_close)
    udp_demo_recv                            0x08015e19   Thumb Code   214  udp_demo.o(i.udp_demo_recv)
    udp_demo_senddata                        0x08015f25   Thumb Code   136  udp_demo.o(i.udp_demo_senddata)
    udp_demo_test                            0x08015fbd   Thumb Code   200  udp_demo.o(i.udp_demo_test)
    udp_disconnect                           0x080160b9   Thumb Code    16  udp.o(i.udp_disconnect)
    udp_input                                0x080160c9   Thumb Code   450  udp.o(i.udp_input)
    udp_new                                  0x08016299   Thumb Code    28  udp.o(i.udp_new)
    udp_recv                                 0x0801630d   Thumb Code     6  udp.o(i.udp_recv)
    udp_remove                               0x08016315   Thumb Code    60  udp.o(i.udp_remove)
    udp_send                                 0x08016355   Thumb Code    20  udp.o(i.udp_send)
    udp_sendto                               0x08016369   Thumb Code    46  udp.o(i.udp_sendto)
    udp_sendto_if                            0x08016397   Thumb Code   206  udp.o(i.udp_sendto_if)
    AsciiLib                                 0x08016496   Data        1520  asciilib_65k.o(.constdata)
    HzLib                                    0x08016a86   Data       216576  hzlib_65k.o(.constdata)
    ip_addr_any                              0x0804b888   Data           4  ip_addr.o(.constdata)
    ip_addr_broadcast                        0x0804b88c   Data           4  ip_addr.o(.constdata)
    tcp_state_str                            0x0804b8b4   Data          44  tcp.o(.constdata)
    tcp_backoff                              0x0804b8e0   Data          13  tcp.o(.constdata)
    tcp_persist_backoff                      0x0804b8ed   Data           7  tcp.o(.constdata)
    tcp_pcb_lists                            0x0804b8f4   Data          16  tcp.o(.constdata)
    ethbroadcast                             0x0804b904   Data           6  etharp.o(.constdata)
    ethzero                                  0x0804b90a   Data           6  etharp.o(.constdata)
    __ctype_table                            0x0804c282   Data         129  ctype_o.o(.constdata)
    Region$$Table$$Base                      0x0804c410   Number         0  anon$$obj.o(Region$$Table)
    Region$$Table$$Limit                     0x0804c430   Number         0  anon$$obj.o(Region$$Table)
    SystemCoreClock                          0x20000000   Data           4  system_stm32f4xx.o(.data)
    AHBPrescTable                            0x20000004   Data          16  system_stm32f4xx.o(.data)
    TCPTimer                                 0x20000024   Data           4  netconf.o(.data)
    ARPTimer                                 0x20000028   Data           4  netconf.o(.data)
    LinkTimer                                0x2000002c   Data           4  netconf.o(.data)
    IPaddress                                0x20000030   Data           4  netconf.o(.data)
    DHCPfineTimer                            0x20000034   Data           4  netconf.o(.data)
    DHCPcoarseTimer                          0x20000038   Data           4  netconf.o(.data)
    DHCP_state                               0x2000003c   Data           1  netconf.o(.data)
    time_sys                                 0x20000040   Data           4  dwgl_global.o(.data)
    time_ms                                  0x20000044   Data           4  dwgl_global.o(.data)
    send_times                               0x20000048   Data           4  dwgl_global.o(.data)
    step                                     0x2000004c   Data           2  dwgl_global.o(.data)
    time_s                                   0x2000004e   Data           2  dwgl_global.o(.data)
    testcmd1_time                            0x20000050   Data           2  dwgl_global.o(.data)
    testcmd3_time                            0x20000052   Data           2  dwgl_global.o(.data)
    time_s_temp                              0x20000054   Data           4  dwgl_global.o(.data)
    global_u16temp                           0x20000058   Data           2  dwgl_global.o(.data)
    global_u16p                              0x2000005c   Data           4  dwgl_global.o(.data)
    touch_flag                               0x20000060   Data           1  dwgl_global.o(.data)
    time_uart1                               0x20000064   Data           4  dwgl_global.o(.data)
    time_uart3                               0x20000068   Data           4  dwgl_global.o(.data)
    Dport_State                              0x2000006c   Data           6  dwgl_global.o(.data)
    checking_port                            0x20000072   Data           2  dwgl_global.o(.data)
    file_addr                                0x20000074   Data           4  dwgl_global.o(.data)
    Rfile_addr                               0x20000078   Data           4  dwgl_global.o(.data)
    file_hook                                0x2000007c   Data           1  dwgl_global.o(.data)
    file_wr                                  0x2000007d   Data           1  dwgl_global.o(.data)
    file_id                                  0x2000007e   Data           1  dwgl_global.o(.data)
    NextFileAddr                             0x20000080   Data           4  dwgl_global.o(.data)
    check_time                               0x20000084   Data           4  dwgl_global.o(.data)
    UART1_RXBUFFE_HEAD                       0x20000088   Data           2  dwgl_global.o(.data)
    UART1_RXBUFFE_LAST                       0x2000008a   Data           2  dwgl_global.o(.data)
    UART3_RXBUFFE_HEAD                       0x2000008c   Data           2  dwgl_global.o(.data)
    UART3_RXBUFFE_LAST                       0x2000008e   Data           2  dwgl_global.o(.data)
    AINx_ADCch                               0x20000090   Data          18  dwgl_global.o(.data)
    charge_speed                             0x200000a2   Data           2  dwgl_global.o(.data)
    SF_REG                                   0x200000a4   Data           1  dwgl_global.o(.data)
    GAIN_REG                                 0x200000a5   Data           1  dwgl_global.o(.data)
    KEEP_EN                                  0x200000a6   Data           1  dwgl_global.o(.data)
    Sine12bit                                0x200000a8   Data          64  dwgl_global.o(.data)
    co_x                                     0x200000e8   Data          20  dwgl_global.o(.data)
    co_y                                     0x200000fc   Data          20  dwgl_global.o(.data)
    xy_3                                     0x20000110   Data          18  dwgl_global.o(.data)
    ADC1_Pointer                             0x20000124   Data           4  bsp_adc.o(.data)
    ADC1_BufSize                             0x20000128   Data           2  bsp_adc.o(.data)
    ADC1_Length                              0x2000012a   Data           2  bsp_adc.o(.data)
    ADC1_State                               0x2000012c   Data           1  bsp_adc.o(.data)
    ADC1_Error                               0x2000012d   Data           1  bsp_adc.o(.data)
    ADC1_Buffer                              0x2000012e   Data           2  bsp_adc.o(.data)
    ADC2_Pointer                             0x20000130   Data           4  bsp_adc.o(.data)
    ADC2_BufSize                             0x20000134   Data           2  bsp_adc.o(.data)
    ADC2_Length                              0x20000136   Data           2  bsp_adc.o(.data)
    ADC2_State                               0x20000138   Data           1  bsp_adc.o(.data)
    ADC2_Error                               0x20000139   Data           1  bsp_adc.o(.data)
    ADC2_Buffer                              0x2000013a   Data           2  bsp_adc.o(.data)
    ADC3_Pointer                             0x2000013c   Data           4  bsp_adc.o(.data)
    ADC3_BufSize                             0x20000140   Data           2  bsp_adc.o(.data)
    ADC3_Length                              0x20000142   Data           2  bsp_adc.o(.data)
    ADC3_State                               0x20000144   Data           1  bsp_adc.o(.data)
    ADC3_Error                               0x20000145   Data           1  bsp_adc.o(.data)
    ADC3_Buffer                              0x20000146   Data           2  bsp_adc.o(.data)
    ADC1_channel                             0x20000148   Data          18  bsp_adc.o(.data)
    ADC3_channel                             0x2000015b   Data          18  bsp_adc.o(.data)
    ADC1_sampling_times                      0x2000016e   Data           1  bsp_adc.o(.data)
    ADC3_sampling_times                      0x2000016f   Data           1  bsp_adc.o(.data)
    ADC_ANx_piont                            0x20000170   Data          18  bsp_adc.o(.data)
    ADC_ConvertedValue                       0x20000182   Data           2  bsp_adc.o(.data)
    g32_temp                                 0x20000188   Data           4  dwgl_tft.o(.data)
    g16_temp                                 0x2000018c   Data           2  dwgl_tft.o(.data)
    LocalTime                                0x20000190   Data           4  dwgl_tim.o(.data)
    dnsdebug_pcb                             0x20000194   Data           4  udp_demo.o(.data)
    udpdebug_pcb                             0x20000198   Data           4  udp_demo.o(.data)
    udp1_txbuf                               0x2000019c   Data        4096  udp_demo.o(.data)
    udp_demo_flag                            0x2000119c   Data           1  udp_demo.o(.data)
    message_count                            0x200011a0   Data           4  tcp_demo.o(.data)
    soket_pcb                                0x200011a4   Data           4  tcp_demo.o(.data)
    http_pcb                                 0x200011a8   Data           4  tcp_demo.o(.data)
    res_sd                                   0x200011ac   Data           1  dwgl_fat.o(.data)
    fnum                                     0x200011b0   Data           4  dwgl_fat.o(.data)
    DMATxDescToSet                           0x200011b8   Data           4  stm32f429_eth.o(.data)
    DMARxDescToGet                           0x200011bc   Data           4  stm32f429_eth.o(.data)
    DMA_RX_FRAME_infos                       0x200011c0   Data           4  stm32f429_eth.o(.data)
    Frame_Rx_index                           0x200011c4   Data           4  stm32f429_eth.o(.data)
    EthStatus                                0x200011c8   Data           4  stm32f429_phy.o(.data)
    EthLinkStatus                            0x200011cc   Data           1  stm32f429_phy.o(.data)
    StopCondition                            0x200011d8   Data           4  bsp_sdio_sd.o(.data)
    TransferError                            0x200011dc   Data           1  bsp_sdio_sd.o(.data)
    TransferEnd                              0x200011e0   Data           4  bsp_sdio_sd.o(.data)
    DMAEndOfTransfer                         0x200011e4   Data           4  bsp_sdio_sd.o(.data)
    current_netif                            0x200011e8   Data           4  ip.o(.data)
    current_header                           0x200011ec   Data           4  ip.o(.data)
    current_iphdr_src                        0x200011f0   Data           4  ip.o(.data)
    current_iphdr_dest                       0x200011f4   Data           4  ip.o(.data)
    netif_list                               0x20001228   Data           4  netif.o(.data)
    netif_default                            0x2000122c   Data           4  netif.o(.data)
    tcp_ticks                                0x2000123c   Data           4  tcp.o(.data)
    tcp_bound_pcbs                           0x20001240   Data           4  tcp.o(.data)
    tcp_listen_pcbs                          0x20001244   Data           4  tcp.o(.data)
    tcp_active_pcbs                          0x20001248   Data           4  tcp.o(.data)
    tcp_tw_pcbs                              0x2000124c   Data           4  tcp.o(.data)
    tcp_tmp_pcb                              0x20001250   Data           4  tcp.o(.data)
    tcp_active_pcbs_changed                  0x20001254   Data           1  tcp.o(.data)
    tcp_input_pcb                            0x20001278   Data           4  tcp_in.o(.data)
    udp_pcbs                                 0x20001280   Data           4  udp.o(.data)
    __stdout                                 0x20001294   Data           4  stdout.o(.data)
    __microlib_freelist                      0x20001298   Data           4  mvars.o(.data)
    __microlib_freelist_initialised          0x2000129c   Data           4  mvars.o(.data)
    gnetif                                   0x200012a4   Data          56  netconf.o(.bss)
    self_default_lwip                        0x200012dc   Data          28  netconf.o(.bss)
    soket_lwip                               0x200012f8   Data          28  netconf.o(.bss)
    http_lwip                                0x20001314   Data          28  netconf.o(.bss)
    dnsdebug_lwip                            0x20001330   Data          28  netconf.o(.bss)
    udpdebug_lwip                            0x2000134c   Data          28  netconf.o(.bss)
    data_b                                   0x20001368   Data        2048  dwgl_global.o(.bss)
    device                                   0x20001b68   Data        1652  dwgl_global.o(.bss)
    info2STR                                 0x200021dc   Data         171  dwgl_global.o(.bss)
    LCDC                                     0x20002288   Data         108  dwgl_global.o(.bss)
    fkey                                     0x200022f4   Data          20  dwgl_global.o(.bss)
    str_buffer                               0x20002308   Data        4100  dwgl_global.o(.bss)
    LCD_TxtBuffer                            0x2000330c   Data        4100  dwgl_global.o(.bss)
    UART_BUFFER                              0x20004310   Data         128  dwgl_global.o(.bss)
    UART1_TXBUFFER                           0x20004390   Data         128  dwgl_global.o(.bss)
    UART1_RXBUFFER                           0x20004410   Data         512  dwgl_global.o(.bss)
    UART2_TXBUFFER                           0x20004610   Data         128  dwgl_global.o(.bss)
    UART2_RXBUFFER                           0x20004690   Data         128  dwgl_global.o(.bss)
    UART3_TXBUFFER                           0x20004710   Data         128  dwgl_global.o(.bss)
    UART3_RXBUFFER                           0x20004790   Data         128  dwgl_global.o(.bss)
    SPI_BUFFER                               0x20004810   Data         128  dwgl_global.o(.bss)
    ADC_BUFFER                               0x20004890   Data         640  dwgl_global.o(.bss)
    ADC_Base0                                0x20004b10   Data          36  dwgl_global.o(.bss)
    device_num                               0x20004b34   Data          20  dwgl_global.o(.bss)
    AD_count                                 0x20004b48   Data         128  dwgl_global.o(.bss)
    FatFile_AD                               0x20004bc8   Data         556  dwgl_tft.o(.bss)
    FatFile_URL                              0x20004df4   Data         556  dwgl_tft.o(.bss)
    FatFileBuf                               0x20005020   Data        8200  dwgl_tft.o(.bss)
    DebugStr                                 0x20007028   Data          16  dwgl_tft.o(.bss)
    DebugStr_str_data                        0x20007038   Data        2048  dwgl_tft.o(.bss)
    UdpdebugM_init                           0x20007838   Data          68  udp_demo.o(.bss)
    udp1_rxbuf                               0x2000787c   Data        4096  udp_demo.o(.bss)
    HttpU_buffer                             0x2000887c   Data        8832  tcp_demo.o(.bss)
    HttpM_init                               0x2000aafc   Data         332  tcp_demo.o(.bss)
    ChargeM_init                             0x2000ac48   Data         384  tcp_demo.o(.bss)
    tcp1_rxbuf                               0x2000adc8   Data        4096  tcp_demo.o(.bss)
    tcp1_txbuf                               0x2000bdc8   Data        4096  tcp_demo.o(.bss)
    tcp2_rxbuf                               0x2000cdc8   Data        4096  tcp_demo.o(.bss)
    tcp2_txbuf                               0x2000ddc8   Data        4096  tcp_demo.o(.bss)
    fs                                       0x2000edc8   Data        4144  dwgl_fat.o(.bss)
    fnew                                     0x2000fdf8   Data        4132  dwgl_fat.o(.bss)
    fsrc                                     0x20010e1c   Data        4132  dwgl_fat.o(.bss)
    dirs                                     0x20011e40   Data          36  dwgl_fat.o(.bss)
    DMARxDscrTab                             0x20011e64   Data         128  stm32f429_eth.o(.bss)
    DMATxDscrTab                             0x20011ee4   Data         128  stm32f429_eth.o(.bss)
    Rx_Buff                                  0x20011f64   Data        6096  stm32f429_eth.o(.bss)
    Tx_Buff                                  0x20013734   Data        6096  stm32f429_eth.o(.bss)
    RX_Frame_Descriptor                      0x20014f04   Data          12  stm32f429_eth.o(.bss)
    ETH_InitStructure                        0x20014f10   Data         188  stm32f429_phy.o(.bss)
    SDCardInfo                               0x20015000   Data          88  bsp_sdio_sd.o(.bss)
    SDIO_InitStructure                       0x20015058   Data          24  bsp_sdio_sd.o(.bss)
    SDIO_CmdInitStructure                    0x20015070   Data          20  bsp_sdio_sd.o(.bss)
    SDIO_DataInitStructure                   0x20015084   Data          24  bsp_sdio_sd.o(.bss)
    dhcp_rx_options_val                      0x2001509c   Data          40  dhcp.o(.bss)
    dhcp_rx_options_given                    0x200150c4   Data          10  dhcp.o(.bss)
    ram_heap                                 0x20015733   Data       10260  mem.o(.bss)
    memp_tab                                 0x20017f48   Data          36  memp.o(.bss)
    __heap_base                              0x2001a1f8   Data           0  startup_stm32f429_439xx.o(HEAP)
    __heap_limit                             0x2001a3f8   Data           0  startup_stm32f429_439xx.o(HEAP)
    __initial_sp                             0x2001b3f8   Data           0  startup_stm32f429_439xx.o(STACK)



==============================================================================

Memory Map of the image

  Image Entry point : 0x080001ad

  Load Region LR_IROM1 (Base: 0x08000000, Size: 0x0004d6d4, Max: 0x00100000, ABSOLUTE, COMPRESSED[0x0004c52c])

    Execution Region ER_IROM1 (Base: 0x08000000, Size: 0x0004c430, Max: 0x00100000, ABSOLUTE)

    Base Addr    Size         Type   Attr      Idx    E Section Name        Object

    0x08000000   0x000001ac   Data   RO            3    RESET               startup_stm32f429_439xx.o
    0x080001ac   0x00000000   Code   RO         9988  * .ARM.Collect$$$$00000000  mc_w.l(entry.o)
    0x080001ac   0x00000004   Code   RO        10298    .ARM.Collect$$$$00000001  mc_w.l(entry2.o)
    0x080001b0   0x00000004   Code   RO        10301    .ARM.Collect$$$$00000004  mc_w.l(entry5.o)
    0x080001b4   0x00000000   Code   RO        10303    .ARM.Collect$$$$00000008  mc_w.l(entry7b.o)
    0x080001b4   0x00000000   Code   RO        10305    .ARM.Collect$$$$0000000A  mc_w.l(entry8b.o)
    0x080001b4   0x00000008   Code   RO        10306    .ARM.Collect$$$$0000000B  mc_w.l(entry9a.o)
    0x080001bc   0x00000000   Code   RO        10308    .ARM.Collect$$$$0000000D  mc_w.l(entry10a.o)
    0x080001bc   0x00000000   Code   RO        10310    .ARM.Collect$$$$0000000F  mc_w.l(entry11a.o)
    0x080001bc   0x00000004   Code   RO        10299    .ARM.Collect$$$$00002712  mc_w.l(entry2.o)
    0x080001c0   0x00000024   Code   RO            4    .text               startup_stm32f429_439xx.o
    0x080001e4   0x00000062   Code   RO         9991    .text               mc_w.l(uldiv.o)
    0x08000246   0x00000024   Code   RO         9993    .text               mc_w.l(memcpya.o)
    0x0800026a   0x00000024   Code   RO         9995    .text               mc_w.l(memseta.o)
    0x0800028e   0x00000018   Code   RO         9997    .text               mc_w.l(strcat.o)
    0x080002a6   0x0000000e   Code   RO         9999    .text               mc_w.l(strlen.o)
    0x080002b4   0x0000001c   Code   RO        10001    .text               mc_w.l(strcmp.o)
    0x080002d0   0x0000001a   Code   RO        10003    .text               mc_w.l(memcmp.o)
    0x080002ea   0x0000001a   Code   RO        10296    .text               mc_w.l(atoi.o)
    0x08000304   0x0000001e   Code   RO        10315    .text               mc_w.l(llshl.o)
    0x08000322   0x00000020   Code   RO        10317    .text               mc_w.l(llushr.o)
    0x08000342   0x00000070   Code   RO        10328    .text               mc_w.l(strtol.o)
    0x080003b2   0x00000002   PAD
    0x080003b4   0x00000024   Code   RO        10341    .text               mc_w.l(init.o)
    0x080003d8   0x00000008   Code   RO        10345    .text               mc_w.l(ctype_o.o)
    0x080003e0   0x0000009e   Code   RO        10373    .text               mc_w.l(_strtoul.o)
    0x0800047e   0x0000001c   Code   RO        10377    .text               mc_w.l(_chval.o)
    0x0800049a   0x00000056   Code   RO        10387    .text               mc_w.l(__dczerorl2.o)
    0x080004f0   0x0000000a   Code   RO          385    i.ADC_ClearITPendingBit  stm32f4xx_adc.o
    0x080004fa   0x00000016   Code   RO          386    i.ADC_Cmd           stm32f4xx_adc.o
    0x08000510   0x00000030   Code   RO          387    i.ADC_CommonInit    stm32f4xx_adc.o
    0x08000540   0x00000194   Code   RO         6260    i.ADC_GPIO_Config   bsp_adc.o
    0x080006d4   0x00000008   Code   RO          398    i.ADC_GetConversionValue  stm32f4xx_adc.o
    0x080006dc   0x00000026   Code   RO          400    i.ADC_GetITStatus   stm32f4xx_adc.o
    0x08000702   0x00000002   PAD
    0x08000704   0x0000010c   Code   RO         6261    i.ADC_IRQHandler    bsp_adc.o
    0x08000810   0x00000020   Code   RO          405    i.ADC_ITConfig      stm32f4xx_adc.o
    0x08000830   0x00000054   Code   RO          406    i.ADC_Init          stm32f4xx_adc.o
    0x08000884   0x000000e4   Code   RO         6262    i.ADC_Mode_Config   bsp_adc.o
    0x08000968   0x000000b8   Code   RO          411    i.ADC_RegularChannelConfig  stm32f4xx_adc.o
    0x08000a20   0x0000000a   Code   RO          413    i.ADC_SoftwareStartConv  stm32f4xx_adc.o
    0x08000a2a   0x00000002   PAD
    0x08000a2c   0x00000024   Code   RO         6263    i.BSP_ADC_Init      bsp_adc.o
    0x08000a50   0x0000021c   Code   RO         6153    i.BSP_GPIO_Config   dwgl_bsp_gpio.o
    0x08000c6c   0x00000004   Code   RO         5350    i.BusFault_Handler  stm32f4xx_it.o
    0x08000c70   0x0000002c   Code   RO         7653    i.CmdError          bsp_sdio_sd.o
    0x08000c9c   0x00000134   Code   RO         7654    i.CmdResp1Error     bsp_sdio_sd.o
    0x08000dd0   0x0000004c   Code   RO         7655    i.CmdResp2Error     bsp_sdio_sd.o
    0x08000e1c   0x00000038   Code   RO         7656    i.CmdResp3Error     bsp_sdio_sd.o
    0x08000e54   0x0000009c   Code   RO         7657    i.CmdResp6Error     bsp_sdio_sd.o
    0x08000ef0   0x0000004c   Code   RO         7658    i.CmdResp7Error     bsp_sdio_sd.o
    0x08000f3c   0x00000008   Code   RO         7659    i.DMA2_Stream3_IRQHandler  bsp_sdio_sd.o
    0x08000f44   0x00000034   Code   RO         1384    i.DMA_ClearFlag     stm32f4xx_dma.o
    0x08000f78   0x00000016   Code   RO         1386    i.DMA_Cmd           stm32f4xx_dma.o
    0x08000f8e   0x00000002   PAD
    0x08000f90   0x00000158   Code   RO         1387    i.DMA_DeInit        stm32f4xx_dma.o
    0x080010e8   0x00000016   Code   RO         1390    i.DMA_FlowControllerConfig  stm32f4xx_dma.o
    0x080010fe   0x0000003a   Code   RO         1397    i.DMA_ITConfig      stm32f4xx_dma.o
    0x08001138   0x00000058   Code   RO         1398    i.DMA_Init          stm32f4xx_dma.o
    0x08001190   0x00000002   Code   RO         5351    i.DebugMon_Handler  stm32f4xx_it.o
    0x08001192   0x00000002   PAD
    0x08001194   0x000000a0   Code   RO         6904    i.Debug_USART_Config  bsp_debug_usart.o
    0x08001234   0x00000018   Code   RO         6978    i.Delay_10ms        bsp_systick.o
    0x0800124c   0x00000020   Code   RO         5943    i.Delay_ms          dwgl_wb_lcd.o
    0x0800126c   0x0000002c   Code   RO         7579    i.ETH_BSP_Config    stm32f429_phy.o
    0x08001298   0x000000dc   Code   RO         7048    i.ETH_CheckFrameReceived  stm32f429_eth.o
    0x08001374   0x0000004c   Code   RO         7580    i.ETH_CheckLinkStatus  stm32f429_phy.o
    0x080013c0   0x00000024   Code   RO         7052    i.ETH_DMAReceptionCmd  stm32f429_eth.o
    0x080013e4   0x00000064   Code   RO         7053    i.ETH_DMARxDescChainInit  stm32f429_eth.o
    0x08001448   0x00000024   Code   RO         7055    i.ETH_DMATransmissionCmd  stm32f429_eth.o
    0x0800146c   0x00000050   Code   RO         7058    i.ETH_DMATxDescChainInit  stm32f429_eth.o
    0x080014bc   0x00000008   Code   RO         7059    i.ETH_DMATxDescChecksumInsertionConfig  stm32f429_eth.o
    0x080014c4   0x00000016   Code   RO         7064    i.ETH_DeInit        stm32f429_eth.o
    0x080014da   0x00000002   PAD
    0x080014dc   0x0000002c   Code   RO         7066    i.ETH_FlushTransmitFIFO  stm32f429_eth.o
    0x08001508   0x00000150   Code   RO         7581    i.ETH_GPIO_Config   stm32f429_phy.o
    0x08001658   0x00000018   Code   RO         7092    i.ETH_GetSoftwareResetStatus  stm32f429_eth.o
    0x08001670   0x00000048   Code   RO         7094    i.ETH_Get_Received_Frame  stm32f429_eth.o
    0x080016b8   0x00000314   Code   RO         7097    i.ETH_Init          stm32f429_eth.o
    0x080019cc   0x00000034   Code   RO         7099    i.ETH_MACAddressConfig  stm32f429_eth.o
    0x08001a00   0x000000a0   Code   RO         7582    i.ETH_MACDMA_Config  stm32f429_phy.o
    0x08001aa0   0x0000003c   Code   RO         7104    i.ETH_MACReceptionCmd  stm32f429_eth.o
    0x08001adc   0x0000003c   Code   RO         7105    i.ETH_MACTransmissionCmd  stm32f429_eth.o
    0x08001b18   0x000000cc   Code   RO         7116    i.ETH_Prepare_Transmit_Descriptors  stm32f429_eth.o
    0x08001be4   0x0000006c   Code   RO         7117    i.ETH_ReadPHYRegister  stm32f429_eth.o
    0x08001c50   0x00000014   Code   RO         7125    i.ETH_SoftwareReset  stm32f429_eth.o
    0x08001c64   0x00000020   Code   RO         7126    i.ETH_Start         stm32f429_eth.o
    0x08001c84   0x00000020   Code   RO         7127    i.ETH_Stop          stm32f429_eth.o
    0x08001ca4   0x000000b2   Code   RO         7128    i.ETH_StructInit    stm32f429_eth.o
    0x08001d56   0x00000002   PAD
    0x08001d58   0x00000068   Code   RO         7130    i.ETH_WritePHYRegister  stm32f429_eth.o
    0x08001dc0   0x00000100   Code   RO         7583    i.ETH_link_callback  stm32f429_phy.o
    0x08001ec0   0x00000034   Code   RO         5154    i.FMC_NORSRAMCmd    stm32f4xx_fmc.o
    0x08001ef4   0x00000140   Code   RO         5156    i.FMC_NORSRAMInit   stm32f4xx_fmc.o
    0x08002034   0x00000194   Code   RO         7660    i.FindSCR           bsp_sdio_sd.o
    0x080021c8   0x0000001e   Code   RO         6154    i.GPIO_EN_9V        dwgl_bsp_gpio.o
    0x080021e6   0x0000001e   Code   RO         6155    i.GPIO_EN_FAN       dwgl_bsp_gpio.o
    0x08002204   0x0000001e   Code   RO         6156    i.GPIO_EN_HV        dwgl_bsp_gpio.o
    0x08002222   0x0000001e   Code   RO         6157    i.GPIO_EN_TPS54336  dwgl_bsp_gpio.o
    0x08002240   0x00000090   Code   RO         2027    i.GPIO_Init         stm32f4xx_gpio.o
    0x080022d0   0x00000046   Code   RO         2028    i.GPIO_PinAFConfig  stm32f4xx_gpio.o
    0x08002316   0x00000012   Code   RO         2031    i.GPIO_ReadInputDataBit  stm32f4xx_gpio.o
    0x08002328   0x00000004   Code   RO         2034    i.GPIO_ResetBits    stm32f4xx_gpio.o
    0x0800232c   0x00000004   Code   RO         2035    i.GPIO_SetBits      stm32f4xx_gpio.o
    0x08002330   0x0000002c   Code   RO         5588    i.Get_ADC_BaseLine  dwgl_function.o
    0x0800235c   0x00000058   Code   RO         5352    i.HardFault_Handler  stm32f4xx_it.o
    0x080023b4   0x00000028   Code   RO         6945    i.Key_GPIO_Config   bsp_key.o
    0x080023dc   0x0000003c   Code   RO         5945    i.LCD_Clear         dwgl_wb_lcd.o
    0x08002418   0x00000054   Code   RO         5954    i.LCD_Fill          dwgl_wb_lcd.o
    0x0800246c   0x0000036c   Code   RO         5957    i.LCD_Init          dwgl_wb_lcd.o
    0x080027d8   0x0000036c   Code   RO         5958    i.LCD_Init1         dwgl_wb_lcd.o
    0x08002b44   0x0000024c   Code   RO         5959    i.LCD_Init_BSP      dwgl_wb_lcd.o
    0x08002d90   0x00000044   Code   RO         5967    i.LCD_WindowMax     dwgl_wb_lcd.o
    0x08002dd4   0x00000008   Code   RO         5968    i.LCD_WriteRAM_Prepare  dwgl_wb_lcd.o
    0x08002ddc   0x0000070c   Code   RO         5590    i.LCD_task          dwgl_function.o
    0x080034e8   0x00000068   Code   RO         7023    i.LED_GPIO_Config   bsp_led.o
    0x08003550   0x000003e4   Code   RO         5425    i.LwIP_DHCP_Process_Handle  netconf.o
    0x08003934   0x000000c4   Code   RO         5426    i.LwIP_Init         netconf.o
    0x080039f8   0x000000f8   Code   RO         5427    i.LwIP_Periodic_Handle  netconf.o
    0x08003af0   0x00000010   Code   RO         5428    i.LwIP_Pkt_Handle   netconf.o
    0x08003b00   0x00000004   Code   RO         5353    i.MemManage_Handler  stm32f4xx_it.o
    0x08003b04   0x00000002   Code   RO         5354    i.NMI_Handler       stm32f4xx_it.o
    0x08003b06   0x00000040   Code   RO         5553    i.NVIC_Configuration  dwgl_global.o
    0x08003b46   0x00000002   PAD
    0x08003b48   0x00000078   Code   RO          328    i.NVIC_Init         misc.o
    0x08003bc0   0x00000014   Code   RO          329    i.NVIC_PriorityGroupConfig  misc.o
    0x08003bd4   0x00000002   Code   RO         5355    i.PendSV_Handler    stm32f4xx_it.o
    0x08003bd6   0x00000002   PAD
    0x08003bd8   0x00000020   Code   RO         2941    i.RCC_AHB1PeriphClockCmd  stm32f4xx_rcc.o
    0x08003bf8   0x00000020   Code   RO         2943    i.RCC_AHB1PeriphResetCmd  stm32f4xx_rcc.o
    0x08003c18   0x00000020   Code   RO         2947    i.RCC_AHB3PeriphClockCmd  stm32f4xx_rcc.o
    0x08003c38   0x00000020   Code   RO         2950    i.RCC_APB1PeriphClockCmd  stm32f4xx_rcc.o
    0x08003c58   0x00000020   Code   RO         2953    i.RCC_APB2PeriphClockCmd  stm32f4xx_rcc.o
    0x08003c78   0x00000020   Code   RO         2955    i.RCC_APB2PeriphResetCmd  stm32f4xx_rcc.o
    0x08003c98   0x000000e8   Code   RO         2962    i.RCC_GetClocksFreq  stm32f4xx_rcc.o
    0x08003d80   0x0000011c   Code   RO         7662    i.SDEnWideBus       bsp_sdio_sd.o
    0x08003e9c   0x0000000c   Code   RO         3872    i.SDIO_ClearFlag    stm32f4xx_sdio.o
    0x08003ea8   0x0000000c   Code   RO         3873    i.SDIO_ClearITPendingBit  stm32f4xx_sdio.o
    0x08003eb4   0x0000000c   Code   RO         3874    i.SDIO_ClockCmd     stm32f4xx_sdio.o
    0x08003ec0   0x0000000c   Code   RO         3877    i.SDIO_DMACmd       stm32f4xx_sdio.o
    0x08003ecc   0x00000034   Code   RO         3878    i.SDIO_DataConfig   stm32f4xx_sdio.o
    0x08003f00   0x00000016   Code   RO         3880    i.SDIO_DeInit       stm32f4xx_sdio.o
    0x08003f16   0x00000002   PAD
    0x08003f18   0x0000000c   Code   RO         3881    i.SDIO_GetCommandResponse  stm32f4xx_sdio.o
    0x08003f24   0x00000018   Code   RO         3884    i.SDIO_GetFlagStatus  stm32f4xx_sdio.o
    0x08003f3c   0x00000018   Code   RO         3885    i.SDIO_GetITStatus  stm32f4xx_sdio.o
    0x08003f54   0x00000010   Code   RO         3886    i.SDIO_GetPowerState  stm32f4xx_sdio.o
    0x08003f64   0x00000018   Code   RO         3887    i.SDIO_GetResponse  stm32f4xx_sdio.o
    0x08003f7c   0x00000008   Code   RO         7663    i.SDIO_IRQHandler   bsp_sdio_sd.o
    0x08003f84   0x00000020   Code   RO         3888    i.SDIO_ITConfig     stm32f4xx_sdio.o
    0x08003fa4   0x00000030   Code   RO         3889    i.SDIO_Init         stm32f4xx_sdio.o
    0x08003fd4   0x0000000c   Code   RO         3890    i.SDIO_ReadData     stm32f4xx_sdio.o
    0x08003fe0   0x0000002c   Code   RO         3892    i.SDIO_SendCommand  stm32f4xx_sdio.o
    0x0800400c   0x0000000c   Code   RO         3894    i.SDIO_SetPowerState  stm32f4xx_sdio.o
    0x08004018   0x0000000c   Code   RO         7665    i.SD_Detect         bsp_sdio_sd.o
    0x08004024   0x00000090   Code   RO         7666    i.SD_EnableWideBusOperation  bsp_sdio_sd.o
    0x080040b4   0x0000031c   Code   RO         7668    i.SD_GetCardInfo    bsp_sdio_sd.o
    0x080043d0   0x00000026   Code   RO         7670    i.SD_GetState       bsp_sdio_sd.o
    0x080043f6   0x0000001e   Code   RO         7671    i.SD_GetStatus      bsp_sdio_sd.o
    0x08004414   0x000000c0   Code   RO         7674    i.SD_Init           bsp_sdio_sd.o
    0x080044d4   0x0000013c   Code   RO         7675    i.SD_InitializeCards  bsp_sdio_sd.o
    0x08004610   0x00000090   Code   RO         7676    i.SD_LowLevel_DMA_RxConfig  bsp_sdio_sd.o
    0x080046a0   0x00000090   Code   RO         7677    i.SD_LowLevel_DMA_TxConfig  bsp_sdio_sd.o
    0x08004730   0x000000a4   Code   RO         7679    i.SD_LowLevel_Init  bsp_sdio_sd.o
    0x080047d4   0x000001a0   Code   RO         7681    i.SD_PowerON        bsp_sdio_sd.o
    0x08004974   0x00000028   Code   RO         7682    i.SD_ProcessDMAIRQ  bsp_sdio_sd.o
    0x0800499c   0x000000ac   Code   RO         7683    i.SD_ProcessIRQSrc  bsp_sdio_sd.o
    0x08004a48   0x000000f8   Code   RO         7685    i.SD_ReadMultiBlocks  bsp_sdio_sd.o
    0x08004b40   0x00000038   Code   RO         7686    i.SD_SelectDeselect  bsp_sdio_sd.o
    0x08004b78   0x00000054   Code   RO         7688    i.SD_SendStatus     bsp_sdio_sd.o
    0x08004bcc   0x00000034   Code   RO         7689    i.SD_StopTransfer   bsp_sdio_sd.o
    0x08004c00   0x00000080   Code   RO         7690    i.SD_WaitReadOperation  bsp_sdio_sd.o
    0x08004c80   0x00000080   Code   RO         7691    i.SD_WaitWriteOperation  bsp_sdio_sd.o
    0x08004d00   0x00000158   Code   RO         7693    i.SD_WriteMultiBlocks  bsp_sdio_sd.o
    0x08004e58   0x00000018   Code   RO         4096    i.SPI_Cmd           stm32f4xx_spi.o
    0x08004e70   0x0000004c   Code   RO         6306    i.SPI_FLASH_BufferRead  bsp_spi_flash.o
    0x08004ebc   0x00000122   Code   RO         6307    i.SPI_FLASH_BufferWrite  bsp_spi_flash.o
    0x08004fde   0x00000002   PAD
    0x08004fe0   0x000000d4   Code   RO         6309    i.SPI_FLASH_Init    bsp_spi_flash.o
    0x080050b4   0x00000098   Code   RO         6310    i.SPI_FLASH_PageWrite  bsp_spi_flash.o
    0x0800514c   0x00000040   Code   RO         6314    i.SPI_FLASH_SectorErase  bsp_spi_flash.o
    0x0800518c   0x00000078   Code   RO         6315    i.SPI_FLASH_SendByte  bsp_spi_flash.o
    0x08005204   0x00000050   Code   RO         6318    i.SPI_FLASH_WaitForWriteEnd  bsp_spi_flash.o
    0x08005254   0x0000001c   Code   RO         6319    i.SPI_FLASH_WriteEnable  bsp_spi_flash.o
    0x08005270   0x00000012   Code   RO         4104    i.SPI_I2S_GetFlagStatus  stm32f4xx_spi.o
    0x08005282   0x00000006   Code   RO         4107    i.SPI_I2S_ReceiveData  stm32f4xx_spi.o
    0x08005288   0x00000004   Code   RO         4108    i.SPI_I2S_SendData  stm32f4xx_spi.o
    0x0800528c   0x0000003c   Code   RO         4109    i.SPI_Init          stm32f4xx_spi.o
    0x080052c8   0x00000040   Code   RO         6322    i.SPI_TIMEOUT_UserCallback  bsp_spi_flash.o
    0x08005308   0x00000002   Code   RO         5356    i.SVC_Handler       stm32f4xx_it.o
    0x0800530a   0x00000002   PAD
    0x0800530c   0x0000000c   Code   RO         4260    i.SYSCFG_ETH_MediaInterfaceConfig  stm32f4xx_syscfg.o
    0x08005318   0x00000120   Code   RO           13    i.SetSysClock       system_stm32f4xx.o
    0x08005438   0x00000088   Code   RO         6430    i.Str_addto_Str     dwgl_tft.o
    0x080054c0   0x0000003c   Code   RO         5357    i.SysTick_Handler   stm32f4xx_it.o
    0x080054fc   0x00000068   Code   RO         6979    i.SysTick_Init      bsp_systick.o
    0x08005564   0x00000068   Code   RO           15    i.SystemInit        system_stm32f4xx.o
    0x080055cc   0x0000005c   Code   RO         6570    i.TIM3_Config       dwgl_tim.o
    0x08005628   0x0000002c   Code   RO         6571    i.TIM3_IRQHandler   dwgl_tim.o
    0x08005654   0x00000006   Code   RO         4329    i.TIM_ClearITPendingBit  stm32f4xx_tim.o
    0x0800565a   0x00000018   Code   RO         4334    i.TIM_Cmd           stm32f4xx_tim.o
    0x08005672   0x00000022   Code   RO         4355    i.TIM_GetITStatus   stm32f4xx_tim.o
    0x08005694   0x00000012   Code   RO         4359    i.TIM_ITConfig      stm32f4xx_tim.o
    0x080056a6   0x00000002   PAD
    0x080056a8   0x00000084   Code   RO         4406    i.TIM_TimeBaseInit  stm32f4xx_tim.o
    0x0800572c   0x00000018   Code   RO         6980    i.TimingDelay_Decrement  bsp_systick.o
    0x08005744   0x00000012   Code   RO         4884    i.USART_ClearFlag   stm32f4xx_usart.o
    0x08005756   0x00000018   Code   RO         4888    i.USART_Cmd         stm32f4xx_usart.o
    0x0800576e   0x0000001a   Code   RO         4891    i.USART_GetFlagStatus  stm32f4xx_usart.o
    0x08005788   0x000000d4   Code   RO         4895    i.USART_Init        stm32f4xx_usart.o
    0x0800585c   0x00000008   Code   RO         4905    i.USART_SendData    stm32f4xx_usart.o
    0x08005864   0x00000004   Code   RO         5358    i.UsageFault_Handler  stm32f4xx_it.o
    0x08005868   0x00000020   Code   RO        10140    i.__0printf$5       mc_w.l(printf5.o)
    0x08005888   0x00000028   Code   RO        10142    i.__0sprintf$5      mc_w.l(printf5.o)
    0x080058b0   0x00000008   Code   RO        10321    i.__aeabi_errno_addr  mc_w.l(errno.o)
    0x080058b8   0x0000000e   Code   RO        10381    i.__scatterload_copy  mc_w.l(handlers.o)
    0x080058c6   0x00000002   Code   RO        10382    i.__scatterload_null  mc_w.l(handlers.o)
    0x080058c8   0x0000000e   Code   RO        10383    i.__scatterload_zeroinit  mc_w.l(handlers.o)
    0x080058d6   0x00000002   PAD
    0x080058d8   0x000002c0   Code   RO        10147    i._printf_core      mc_w.l(printf5.o)
    0x08005b98   0x0000000a   Code   RO        10149    i._sputc            mc_w.l(printf5.o)
    0x08005ba2   0x00000058   Code   RO         6431    i.bmp_print_unit    dwgl_tft.o
    0x08005bfa   0x00000002   PAD
    0x08005bfc   0x00000130   Code   RO         5592    i.charge_task       dwgl_function.o
    0x08005d2c   0x00000090   Code   RO         9665    i.check_fs          ff.o
    0x08005dbc   0x00000014   Code   RO         9666    i.chk_chr           ff.o
    0x08005dd0   0x0000001a   Code   RO         9667    i.clust2sect        ff.o
    0x08005dea   0x00000002   PAD
    0x08005dec   0x000002e4   Code   RO         5597    i.cmd_File_Requst   dwgl_function.o
    0x080060d0   0x000000d4   Code   RO         5598    i.cmd_File_Tx       dwgl_function.o
    0x080061a4   0x000000ac   Code   RO         5604    i.cmd_soket_10005   dwgl_function.o
    0x08006250   0x000000a0   Code   RO         9668    i.cmp_lfn           ff.o
    0x080062f0   0x000000d6   Code   RO         9669    i.create_chain      ff.o
    0x080063c6   0x00000002   PAD
    0x080063c8   0x00000230   Code   RO         9670    i.create_name       ff.o
    0x080065f8   0x0000014a   Code   RO         5606    i.cut_between_strs  dwgl_function.o
    0x08006742   0x0000014e   Code   RO         5607    i.cut_between_strs_inverted  dwgl_function.o
    0x08006890   0x0000002e   Code   RO         8294    i.dhcp_arp_reply    dhcp.o
    0x080068be   0x000000e4   Code   RO         8295    i.dhcp_bind         dhcp.o
    0x080069a2   0x00000038   Code   RO         8296    i.dhcp_check        dhcp.o
    0x080069da   0x00000002   PAD
    0x080069dc   0x00000044   Code   RO         8298    i.dhcp_coarse_tmr   dhcp.o
    0x08006a20   0x00000148   Code   RO         8299    i.dhcp_create_msg   dhcp.o
    0x08006b68   0x00000084   Code   RO         8300    i.dhcp_decline      dhcp.o
    0x08006bec   0x00000028   Code   RO         8301    i.dhcp_delete_msg   dhcp.o
    0x08006c14   0x000000c4   Code   RO         8302    i.dhcp_discover     dhcp.o
    0x08006cd8   0x00000044   Code   RO         8303    i.dhcp_fine_tmr     dhcp.o
    0x08006d1c   0x000000a8   Code   RO         8304    i.dhcp_handle_ack   dhcp.o
    0x08006dc4   0x00000038   Code   RO         8305    i.dhcp_handle_nak   dhcp.o
    0x08006dfc   0x0000002c   Code   RO         8306    i.dhcp_handle_offer  dhcp.o
    0x08006e28   0x00000050   Code   RO         8308    i.dhcp_network_changed  dhcp.o
    0x08006e78   0x00000020   Code   RO         8309    i.dhcp_option       dhcp.o
    0x08006e98   0x00000012   Code   RO         8310    i.dhcp_option_byte  dhcp.o
    0x08006eaa   0x00000042   Code   RO         8311    i.dhcp_option_long  dhcp.o
    0x08006eec   0x00000022   Code   RO         8312    i.dhcp_option_short  dhcp.o
    0x08006f0e   0x00000046   Code   RO         8313    i.dhcp_option_trailer  dhcp.o
    0x08006f54   0x00000314   Code   RO         8314    i.dhcp_parse_reply  dhcp.o
    0x08007268   0x00000088   Code   RO         8315    i.dhcp_rebind       dhcp.o
    0x080072f0   0x000000a8   Code   RO         8316    i.dhcp_reboot       dhcp.o
    0x08007398   0x00000100   Code   RO         8317    i.dhcp_recv         dhcp.o
    0x08007498   0x000000a8   Code   RO         8318    i.dhcp_release      dhcp.o
    0x08007540   0x00000086   Code   RO         8319    i.dhcp_renew        dhcp.o
    0x080075c6   0x00000002   PAD
    0x080075c8   0x000000f4   Code   RO         8320    i.dhcp_select       dhcp.o
    0x080076bc   0x00000010   Code   RO         8321    i.dhcp_set_state    dhcp.o
    0x080076cc   0x000000d4   Code   RO         8323    i.dhcp_start        dhcp.o
    0x080077a0   0x0000003a   Code   RO         8324    i.dhcp_stop         dhcp.o
    0x080077da   0x00000020   Code   RO         8325    i.dhcp_t1_timeout   dhcp.o
    0x080077fa   0x00000020   Code   RO         8326    i.dhcp_t2_timeout   dhcp.o
    0x0800781a   0x000000a4   Code   RO         8327    i.dhcp_timeout      dhcp.o
    0x080078be   0x0000005c   Code   RO         9671    i.dir_alloc         ff.o
    0x0800791a   0x000000ea   Code   RO         9672    i.dir_find          ff.o
    0x08007a04   0x0000013a   Code   RO         9673    i.dir_next          ff.o
    0x08007b3e   0x0000012a   Code   RO         9675    i.dir_register      ff.o
    0x08007c68   0x000000c8   Code   RO         9677    i.dir_sdi           ff.o
    0x08007d30   0x0000002a   Code   RO         9609    i.disk_initialize   diskio.o
    0x08007d5a   0x00000002   PAD
    0x08007d5c   0x0000006c   Code   RO         9610    i.disk_ioctl        diskio.o
    0x08007dc8   0x000000b4   Code   RO         9611    i.disk_read         diskio.o
    0x08007e7c   0x0000001c   Code   RO         9612    i.disk_status       diskio.o
    0x08007e98   0x000000ba   Code   RO         9613    i.disk_write        diskio.o
    0x08007f52   0x00000002   PAD
    0x08007f54   0x000004b8   Code   RO         6433    i.display_SD_BMP    dwgl_tft.o
    0x0800840c   0x00000422   Code   RO         6434    i.display_flash_BMP  dwgl_tft.o
    0x0800882e   0x00000002   PAD
    0x08008830   0x0000031c   Code   RO         6435    i.display_flash_BMPE  dwgl_tft.o
    0x08008b4c   0x000000ec   Code   RO         8494    i.dns_check_entry   dns.o
    0x08008c38   0x0000003c   Code   RO         8495    i.dns_compare_name  dns.o
    0x08008c74   0x0000012c   Code   RO         6606    i.dns_demo_test     udp_demo.o
    0x08008da0   0x000000e4   Code   RO         8496    i.dns_enqueue       dns.o
    0x08008e84   0x00000104   Code   RO         8497    i.dns_gethostbyname  dns.o
    0x08008f88   0x00000074   Code   RO         8499    i.dns_init          dns.o
    0x08008ffc   0x0000005c   Code   RO         8500    i.dns_lookup        dns.o
    0x08009058   0x0000002a   Code   RO         8501    i.dns_parse_name    dns.o
    0x08009082   0x00000002   PAD
    0x08009084   0x00000168   Code   RO         8502    i.dns_recv          dns.o
    0x080091ec   0x000000e4   Code   RO         8503    i.dns_send          dns.o
    0x080092d0   0x00000024   Code   RO         8504    i.dns_setserver     dns.o
    0x080092f4   0x0000022c   Code   RO         5608    i.do_area1_get      dwgl_function.o
    0x08009520   0x0000022c   Code   RO         5609    i.do_area2_get      dwgl_function.o
    0x0800974c   0x00000188   Code   RO         5610    i.done_area1_get    dwgl_function.o
    0x080098d4   0x00000188   Code   RO         5611    i.done_area2_get    dwgl_function.o
    0x08009a5c   0x0000062c   Code   RO         6863    i.dwgl_FatInit      dwgl_fat.o
    0x0800a088   0x00000088   Code   RO         5612    i.dwgl_hex_send     dwgl_function.o
    0x0800a110   0x0000010c   Code   RO         9455    i.etharp_arp_input  etharp.o
    0x0800a21c   0x00000038   Code   RO         9456    i.etharp_cleanup_netif  etharp.o
    0x0800a254   0x00000160   Code   RO         9458    i.etharp_find_entry  etharp.o
    0x0800a3b4   0x00000040   Code   RO         9459    i.etharp_free_entry  etharp.o
    0x0800a3f4   0x00000148   Code   RO         9460    i.etharp_output     etharp.o
    0x0800a53c   0x0000006c   Code   RO         9461    i.etharp_output_to_arp_index  etharp.o
    0x0800a5a8   0x0000015c   Code   RO         9462    i.etharp_query      etharp.o
    0x0800a704   0x000000b2   Code   RO         9463    i.etharp_raw        etharp.o
    0x0800a7b6   0x00000002   PAD
    0x0800a7b8   0x0000002c   Code   RO         9464    i.etharp_request    etharp.o
    0x0800a7e4   0x00000038   Code   RO         9465    i.etharp_send_ip    etharp.o
    0x0800a81c   0x0000008c   Code   RO         9466    i.etharp_tmr        etharp.o
    0x0800a8a8   0x000000b8   Code   RO         9467    i.etharp_update_arp_entry  etharp.o
    0x0800a960   0x000000b8   Code   RO         9468    i.ethernet_input    etharp.o
    0x0800aa18   0x00000030   Code   RO         9549    i.ethernetif_init   ethernetif.o
    0x0800aa48   0x0000002a   Code   RO         9550    i.ethernetif_input  ethernetif.o
    0x0800aa72   0x00000020   Code   RO         9679    i.f_close           ff.o
    0x0800aa92   0x0000019a   Code   RO         9682    i.f_lseek           ff.o
    0x0800ac2c   0x00000166   Code   RO         9683    i.f_mkdir           ff.o
    0x0800ad92   0x00000002   PAD
    0x0800ad94   0x00000684   Code   RO         9684    i.f_mkfs            ff.o
    0x0800b418   0x0000005c   Code   RO         9685    i.f_mount           ff.o
    0x0800b474   0x0000017e   Code   RO         9686    i.f_open            ff.o
    0x0800b5f2   0x000001d0   Code   RO         9688    i.f_read            ff.o
    0x0800b7c2   0x000000b0   Code   RO         9692    i.f_sync            ff.o
    0x0800b872   0x0000020c   Code   RO         9696    i.f_write           ff.o
    0x0800ba7e   0x00000002   PAD
    0x0800ba80   0x0000004c   Code   RO         9959    i.ff_convert        ccsbcs.o
    0x0800bacc   0x0000005c   Code   RO         9960    i.ff_wtoupper       ccsbcs.o
    0x0800bb28   0x000003d8   Code   RO         9697    i.find_volume       ff.o
    0x0800bf00   0x00000080   Code   RO         9698    i.fit_lfn           ff.o
    0x0800bf80   0x00000090   Code   RO         9699    i.follow_path       ff.o
    0x0800c010   0x00000024   Code   RO         6906    i.fputc             bsp_debug_usart.o
    0x0800c034   0x00000050   Code   RO        10268    i.free              mc_w.l(malloc.o)
    0x0800c084   0x000000b4   Code   RO         9700    i.gen_numname       ff.o
    0x0800c138   0x0000013e   Code   RO         9701    i.get_fat           ff.o
    0x0800c276   0x00000002   PAD
    0x0800c278   0x00000008   Code   RO         9614    i.get_fattime       diskio.o
    0x0800c280   0x00000094   Code   RO         6607    i.get_input_dns     udp_demo.o
    0x0800c314   0x0000004a   Code   RO         9703    i.get_ldnumber      ff.o
    0x0800c35e   0x00000002   PAD
    0x0800c360   0x00000218   Code   RO         5616    i.http_url_select   dwgl_function.o
    0x0800c578   0x00000012   Code   RO         7972    i.icmp_dest_unreach  icmp.o
    0x0800c58a   0x00000002   PAD
    0x0800c58c   0x0000015c   Code   RO         7973    i.icmp_input        icmp.o
    0x0800c6e8   0x00000070   Code   RO         7974    i.icmp_send_response  icmp.o
    0x0800c758   0x00000012   Code   RO         7975    i.icmp_time_exceeded  icmp.o
    0x0800c76a   0x00000014   Code   RO         8033    i.inet_chksum       inet_chksum.o
    0x0800c77e   0x00000056   Code   RO         8034    i.inet_chksum_pbuf  inet_chksum.o
    0x0800c7d4   0x0000004e   Code   RO         8142    i.ip4_addr_isbroadcast  ip_addr.o
    0x0800c822   0x00000002   PAD
    0x0800c824   0x000001ac   Code   RO         8195    i.ip_frag           ip_frag.o
    0x0800c9d0   0x0000000a   Code   RO         8196    i.ip_frag_alloc_pbuf_custom_ref  ip_frag.o
    0x0800c9da   0x00000012   Code   RO         8197    i.ip_frag_free_pbuf_custom_ref  ip_frag.o
    0x0800c9ec   0x000001b8   Code   RO         8074    i.ip_input          ip.o
    0x0800cba4   0x00000038   Code   RO         8075    i.ip_output         ip.o
    0x0800cbdc   0x000000c4   Code   RO         8076    i.ip_output_if      ip.o
    0x0800cca0   0x0000018c   Code   RO         8198    i.ip_reass          ip_frag.o
    0x0800ce2c   0x00000164   Code   RO         8199    i.ip_reass_chain_frag_into_datagram_and_validate  ip_frag.o
    0x0800cf90   0x0000002c   Code   RO         8200    i.ip_reass_dequeue_datagram  ip_frag.o
    0x0800cfbc   0x00000054   Code   RO         8201    i.ip_reass_enqueue_new_datagram  ip_frag.o
    0x0800d010   0x000000a0   Code   RO         8202    i.ip_reass_free_complete_datagram  ip_frag.o
    0x0800d0b0   0x0000007c   Code   RO         8203    i.ip_reass_remove_oldest_datagram  ip_frag.o
    0x0800d12c   0x00000054   Code   RO         8077    i.ip_route          ip.o
    0x0800d180   0x00000018   Code   RO         8144    i.ipaddr_addr       ip_addr.o
    0x0800d198   0x0000015c   Code   RO         8145    i.ipaddr_aton       ip_addr.o
    0x0800d2f4   0x00000020   Code   RO         8205    i.ipfrag_free_pbuf_custom  ip_frag.o
    0x0800d314   0x000004c8   Code   RO         5617    i.key_task          dwgl_function.o
    0x0800d7dc   0x00000020   Code   RO         9704    i.ld_clust          ff.o
    0x0800d7fc   0x00000098   Code   RO         9551    i.low_level_init    ethernetif.o
    0x0800d894   0x000000e0   Code   RO         9552    i.low_level_input   ethernetif.o
    0x0800d974   0x000000e0   Code   RO         9553    i.low_level_output  ethernetif.o
    0x0800da54   0x000001cc   Code   RO         5429    i.lwip_default_ip_set  netconf.o
    0x0800dc20   0x0000001a   Code   RO         8264    i.lwip_htonl        def.o
    0x0800dc3a   0x0000000c   Code   RO         8265    i.lwip_htons        def.o
    0x0800dc46   0x0000000c   Code   RO         8266    i.lwip_ntohl        def.o
    0x0800dc52   0x0000000c   Code   RO         8267    i.lwip_ntohs        def.o
    0x0800dc5e   0x0000005e   Code   RO         8037    i.lwip_standard_chksum  inet_chksum.o
    0x0800dcbc   0x00000474   Code   RO         5325    i.main              main.o
    0x0800e130   0x000003e4   Code   RO         5618    i.make_area1_get    dwgl_function.o
    0x0800e514   0x000002ac   Code   RO         5619    i.make_area2_get    dwgl_function.o
    0x0800e7c0   0x000000d0   Code   RO         5620    i.make_device_mess  dwgl_function.o
    0x0800e890   0x00000324   Code   RO         5621    i.make_http_InitSoket  dwgl_function.o
    0x0800ebb4   0x00000208   Code   RO         5622    i.make_http_get     dwgl_function.o
    0x0800edbc   0x000002ac   Code   RO         5623    i.make_http_mess    dwgl_function.o
    0x0800f068   0x000002a0   Code   RO         5624    i.make_http_post    dwgl_function.o
    0x0800f308   0x00000160   Code   RO         5625    i.make_soket_10000  dwgl_function.o
    0x0800f468   0x00000130   Code   RO         5626    i.make_soket_10001  dwgl_function.o
    0x0800f598   0x00000270   Code   RO         5627    i.make_soket_10004  dwgl_function.o
    0x0800f808   0x00000278   Code   RO         5628    i.make_soket_10006  dwgl_function.o
    0x0800fa80   0x000000a8   Code   RO         5629    i.make_soket_mess   dwgl_function.o
    0x0800fb28   0x0000006c   Code   RO         5630    i.make_soket_rxok   dwgl_function.o
    0x0800fb94   0x00000020   Code   RO         5631    i.make_udpdebug_mess  dwgl_function.o
    0x0800fbb4   0x0000006c   Code   RO        10269    i.malloc            mc_w.l(malloc.o)
    0x0800fc20   0x00000026   Code   RO         9705    i.mem_cmp           ff.o
    0x0800fc46   0x0000001a   Code   RO         9706    i.mem_cpy           ff.o
    0x0800fc60   0x00000050   Code   RO         8606    i.mem_free          mem.o
    0x0800fcb0   0x0000005c   Code   RO         8607    i.mem_init          mem.o
    0x0800fd0c   0x000000ec   Code   RO         8608    i.mem_malloc        mem.o
    0x0800fdf8   0x00000014   Code   RO         9707    i.mem_set           ff.o
    0x0800fe0c   0x0000012c   Code   RO         8609    i.mem_trim          mem.o
    0x0800ff38   0x00000034   Code   RO         8650    i.memp_free         memp.o
    0x0800ff6c   0x00000064   Code   RO         8651    i.memp_init         memp.o
    0x0800ffd0   0x00000060   Code   RO         8652    i.memp_malloc       memp.o
    0x08010030   0x00000034   Code   RO         9708    i.move_window       ff.o
    0x08010064   0x00000120   Code   RO         6608    i.my_found          udp_demo.o
    0x08010184   0x00000070   Code   RO         8693    i.netif_add         netif.o
    0x080101f4   0x00000028   Code   RO         8697    i.netif_set_addr    netif.o
    0x0801021c   0x0000000c   Code   RO         8698    i.netif_set_default  netif.o
    0x08010228   0x0000002a   Code   RO         8699    i.netif_set_down    netif.o
    0x08010252   0x0000000c   Code   RO         8700    i.netif_set_gw      netif.o
    0x0801025e   0x00000002   PAD
    0x08010260   0x00000078   Code   RO         8701    i.netif_set_ipaddr  netif.o
    0x080102d8   0x00000006   Code   RO         8702    i.netif_set_link_callback  netif.o
    0x080102de   0x0000002a   Code   RO         8703    i.netif_set_link_down  netif.o
    0x08010308   0x00000050   Code   RO         8704    i.netif_set_link_up  netif.o
    0x08010358   0x0000000c   Code   RO         8705    i.netif_set_netmask  netif.o
    0x08010364   0x00000036   Code   RO         8706    i.netif_set_up      netif.o
    0x0801039a   0x00000192   Code   RO         8793    i.pbuf_alloc        pbuf.o
    0x0801052c   0x0000006c   Code   RO         8794    i.pbuf_alloced_custom  pbuf.o
    0x08010598   0x00000038   Code   RO         8795    i.pbuf_cat          pbuf.o
    0x080105d0   0x00000016   Code   RO         8796    i.pbuf_chain        pbuf.o
    0x080105e6   0x00000012   Code   RO         8797    i.pbuf_clen         pbuf.o
    0x080105f8   0x000000c0   Code   RO         8799    i.pbuf_copy         pbuf.o
    0x080106b8   0x00000092   Code   RO         8800    i.pbuf_copy_partial  pbuf.o
    0x0801074a   0x00000086   Code   RO         8802    i.pbuf_free         pbuf.o
    0x080107d0   0x0000007e   Code   RO         8804    i.pbuf_header       pbuf.o
    0x0801084e   0x00000078   Code   RO         8807    i.pbuf_realloc      pbuf.o
    0x080108c6   0x0000000a   Code   RO         8808    i.pbuf_ref          pbuf.o
    0x080108d0   0x00000074   Code   RO         8810    i.pbuf_take         pbuf.o
    0x08010944   0x00000088   Code   RO         8610    i.plug_holes        mem.o
    0x080109cc   0x00000188   Code   RO         9710    i.put_fat           ff.o
    0x08010b54   0x00000074   Code   RO         8909    i.raw_input         raw.o
    0x08010bc8   0x0000006c   Code   RO         9711    i.remove_chain      ff.o
    0x08010c34   0x00000010   Code   RO         9712    i.st_clust          ff.o
    0x08010c44   0x00000020   Code   RO         9713    i.sum_sfn           ff.o
    0x08010c64   0x000000c8   Code   RO         9714    i.sync_fs           ff.o
    0x08010d2c   0x00000052   Code   RO         9715    i.sync_window       ff.o
    0x08010d7e   0x00000002   PAD
    0x08010d80   0x000008b4   Code   RO         5633    i.tcp2_cmd          dwgl_function.o
    0x08011634   0x000003ac   Code   RO         5634    i.tcp2_task         dwgl_function.o
    0x080119e0   0x00000094   Code   RO         8975    i.tcp_abandon       tcp.o
    0x08011a74   0x0000000e   Code   RO         8976    i.tcp_abort         tcp.o
    0x08011a82   0x00000002   PAD
    0x08011a84   0x000000e8   Code   RO         8979    i.tcp_alloc         tcp.o
    0x08011b6c   0x00000004   Code   RO         8980    i.tcp_arg           tcp.o
    0x08011b70   0x0000001c   Code   RO         8982    i.tcp_close         tcp.o
    0x08011b8c   0x000001c8   Code   RO         8983    i.tcp_close_shutdown  tcp.o
    0x08011d54   0x00000154   Code   RO         8984    i.tcp_connect       tcp.o
    0x08011ea8   0x000000ac   Code   RO         9252    i.tcp_create_segment  tcp_out.o
    0x08011f54   0x000000a0   Code   RO         6725    i.tcp_echoclient_connect  tcp_demo.o
    0x08011ff4   0x000001b8   Code   RO         6726    i.tcp_echoclient_connected  tcp_demo.o
    0x080121ac   0x00000030   Code   RO         6727    i.tcp_echoclient_connection_close  tcp_demo.o
    0x080121dc   0x0000003c   Code   RO         6728    i.tcp_echoclient_disconnect  tcp_demo.o
    0x08012218   0x0000003c   Code   RO         6729    i.tcp_echoclient_poll  tcp_demo.o
    0x08012254   0x00000290   Code   RO         6730    i.tcp_echoclient_recv  tcp_demo.o
    0x080124e4   0x00000050   Code   RO         6731    i.tcp_echoclient_send  tcp_demo.o
    0x08012534   0x0000001e   Code   RO         6732    i.tcp_echoclient_sent  tcp_demo.o
    0x08012552   0x0000002e   Code   RO         8986    i.tcp_eff_send_mss  tcp.o
    0x08012580   0x00000110   Code   RO         9253    i.tcp_enqueue_flags  tcp_out.o
    0x08012690   0x00000078   Code   RO         8988    i.tcp_fasttmr       tcp.o
    0x08012708   0x0000047c   Code   RO         9204    i.tcp_input         tcp_in.o
    0x08012b84   0x00000044   Code   RO         9254    i.tcp_keepalive     tcp_out.o
    0x08012bc8   0x00000054   Code   RO         8990    i.tcp_kill_prio     tcp.o
    0x08012c1c   0x0000003c   Code   RO         8991    i.tcp_kill_timewait  tcp.o
    0x08012c58   0x00000130   Code   RO         9205    i.tcp_listen_input  tcp_in.o
    0x08012d88   0x0000000a   Code   RO         8993    i.tcp_new           tcp.o
    0x08012d92   0x00000002   PAD
    0x08012d94   0x00000068   Code   RO         8994    i.tcp_new_port      tcp.o
    0x08012dfc   0x0000001c   Code   RO         8995    i.tcp_next_iss      tcp.o
    0x08012e18   0x000001c0   Code   RO         9255    i.tcp_output        tcp_out.o
    0x08012fd8   0x00000078   Code   RO         9256    i.tcp_output_alloc_header  tcp_out.o
    0x08013050   0x000000d0   Code   RO         9257    i.tcp_output_segment  tcp_out.o
    0x08013120   0x000000b8   Code   RO         9206    i.tcp_parseopt      tcp_in.o
    0x080131d8   0x00000078   Code   RO         9258    i.tcp_pbuf_prealloc  tcp_out.o
    0x08013250   0x00000040   Code   RO         8996    i.tcp_pcb_purge     tcp.o
    0x08013290   0x00000090   Code   RO         8997    i.tcp_pcb_remove    tcp.o
    0x08013320   0x0000000e   Code   RO         8998    i.tcp_poll          tcp.o
    0x0801332e   0x00000002   PAD
    0x08013330   0x0000058c   Code   RO         9207    i.tcp_process       tcp_in.o
    0x080138bc   0x0000008c   Code   RO         8999    i.tcp_process_refused_data  tcp.o
    0x08013948   0x0000063c   Code   RO         9208    i.tcp_receive       tcp_in.o
    0x08013f84   0x00000008   Code   RO         9000    i.tcp_recv          tcp.o
    0x08013f8c   0x0000002e   Code   RO         9001    i.tcp_recv_null     tcp.o
    0x08013fba   0x00000046   Code   RO         9002    i.tcp_recved        tcp.o
    0x08014000   0x0000005a   Code   RO         9259    i.tcp_rexmit        tcp_out.o
    0x0801405a   0x00000070   Code   RO         9260    i.tcp_rexmit_fast   tcp_out.o
    0x080140ca   0x0000003a   Code   RO         9261    i.tcp_rexmit_rto    tcp_out.o
    0x08014104   0x0000007c   Code   RO         9262    i.tcp_rst           tcp_out.o
    0x08014180   0x0000001a   Code   RO         9003    i.tcp_seg_free      tcp.o
    0x0801419a   0x00000018   Code   RO         9004    i.tcp_segs_free     tcp.o
    0x080141b2   0x0000004e   Code   RO         9263    i.tcp_send_empty_ack  tcp_out.o
    0x08014200   0x0000004a   Code   RO         9264    i.tcp_send_fin      tcp_out.o
    0x0801424a   0x00000008   Code   RO         9005    i.tcp_sent          tcp.o
    0x08014252   0x00000002   PAD
    0x08014254   0x00000334   Code   RO         9008    i.tcp_slowtmr       tcp.o
    0x08014588   0x00000002   Code   RO         9349    i.tcp_timer_needed  timers.o
    0x0801458a   0x00000002   PAD
    0x0801458c   0x000000ac   Code   RO         9209    i.tcp_timewait_input  tcp_in.o
    0x08014638   0x00000024   Code   RO         9009    i.tcp_tmr           tcp.o
    0x0801465c   0x0000004e   Code   RO         9010    i.tcp_update_rcv_ann_wnd  tcp.o
    0x080146aa   0x00000384   Code   RO         9265    i.tcp_write         tcp_out.o
    0x08014a2e   0x00000070   Code   RO         9266    i.tcp_write_checks  tcp_out.o
    0x08014a9e   0x000000a4   Code   RO         9267    i.tcp_zero_window_probe  tcp_out.o
    0x08014b42   0x00000002   PAD
    0x08014b44   0x00000210   Code   RO         5635    i.tcpl_cmd          dwgl_function.o
    0x08014d54   0x000004c4   Code   RO         5636    i.tcpl_task         dwgl_function.o
    0x08015218   0x00000234   Code   RO         6437    i.tft_1bitdeep_TXT  dwgl_tft.o
    0x0801544c   0x00000038   Code   RO         6439    i.tft_Clear         dwgl_tft.o
    0x08015484   0x00000092   Code   RO         6440    i.tft_DisplayStr    dwgl_tft.o
    0x08015516   0x00000002   PAD
    0x08015518   0x00000158   Code   RO         6441    i.tft_DisplayStr_debug  dwgl_tft.o
    0x08015670   0x00000098   Code   RO         6443    i.tft_ShowCharE     dwgl_tft.o
    0x08015708   0x000000cc   Code   RO         6445    i.tft_ShowHzE       dwgl_tft.o
    0x080157d4   0x0000002c   Code   RO         6446    i.tft_cs_disable    dwgl_tft.o
    0x08015800   0x0000002c   Code   RO         6447    i.tft_cs_enable     dwgl_tft.o
    0x0801582c   0x0000002c   Code   RO         6448    i.tft_debug_init    dwgl_tft.o
    0x08015858   0x0000005e   Code   RO         5637    i.u16toStr          dwgl_function.o
    0x080158b6   0x00000002   PAD
    0x080158b8   0x00000334   Code   RO         5638    i.udp1_cmd          dwgl_function.o
    0x08015bec   0x00000124   Code   RO         5639    i.udp1_task         dwgl_function.o
    0x08015d10   0x00000080   Code   RO         9361    i.udp_bind          udp.o
    0x08015d90   0x00000064   Code   RO         9362    i.udp_connect       udp.o
    0x08015df4   0x00000024   Code   RO         6609    i.udp_demo_connection_close  udp_demo.o
    0x08015e18   0x0000010c   Code   RO         6610    i.udp_demo_recv     udp_demo.o
    0x08015f24   0x00000098   Code   RO         6611    i.udp_demo_senddata  udp_demo.o
    0x08015fbc   0x000000fc   Code   RO         6612    i.udp_demo_test     udp_demo.o
    0x080160b8   0x00000010   Code   RO         9363    i.udp_disconnect    udp.o
    0x080160c8   0x000001d0   Code   RO         9365    i.udp_input         udp.o
    0x08016298   0x0000001c   Code   RO         9366    i.udp_new           udp.o
    0x080162b4   0x00000058   Code   RO         9367    i.udp_new_port      udp.o
    0x0801630c   0x00000006   Code   RO         9368    i.udp_recv          udp.o
    0x08016312   0x00000002   PAD
    0x08016314   0x00000040   Code   RO         9369    i.udp_remove        udp.o
    0x08016354   0x00000014   Code   RO         9370    i.udp_send          udp.o
    0x08016368   0x0000002e   Code   RO         9371    i.udp_sendto        udp.o
    0x08016396   0x000000ce   Code   RO         9372    i.udp_sendto_if     udp.o
    0x08016464   0x00000032   Code   RO         9716    i.validate          ff.o
    0x08016496   0x000005f0   Data   RO         6210    .constdata          asciilib_65k.o
    0x08016a86   0x00034e00   Data   RO         6235    .constdata          hzlib_65k.o
    0x0804b886   0x00000002   PAD
    0x0804b888   0x00000008   Data   RO         8149    .constdata          ip_addr.o
    0x0804b890   0x00000024   Data   RO         8654    .constdata          memp.o
    0x0804b8b4   0x00000050   Data   RO         9011    .constdata          tcp.o
    0x0804b904   0x0000000c   Data   RO         9470    .constdata          etharp.o
    0x0804b910   0x000000ba   Data   RO         9717    .constdata          ff.o
    0x0804b9ca   0x000008b8   Data   RO         9961    .constdata          ccsbcs.o
    0x0804c282   0x00000081   Data   RO        10346    .constdata          mc_w.l(ctype_o.o)
    0x0804c303   0x00000001   PAD
    0x0804c304   0x00000004   Data   RO        10347    .constdata          mc_w.l(ctype_o.o)
    0x0804c308   0x0000008f   Data   RO         5640    .conststring        dwgl_function.o
    0x0804c397   0x00000001   PAD
    0x0804c398   0x00000075   Data   RO         9012    .conststring        tcp.o
    0x0804c40d   0x00000003   PAD
    0x0804c410   0x00000020   Data   RO        10379    Region$$Table       anon$$obj.o


    Execution Region RW_IRAM1 (Base: 0x20000000, Size: 0x0001b3f8, Max: 0x00030000, ABSOLUTE, COMPRESSED[0x000000fc])

    Base Addr    Size         Type   Attr      Idx    E Section Name        Object

    0x20000000   0x00000014   Data   RW           16    .data               system_stm32f4xx.o
    0x20000014   0x00000010   Data   RW         2994    .data               stm32f4xx_rcc.o
    0x20000024   0x00000019   Data   RW         5431    .data               netconf.o
    0x2000003d   0x00000003   PAD
    0x20000040   0x000000e2   Data   RW         5555    .data               dwgl_global.o
    0x20000122   0x00000002   PAD
    0x20000124   0x00000060   Data   RW         6264    .data               bsp_adc.o
    0x20000184   0x00000004   Data   RW         6323    .data               bsp_spi_flash.o
    0x20000188   0x00000006   Data   RW         6450    .data               dwgl_tft.o
    0x2000018e   0x00000002   PAD
    0x20000190   0x00000004   Data   RW         6572    .data               dwgl_tim.o
    0x20000194   0x00001009   Data   RW         6614    .data               udp_demo.o
    0x2000119d   0x00000003   PAD
    0x200011a0   0x0000000c   Data   RW         6734    .data               tcp_demo.o
    0x200011ac   0x00000008   Data   RW         6865    .data               dwgl_fat.o
    0x200011b4   0x00000004   Data   RW         6981    .data               bsp_systick.o
    0x200011b8   0x00000010   Data   RW         7132    .data               stm32f429_eth.o
    0x200011c8   0x00000006   Data   RW         7585    .data               stm32f429_phy.o
    0x200011ce   0x00000002   PAD
    0x200011d0   0x00000018   Data   RW         7696    .data               bsp_sdio_sd.o
    0x200011e8   0x00000012   Data   RW         8078    .data               ip.o
    0x200011fa   0x00000002   PAD
    0x200011fc   0x00000006   Data   RW         8206    .data               ip_frag.o
    0x20001202   0x00000002   PAD
    0x20001204   0x00000004   Data   RW         8329    .data               dhcp.o
    0x20001208   0x00000014   Data   RW         8507    .data               dns.o
    0x2000121c   0x0000000c   Data   RW         8612    .data               mem.o
    0x20001228   0x00000009   Data   RW         8707    .data               netif.o
    0x20001231   0x00000003   PAD
    0x20001234   0x00000004   Data   RW         8915    .data               raw.o
    0x20001238   0x00000024   Data   RW         9013    .data               tcp.o
    0x2000125c   0x00000020   Data   RW         9211    .data               tcp_in.o
    0x2000127c   0x00000008   Data   RW         9373    .data               udp.o
    0x20001284   0x00000001   Data   RW         9471    .data               etharp.o
    0x20001285   0x00000003   PAD
    0x20001288   0x0000000a   Data   RW         9718    .data               ff.o
    0x20001292   0x00000002   PAD
    0x20001294   0x00000004   Data   RW        10312    .data               mc_w.l(stdout.o)
    0x20001298   0x00000004   Data   RW        10319    .data               mc_w.l(mvars.o)
    0x2000129c   0x00000004   Data   RW        10320    .data               mc_w.l(mvars.o)
    0x200012a0   0x00000004   Data   RW        10324    .data               mc_w.l(errno.o)
    0x200012a4   0x000000c4   Zero   RW         5430    .bss                netconf.o
    0x20001368   0x00003860   Zero   RW         5554    .bss                dwgl_global.o
    0x20004bc8   0x00002c70   Zero   RW         6449    .bss                dwgl_tft.o
    0x20007838   0x00001044   Zero   RW         6613    .bss                udp_demo.o
    0x2000887c   0x0000654c   Zero   RW         6733    .bss                tcp_demo.o
    0x2000edc8   0x0000309c   Zero   RW         6864    .bss                dwgl_fat.o
    0x20011e64   0x000030ac   Zero   RW         7131    .bss                stm32f429_eth.o
    0x20014f10   0x000000bc   Zero   RW         7584    .bss                stm32f429_phy.o
    0x20014fcc   0x00000004   PAD
    0x20014fd0   0x000000cc   Zero   RW         7695    .bss                bsp_sdio_sd.o
    0x2001509c   0x00000032   Zero   RW         8328    .bss                dhcp.o
    0x200150ce   0x00000002   PAD
    0x200150d0   0x00000663   Zero   RW         8506    .bss                dns.o
    0x20015733   0x00002814   Zero   RW         8611    .bss                mem.o
    0x20017f47   0x00000001   PAD
    0x20017f48   0x000021d7   Zero   RW         8653    .bss                memp.o
    0x2001a11f   0x00000001   PAD
    0x2001a120   0x00000010   Zero   RW         9210    .bss                tcp_in.o
    0x2001a130   0x000000c8   Zero   RW         9469    .bss                etharp.o
    0x2001a1f8   0x00000200   Zero   RW            2    HEAP                startup_stm32f429_439xx.o
    0x2001a3f8   0x00001000   Zero   RW            1    STACK               startup_stm32f429_439xx.o


==============================================================================

Image component sizes


      Code (inc. data)   RO Data    RW Data    ZI Data      Debug   Object Name

         0          0       1520          0          0        599   asciilib_65k.o
       936         86          0         96          0       4245   bsp_adc.o
       196         12          0          0          0       1365   bsp_debug_usart.o
        40          4          0          0          0        570   bsp_key.o
       104          8          0          0          0        610   bsp_led.o
      5068        292          0         24        204      26463   bsp_sdio_sd.o
      1086        148          0          4          0       6939   bsp_spi_flash.o
       152         24          0          4          0      28871   bsp_systick.o
       168         14       2232          0          0       2535   ccsbcs.o
        62          0          0          0          0       2332   def.o
      4138         96          0          4         50      24395   dhcp.o
       552          8          0          0          0       5213   diskio.o
      1658        104          0         20       1635      10035   dns.o
       660         20          0          0          0       3801   dwgl_bsp_gpio.o
      1580        758          0          8      12444       5267   dwgl_fat.o
     20642       3758        143          0          0      37040   dwgl_function.o
        64          0          0        226      14432       7649   dwgl_global.o
      4884        128          0          6      11376      17022   dwgl_tft.o
       136         14          0          4          0       1476   dwgl_tim.o
      2592         58          0          0          0       6367   dwgl_wb_lcd.o
      2310         66         12          1        200      14504   etharp.o
       690         48          0          0          0       5046   ethernetif.o
      9244        140        186         10          0      39903   ff.o
         0          0     216576          0          0        584   hzlib_65k.o
       496          8          0          0          0       4326   icmp.o
         0          0          0          0          0       3856   inet.o
       200          0          0          0          0       2853   inet_chksum.o
       776         32          0         18          0      22121   ip.o
       450          6          8          0          0       9186   ip_addr.o
      1652         36          0          6          0      10977   ip_frag.o
      1140        316          0          0          0        975   main.o
       844         68          0         12      10260       5309   mem.o
       248         32         36          0       8663       4189   memp.o
       140         24          0          0          0       1807   misc.o
      1916        580          0         25        196      18691   netconf.o
       532         24          0          9          0       9970   netif.o
      1450          0          0          0          0      11047   pbuf.o
       116         14          0          4          0       1636   raw.o
        36          8        428          0       4608        988   startup_stm32f429_439xx.o
      2280        156          0         16      12460      51601   stm32f429_eth.o
       872         72          0          6        188       9315   stm32f429_phy.o
       436         24          0          0          0       7719   stm32f4xx_adc.o
       586         40          0          0          0       5556   stm32f4xx_dma.o
       372         10          0          0          0       2419   stm32f4xx_fmc.o
       240          0          0          0          0       4039   stm32f4xx_gpio.o
       168         42          0          0          0       4538   stm32f4xx_it.o
       424         54          0         16          0       7102   stm32f4xx_rcc.o
       370         80          0          0          0      11978   stm32f4xx_sdio.o
       112          0          0          0          0       4006   stm32f4xx_spi.o
        12          6          0          0          0        658   stm32f4xx_syscfg.o
       214         28          0          0          0       4186   stm32f4xx_tim.o
       288          8          0          0          0       4354   stm32f4xx_usart.o
       392         32          0         20          0     382645   system_stm32f4xx.o
      3152        174        197         36          0      29865   tcp.o
      1534        352          0         12      25932      15604   tcp_demo.o
      4824        288          0         32         16      16963   tcp_in.o
      3120         10          0          0          0      15955   tcp_out.o
         2          0          0          0          0        515   timers.o
      1166         38          0          8          0      18238   udp.o
      1444        294          0       4105       4164      13745   udp_demo.o

    ----------------------------------------------------------------------
     89044       8642     221376       4756     106836     971763   Object Totals
         0          0         32          0          0          0   (incl. Generated)
        78          0          6         24          8          0   (incl. Padding)

    ----------------------------------------------------------------------

      Code (inc. data)   RO Data    RW Data    ZI Data      Debug   Library Member Name

        86          0          0          0          0          0   __dczerorl2.o
        28          0          0          0          0         68   _chval.o
       158          0          0          0          0         92   _strtoul.o
        26          0          0          0          0         80   atoi.o
         8          4        133          0          0         68   ctype_o.o
         0          0          0          0          0          0   entry.o
         0          0          0          0          0          0   entry10a.o
         0          0          0          0          0          0   entry11a.o
         8          4          0          0          0          0   entry2.o
         4          0          0          0          0          0   entry5.o
         0          0          0          0          0          0   entry7b.o
         0          0          0          0          0          0   entry8b.o
         8          4          0          0          0          0   entry9a.o
         8          4          0          4          0         68   errno.o
        30          0          0          0          0          0   handlers.o
        36          8          0          0          0         68   init.o
        30          0          0          0          0         68   llshl.o
        32          0          0          0          0         68   llushr.o
       188         20          0          0          0        160   malloc.o
        26          0          0          0          0         80   memcmp.o
        36          0          0          0          0         68   memcpya.o
        36          0          0          0          0        108   memseta.o
         0          0          0          8          0          0   mvars.o
       786         62          0          0          0        336   printf5.o
         0          0          0          4          0          0   stdout.o
        24          0          0          0          0         68   strcat.o
        28          0          0          0          0         76   strcmp.o
        14          0          0          0          0         68   strlen.o
       112          0          0          0          0         88   strtol.o
        98          0          0          0          0         92   uldiv.o

    ----------------------------------------------------------------------
      1814        106        134         16          0       1724   Library Totals
         4          0          1          0          0          0   (incl. Padding)

    ----------------------------------------------------------------------

      Code (inc. data)   RO Data    RW Data    ZI Data      Debug   Library Name

      1810        106        133         16          0       1724   mc_w.l

    ----------------------------------------------------------------------
      1814        106        134         16          0       1724   Library Totals

    ----------------------------------------------------------------------

==============================================================================


      Code (inc. data)   RO Data    RW Data    ZI Data      Debug   

     90858       8748     221510       4772     106836     927287   Grand Totals
     90858       8748     221510        252     106836     927287   ELF Image Totals (compressed)
     90858       8748     221510        252          0          0   ROM Totals

==============================================================================

    Total RO  Size (Code + RO Data)               312368 ( 305.05kB)
    Total RW  Size (RW Data + ZI Data)            111608 ( 108.99kB)
    Total ROM Size (Code + RO Data + RW Data)     312620 ( 305.29kB)

==============================================================================

